<html>
<body>
<pre>
<h1>µVision Build Log</h1>
<h2>Tool Versions:</h2>
IDE-Version: ¦ÌVision V5.27.1.0
Copyright (C) 2019 ARM Ltd and ARM Germany GmbH. All rights reserved.
License Information: 1 1, 1, LIC=UJWP0-BWVML-EVP1R-K4LBZ-1JVC3-YE6MT
 
Tool Versions:
Toolchain:       MDK-ARM Plus  Version: 5.27.1.0
Toolchain Path:  C:\Keil_v5\ARM\ARMCC\Bin
C Compiler:      Armcc.exe V5.06 update 6 (build 750)
Assembler:       Armasm.exe V5.06 update 6 (build 750)
Linker/Locator:  ArmLink.exe V5.06 update 6 (build 750)
Library Manager: ArmAr.exe V5.06 update 6 (build 750)
Hex Converter:   FromElf.exe V5.06 update 6 (build 750)
CPU DLL:         SARMCM3.DLL V5.27.1.0
Dialog DLL:      DCM.DLL V1.17.2.0
Target DLL:      CMSIS_AGDI.dll V1.31.17.0
Dialog DLL:      TCM.DLL V1.36.1.0
 
<h2>Project:</h2>
C:\Users\DELL\Desktop\¸¨¿Ø°å7.29\USER\USART.uvprojx
Project File Date:  07/28/2022

<h2>Output:</h2>
*** Using Compiler 'V5.06 update 6 (build 750)', folder: 'C:\Keil_v5\ARM\ARMCC\Bin'
Rebuild target 'USART'
compiling led.c...
compiling Drv_Uwb.c...
compiling key.c...
compiling system_stm32f4xx.c...
compiling beep.c...
compiling Drv_Screen.c...
compiling stm32f4xx_it.c...
stm32f4xx_it.c(156): warning:  #223-D: function "SendBufToFC" declared implicitly
  					SendBufToFC();
stm32f4xx_it.c: 1 warning, 0 errors
compiling timer.c...
compiling Drv_FC.c...
compiling main.c...
compiling User_Task.c...
assembling startup_stm32f40_41xxx.s...
compiling misc.c...
compiling delay.c...
compiling sys.c...
compiling stm32f4xx_gpio.c...
compiling usart.c...
..\SYSTEM\usart\usart.c(369): warning:  #223-D: function "UWB_GetOneByte" declared implicitly
          U3GetOneByte( U3RxDataTmp[U3RxoutCnt++] );
..\SYSTEM\usart\usart.c: 1 warning, 0 errors
compiling stm32f4xx_rcc.c...
compiling stm32f4xx_syscfg.c...
compiling stm32f4xx_usart.c...
compiling stm32f4xx_tim.c...
linking...
Program Size: Code=7764 RO-data=424 RW-data=100 ZI-data=3868  
FromELF: creating hex file...
"..\OBJ\USART.axf" - 0 Error(s), 2 Warning(s).

<h2>Software Packages used:</h2>

Package Vendor: Keil
                http://www.keil.com/pack/Keil.STM32F4xx_DFP.2.13.0.pack
                Keil.STM32F4xx_DFP.2.13.0
                STMicroelectronics STM32F4 Series Device Support, Drivers and Examples

<h2>Collection of Component include folders:</h2>
  .\RTE\_USART
  C:\Users\DELL\AppData\Local\Arm\Packs\Keil\STM32F4xx_DFP\2.13.0\Drivers\CMSIS\Device\ST\STM32F4xx\Include

<h2>Collection of Component Files used:</h2>
Build Time Elapsed:  00:00:04
</pre>
</body>
</html>
