Component: ARM Compiler 5.06 update 6 (build 750) Tool: armlink [4d35ed]

==============================================================================

Section Cross References

    main.o(i.main) refers to delay.o(i.delay_init) for delay_init
    main.o(i.main) refers to user_task.o(i.System_Init) for System_Init
    main.o(i.main) refers to stm32f4xx_gpio.o(i.GPIO_SetBits) for GPIO_SetBits
    stm32f4xx_it.o(i.TIM4_IRQHandler) refers to stm32f4xx_tim.o(i.TIM_GetITStatus) for TIM_GetITStatus
    stm32f4xx_it.o(i.TIM4_IRQHandler) refers to stm32f4xx_tim.o(i.TIM_ClearITPendingBit) for TIM_ClearITPendingBit
    stm32f4xx_it.o(i.TIM4_IRQHandler) refers to user_task.o(i.SendBufToFC) for SendBufToFC
    stm32f4xx_it.o(i.TIM4_IRQHandler) refers to stm32f4xx_it.o(.data) for counter
    stm32f4xx_it.o(i.TIM7_IRQHandler) refers to stm32f4xx_tim.o(i.TIM_GetITStatus) for TIM_GetITStatus
    stm32f4xx_it.o(i.TIM7_IRQHandler) refers to stm32f4xx_tim.o(i.TIM_ClearITPendingBit) for TIM_ClearITPendingBit
    stm32f4xx_it.o(i.TIM7_IRQHandler) refers to usart.o(i.DrvUartDataCheck) for DrvUartDataCheck
    stm32f4xx_it.o(i.TIM7_IRQHandler) refers to stm32f4xx_it.o(.data) for counter
    stm32f4xx_it.o(i.UART4_IRQHandler) refers to usart.o(i.Uart4_IRQ) for Uart4_IRQ
    stm32f4xx_it.o(i.UART5_IRQHandler) refers to usart.o(i.Uart5_IRQ) for Uart5_IRQ
    stm32f4xx_it.o(i.USART1_IRQHandler) refers to usart.o(i.Usart1_IRQ) for Usart1_IRQ
    stm32f4xx_it.o(i.USART2_IRQHandler) refers to usart.o(i.Usart2_IRQ) for Usart2_IRQ
    stm32f4xx_it.o(i.USART3_IRQHandler) refers to usart.o(i.Usart3_IRQ) for Usart3_IRQ
    stm32f4xx_it.o(i.USART6_IRQHandler) refers to usart.o(i.Uart6_IRQ) for Uart6_IRQ
    system_stm32f4xx.o(i.SystemCoreClockUpdate) refers to system_stm32f4xx.o(.data) for SystemCoreClock
    system_stm32f4xx.o(i.SystemInit) refers to system_stm32f4xx.o(i.SetSysClock) for SetSysClock
    user_task.o(i.CheckObject) refers to stm32f4xx_gpio.o(i.GPIO_SetBits) for GPIO_SetBits
    user_task.o(i.CheckObject) refers to stm32f4xx_gpio.o(i.GPIO_ResetBits) for GPIO_ResetBits
    user_task.o(i.CheckObject) refers to stm32f4xx_gpio.o(i.GPIO_ToggleBits) for GPIO_ToggleBits
    user_task.o(i.CheckObject) refers to delay.o(i.delay_ms) for delay_ms
    user_task.o(i.CheckObject) refers to drv_fc.o(.data) for ObjectA
    user_task.o(i.SendBufToFC) refers to delay.o(i.delay_ms) for delay_ms
    user_task.o(i.SendBufToFC) refers to usart.o(i.DrvUart1SendBuf) for DrvUart1SendBuf
    user_task.o(i.SendBufToFC) refers to user_task.o(i.CheckObject) for CheckObject
    user_task.o(i.SendBufToFC) refers to drv_screen.o(i.Assignment) for Assignment
    user_task.o(i.SendBufToFC) refers to user_task.o(.data) for Mission_Start
    user_task.o(i.SendBufToFC) refers to drv_uwb.o(.data) for Label
    user_task.o(i.SendBufToFC) refers to drv_screen.o(.bss) for Screen_Buf
    user_task.o(i.SendBufToFC) refers to drv_screen.o(.data) for Task2
    user_task.o(i.SendBufToFC) refers to drv_fc.o(.bss) for FC_buf
    user_task.o(i.System_Init) refers to timer.o(i.Sys_Timer_Init) for Sys_Timer_Init
    user_task.o(i.System_Init) refers to usart.o(i.DrvUart1Init) for DrvUart1Init
    user_task.o(i.System_Init) refers to usart.o(i.DrvUart2Init) for DrvUart2Init
    user_task.o(i.System_Init) refers to usart.o(i.DrvUart3Init) for DrvUart3Init
    user_task.o(i.System_Init) refers to led.o(i.LED_Init) for LED_Init
    user_task.o(i.System_Init) refers to beep.o(i.BEEP_Init) for BEEP_Init
    user_task.o(i.System_Init) refers to key.o(i.KEY_Init) for KEY_Init
    timer.o(i.Rcev_Timer_Init) refers to stm32f4xx_rcc.o(i.RCC_APB1PeriphClockCmd) for RCC_APB1PeriphClockCmd
    timer.o(i.Rcev_Timer_Init) refers to stm32f4xx_tim.o(i.TIM_DeInit) for TIM_DeInit
    timer.o(i.Rcev_Timer_Init) refers to stm32f4xx_tim.o(i.TIM_TimeBaseInit) for TIM_TimeBaseInit
    timer.o(i.Rcev_Timer_Init) refers to stm32f4xx_tim.o(i.TIM_ClearFlag) for TIM_ClearFlag
    timer.o(i.Rcev_Timer_Init) refers to stm32f4xx_tim.o(i.TIM_ITConfig) for TIM_ITConfig
    timer.o(i.Rcev_Timer_Init) refers to stm32f4xx_tim.o(i.TIM_Cmd) for TIM_Cmd
    timer.o(i.Send_Timer_Init) refers to stm32f4xx_rcc.o(i.RCC_APB1PeriphClockCmd) for RCC_APB1PeriphClockCmd
    timer.o(i.Send_Timer_Init) refers to stm32f4xx_tim.o(i.TIM_DeInit) for TIM_DeInit
    timer.o(i.Send_Timer_Init) refers to stm32f4xx_tim.o(i.TIM_TimeBaseInit) for TIM_TimeBaseInit
    timer.o(i.Send_Timer_Init) refers to stm32f4xx_tim.o(i.TIM_ClearFlag) for TIM_ClearFlag
    timer.o(i.Send_Timer_Init) refers to stm32f4xx_tim.o(i.TIM_ITConfig) for TIM_ITConfig
    timer.o(i.Send_Timer_Init) refers to stm32f4xx_tim.o(i.TIM_Cmd) for TIM_Cmd
    timer.o(i.Sys_Timer_Init) refers to timer.o(i.Rcev_Timer_Init) for Rcev_Timer_Init
    timer.o(i.Sys_Timer_Init) refers to timer.o(i.Send_Timer_Init) for Send_Timer_Init
    timer.o(i.Sys_Timer_Init) refers to timer.o(i.TIM_NVIC) for TIM_NVIC
[...]
    Removing stm32f4xx_rcc.o(i.RCC_PLLCmd), (12 bytes).
    Removing stm32f4xx_rcc.o(i.RCC_PLLConfig), (36 bytes).
    Removing stm32f4xx_rcc.o(i.RCC_PLLI2SCmd), (12 bytes).
    Removing stm32f4xx_rcc.o(i.RCC_PLLI2SConfig), (16 bytes).
    Removing stm32f4xx_rcc.o(i.RCC_PLLSAICmd), (12 bytes).
    Removing stm32f4xx_rcc.o(i.RCC_PLLSAIConfig), (24 bytes).
    Removing stm32f4xx_rcc.o(i.RCC_RTCCLKCmd), (12 bytes).
    Removing stm32f4xx_rcc.o(i.RCC_RTCCLKConfig), (60 bytes).
    Removing stm32f4xx_rcc.o(i.RCC_SAIBlockACLKConfig), (24 bytes).
    Removing stm32f4xx_rcc.o(i.RCC_SAIBlockBCLKConfig), (24 bytes).
    Removing stm32f4xx_rcc.o(i.RCC_SAIPLLI2SClkDivConfig), (28 bytes).
    Removing stm32f4xx_rcc.o(i.RCC_SAIPLLSAIClkDivConfig), (28 bytes).
    Removing stm32f4xx_rcc.o(i.RCC_SYSCLKConfig), (24 bytes).
    Removing stm32f4xx_rcc.o(i.RCC_TIMCLKPresConfig), (12 bytes).
    Removing stm32f4xx_rcc.o(i.RCC_WaitForHSEStartUp), (56 bytes).
    Removing stm32f4xx_syscfg.o(.rev16_text), (4 bytes).
    Removing stm32f4xx_syscfg.o(.revsh_text), (4 bytes).
    Removing stm32f4xx_syscfg.o(i.SYSCFG_CompensationCellCmd), (12 bytes).
    Removing stm32f4xx_syscfg.o(i.SYSCFG_DeInit), (22 bytes).
    Removing stm32f4xx_syscfg.o(i.SYSCFG_ETH_MediaInterfaceConfig), (12 bytes).
    Removing stm32f4xx_syscfg.o(i.SYSCFG_EXTILineConfig), (64 bytes).
    Removing stm32f4xx_syscfg.o(i.SYSCFG_GetCompensationCellStatus), (24 bytes).
    Removing stm32f4xx_syscfg.o(i.SYSCFG_MemoryRemapConfig), (12 bytes).
    Removing stm32f4xx_syscfg.o(i.SYSCFG_MemorySwappingBank), (12 bytes).
    Removing stm32f4xx_usart.o(.rev16_text), (4 bytes).
    Removing stm32f4xx_usart.o(.revsh_text), (4 bytes).
    Removing stm32f4xx_usart.o(i.USART_ClearFlag), (18 bytes).
    Removing stm32f4xx_usart.o(i.USART_ClockStructInit), (12 bytes).
    Removing stm32f4xx_usart.o(i.USART_DMACmd), (18 bytes).
    Removing stm32f4xx_usart.o(i.USART_GetFlagStatus), (26 bytes).
    Removing stm32f4xx_usart.o(i.USART_HalfDuplexCmd), (24 bytes).
    Removing stm32f4xx_usart.o(i.USART_IrDACmd), (24 bytes).
    Removing stm32f4xx_usart.o(i.USART_IrDAConfig), (18 bytes).
    Removing stm32f4xx_usart.o(i.USART_LINBreakDetectLengthConfig), (18 bytes).
    Removing stm32f4xx_usart.o(i.USART_LINCmd), (24 bytes).
    Removing stm32f4xx_usart.o(i.USART_OneBitMethodCmd), (24 bytes).
    Removing stm32f4xx_usart.o(i.USART_OverSampling8Cmd), (22 bytes).
    Removing stm32f4xx_usart.o(i.USART_ReceiveData), (10 bytes).
    Removing stm32f4xx_usart.o(i.USART_ReceiverWakeUpCmd), (24 bytes).
    Removing stm32f4xx_usart.o(i.USART_SendBreak), (10 bytes).
    Removing stm32f4xx_usart.o(i.USART_SendData), (8 bytes).
    Removing stm32f4xx_usart.o(i.USART_SetAddress), (18 bytes).
    Removing stm32f4xx_usart.o(i.USART_SetGuardTime), (16 bytes).
    Removing stm32f4xx_usart.o(i.USART_SetPrescaler), (16 bytes).
    Removing stm32f4xx_usart.o(i.USART_SmartCardCmd), (24 bytes).
    Removing stm32f4xx_usart.o(i.USART_SmartCardNACKCmd), (24 bytes).
    Removing stm32f4xx_usart.o(i.USART_WakeUpConfig), (18 bytes).
    Removing stm32f4xx_tim.o(.rev16_text), (4 bytes).
    Removing stm32f4xx_tim.o(.revsh_text), (4 bytes).
    Removing stm32f4xx_tim.o(i.TI1_Config), (58 bytes).
    Removing stm32f4xx_tim.o(i.TI2_Config), (80 bytes).
    Removing stm32f4xx_tim.o(i.TI3_Config), (72 bytes).
    Removing stm32f4xx_tim.o(i.TI4_Config), (80 bytes).
    Removing stm32f4xx_tim.o(i.TIM_ARRPreloadConfig), (24 bytes).
    Removing stm32f4xx_tim.o(i.TIM_BDTRConfig), (32 bytes).
    Removing stm32f4xx_tim.o(i.TIM_BDTRStructInit), (18 bytes).
    Removing stm32f4xx_tim.o(i.TIM_CCPreloadControl), (24 bytes).
    Removing stm32f4xx_tim.o(i.TIM_CCxCmd), (30 bytes).
    Removing stm32f4xx_tim.o(i.TIM_CCxNCmd), (30 bytes).
    Removing stm32f4xx_tim.o(i.TIM_ClearOC1Ref), (18 bytes).
    Removing stm32f4xx_tim.o(i.TIM_ClearOC2Ref), (24 bytes).
    Removing stm32f4xx_tim.o(i.TIM_ClearOC3Ref), (18 bytes).
    Removing stm32f4xx_tim.o(i.TIM_ClearOC4Ref), (24 bytes).
    Removing stm32f4xx_tim.o(i.TIM_CounterModeConfig), (18 bytes).
    Removing stm32f4xx_tim.o(i.TIM_CtrlPWMOutputs), (30 bytes).
    Removing stm32f4xx_tim.o(i.TIM_DMACmd), (18 bytes).
    Removing stm32f4xx_tim.o(i.TIM_DMAConfig), (10 bytes).
    Removing stm32f4xx_tim.o(i.TIM_ETRClockMode1Config), (54 bytes).
    Removing stm32f4xx_tim.o(i.TIM_ETRClockMode2Config), (32 bytes).
    Removing stm32f4xx_tim.o(i.TIM_ETRConfig), (28 bytes).
    Removing stm32f4xx_tim.o(i.TIM_EncoderInterfaceConfig), (66 bytes).
    Removing stm32f4xx_tim.o(i.TIM_ForcedOC1Config), (18 bytes).
    Removing stm32f4xx_tim.o(i.TIM_ForcedOC2Config), (26 bytes).
    Removing stm32f4xx_tim.o(i.TIM_ForcedOC3Config), (18 bytes).
    Removing stm32f4xx_tim.o(i.TIM_ForcedOC4Config), (26 bytes).
    Removing stm32f4xx_tim.o(i.TIM_GenerateEvent), (4 bytes).
    Removing stm32f4xx_tim.o(i.TIM_GetCapture1), (6 bytes).
    Removing stm32f4xx_tim.o(i.TIM_GetCapture2), (6 bytes).
    Removing stm32f4xx_tim.o(i.TIM_GetCapture3), (6 bytes).
    Removing stm32f4xx_tim.o(i.TIM_GetCapture4), (6 bytes).
    Removing stm32f4xx_tim.o(i.TIM_GetCounter), (6 bytes).
    Removing stm32f4xx_tim.o(i.TIM_GetFlagStatus), (18 bytes).
    Removing stm32f4xx_tim.o(i.TIM_GetPrescaler), (6 bytes).
    Removing stm32f4xx_tim.o(i.TIM_ICInit), (110 bytes).
    Removing stm32f4xx_tim.o(i.TIM_ICStructInit), (18 bytes).
    Removing stm32f4xx_tim.o(i.TIM_ITRxExternalClockConfig), (24 bytes).
    Removing stm32f4xx_tim.o(i.TIM_InternalClockConfig), (12 bytes).
    Removing stm32f4xx_tim.o(i.TIM_OC1FastConfig), (18 bytes).
    Removing stm32f4xx_tim.o(i.TIM_OC1Init), (124 bytes).
    Removing stm32f4xx_tim.o(i.TIM_OC1NPolarityConfig), (18 bytes).
    Removing stm32f4xx_tim.o(i.TIM_OC1PolarityConfig), (18 bytes).
    Removing stm32f4xx_tim.o(i.TIM_OC1PreloadConfig), (18 bytes).
    Removing stm32f4xx_tim.o(i.TIM_OC2FastConfig), (26 bytes).
    Removing stm32f4xx_tim.o(i.TIM_OC2Init), (164 bytes).
    Removing stm32f4xx_tim.o(i.TIM_OC2NPolarityConfig), (26 bytes).
    Removing stm32f4xx_tim.o(i.TIM_OC2PolarityConfig), (26 bytes).
    Removing stm32f4xx_tim.o(i.TIM_OC2PreloadConfig), (26 bytes).
    Removing stm32f4xx_tim.o(i.TIM_OC3FastConfig), (18 bytes).
    Removing stm32f4xx_tim.o(i.TIM_OC3Init), (160 bytes).
    Removing stm32f4xx_tim.o(i.TIM_OC3NPolarityConfig), (26 bytes).
    Removing stm32f4xx_tim.o(i.TIM_OC3PolarityConfig), (26 bytes).
    Removing stm32f4xx_tim.o(i.TIM_OC3PreloadConfig), (18 bytes).
    Removing stm32f4xx_tim.o(i.TIM_OC4FastConfig), (26 bytes).
    Removing stm32f4xx_tim.o(i.TIM_OC4Init), (120 bytes).
    Removing stm32f4xx_tim.o(i.TIM_OC4PolarityConfig), (26 bytes).
    Removing stm32f4xx_tim.o(i.TIM_OC4PreloadConfig), (26 bytes).
    Removing stm32f4xx_tim.o(i.TIM_OCStructInit), (20 bytes).
    Removing stm32f4xx_tim.o(i.TIM_PWMIConfig), (124 bytes).
    Removing stm32f4xx_tim.o(i.TIM_PrescalerConfig), (6 bytes).
    Removing stm32f4xx_tim.o(i.TIM_RemapConfig), (6 bytes).
    Removing stm32f4xx_tim.o(i.TIM_SelectCCDMA), (24 bytes).
    Removing stm32f4xx_tim.o(i.TIM_SelectCOM), (24 bytes).
    Removing stm32f4xx_tim.o(i.TIM_SelectHallSensor), (24 bytes).
    Removing stm32f4xx_tim.o(i.TIM_SelectInputTrigger), (18 bytes).
    Removing stm32f4xx_tim.o(i.TIM_SelectMasterSlaveMode), (18 bytes).
    Removing stm32f4xx_tim.o(i.TIM_SelectOCxM), (86 bytes).
    Removing stm32f4xx_tim.o(i.TIM_SelectOnePulseMode), (18 bytes).
    Removing stm32f4xx_tim.o(i.TIM_SelectOutputTrigger), (18 bytes).
    Removing stm32f4xx_tim.o(i.TIM_SelectSlaveMode), (18 bytes).
    Removing stm32f4xx_tim.o(i.TIM_SetAutoreload), (4 bytes).
    Removing stm32f4xx_tim.o(i.TIM_SetClockDivision), (18 bytes).
    Removing stm32f4xx_tim.o(i.TIM_SetCompare1), (4 bytes).
    Removing stm32f4xx_tim.o(i.TIM_SetCompare2), (4 bytes).
    Removing stm32f4xx_tim.o(i.TIM_SetCompare3), (4 bytes).
    Removing stm32f4xx_tim.o(i.TIM_SetCompare4), (4 bytes).
    Removing stm32f4xx_tim.o(i.TIM_SetCounter), (4 bytes).
    Removing stm32f4xx_tim.o(i.TIM_SetIC1Prescaler), (18 bytes).
    Removing stm32f4xx_tim.o(i.TIM_SetIC2Prescaler), (26 bytes).
    Removing stm32f4xx_tim.o(i.TIM_SetIC3Prescaler), (18 bytes).
    Removing stm32f4xx_tim.o(i.TIM_SetIC4Prescaler), (26 bytes).
    Removing stm32f4xx_tim.o(i.TIM_TIxExternalClockConfig), (62 bytes).
    Removing stm32f4xx_tim.o(i.TIM_TimeBaseStructInit), (18 bytes).
    Removing stm32f4xx_tim.o(i.TIM_UpdateDisableConfig), (24 bytes).
    Removing stm32f4xx_tim.o(i.TIM_UpdateRequestConfig), (24 bytes).

227 unused section(s) (total 6899 bytes) removed from the image.

==============================================================================

Image Symbol Table

    Local Symbols

    Symbol Name                              Value     Ov Type        Size  Object(Section)

    ../clib/angel/boardlib.s                 0x00000000   Number         0  boardinit2.o ABSOLUTE
    ../clib/angel/boardlib.s                 0x00000000   Number         0  boardinit1.o ABSOLUTE
    ../clib/angel/boardlib.s                 0x00000000   Number         0  boardshut.o ABSOLUTE
    ../clib/angel/boardlib.s                 0x00000000   Number         0  boardinit3.o ABSOLUTE
    ../clib/angel/handlers.s                 0x00000000   Number         0  __scatter_zi.o ABSOLUTE
    ../clib/angel/handlers.s                 0x00000000   Number         0  __scatter_copy.o ABSOLUTE
    ../clib/angel/kernel.s                   0x00000000   Number         0  __rtentry.o ABSOLUTE
    ../clib/angel/kernel.s                   0x00000000   Number         0  rtexit.o ABSOLUTE
    ../clib/angel/kernel.s                   0x00000000   Number         0  rtexit2.o ABSOLUTE
    ../clib/angel/kernel.s                   0x00000000   Number         0  __rtentry2.o ABSOLUTE
    ../clib/angel/kernel.s                   0x00000000   Number         0  __rtentry4.o ABSOLUTE
    ../clib/angel/rt.s                       0x00000000   Number         0  rt_raise.o ABSOLUTE
    ../clib/angel/scatter.s                  0x00000000   Number         0  __scatter.o ABSOLUTE
    ../clib/angel/startup.s                  0x00000000   Number         0  __main.o ABSOLUTE
    ../clib/angel/sys.s                      0x00000000   Number         0  use_no_semi.o ABSOLUTE
    ../clib/angel/sys.s                      0x00000000   Number         0  sys_stackheap_outer.o ABSOLUTE
    ../clib/angel/sys.s                      0x00000000   Number         0  libspace.o ABSOLUTE
    ../clib/angel/sys.s                      0x00000000   Number         0  indicate_semi.o ABSOLUTE
    ../clib/angel/sysapp.c                   0x00000000   Number         0  sys_wrch.o ABSOLUTE
    ../clib/angel/sysapp.c                   0x00000000   Number         0  sys_command.o ABSOLUTE
    ../clib/angel/sysapp.c                   0x00000000   Number         0  sys_exit.o ABSOLUTE
    ../clib/armsys.c                         0x00000000   Number         0  _get_argv_nomalloc.o ABSOLUTE
    ../clib/armsys.c                         0x00000000   Number         0  no_argv.o ABSOLUTE
    ../clib/armsys.c                         0x00000000   Number         0  argv_veneer.o ABSOLUTE
    ../clib/armsys.c                         0x00000000   Number         0  argv_veneer.o ABSOLUTE
    ../clib/heapalloc.c                      0x00000000   Number         0  hrguard.o ABSOLUTE
    ../clib/heapaux.c                        0x00000000   Number         0  heapauxi.o ABSOLUTE
    ../clib/libinit.s                        0x00000000   Number         0  libinit.o ABSOLUTE
    ../clib/libinit.s                        0x00000000   Number         0  libinit2.o ABSOLUTE
    ../clib/libinit.s                        0x00000000   Number         0  libshutdown.o ABSOLUTE
    ../clib/libinit.s                        0x00000000   Number         0  libshutdown2.o ABSOLUTE
    ../clib/signal.c                         0x00000000   Number         0  defsig_general.o ABSOLUTE
    ../clib/signal.c                         0x00000000   Number         0  __raise.o ABSOLUTE
    ../clib/signal.c                         0x00000000   Number         0  defsig_rtmem_inner.o ABSOLUTE
    ../clib/signal.c                         0x00000000   Number         0  defsig_exit.o ABSOLUTE
    ../clib/signal.c                         0x00000000   Number         0  defsig_rtmem_outer.o ABSOLUTE
    ../clib/signal.c                         0x00000000   Number         0  defsig_other.o ABSOLUTE
    ../clib/signal.c                         0x00000000   Number         0  defsig_rtmem_formal.o ABSOLUTE
    ../clib/signal.c                         0x00000000   Number         0  defsig_cppl_inner.o ABSOLUTE
    ../clib/signal.c                         0x00000000   Number         0  defsig_pvfn_inner.o ABSOLUTE
    ../clib/signal.c                         0x00000000   Number         0  defsig_stak_inner.o ABSOLUTE
    ../clib/signal.c                         0x00000000   Number         0  defsig_segv_inner.o ABSOLUTE
    ../clib/signal.c                         0x00000000   Number         0  defsig_rtred_inner.o ABSOLUTE
    ../clib/signal.c                         0x00000000   Number         0  defsig_fpe_inner.o ABSOLUTE
    ../clib/signal.c                         0x00000000   Number         0  defsig_abrt_inner.o ABSOLUTE
    ../clib/signal.s                         0x00000000   Number         0  defsig.o ABSOLUTE
    ../clib/stdlib.c                         0x00000000   Number         0  exit.o ABSOLUTE
    ../fplib/fpinit.s                        0x00000000   Number         0  fpinit.o ABSOLUTE
    ..\CORE\startup_stm32f40_41xxx.s         0x00000000   Number         0  startup_stm32f40_41xxx.o ABSOLUTE
    ..\FWLIB\src\misc.c                      0x00000000   Number         0  misc.o ABSOLUTE
    ..\FWLIB\src\stm32f4xx_gpio.c            0x00000000   Number         0  stm32f4xx_gpio.o ABSOLUTE
    ..\FWLIB\src\stm32f4xx_rcc.c             0x00000000   Number         0  stm32f4xx_rcc.o ABSOLUTE
    ..\FWLIB\src\stm32f4xx_syscfg.c          0x00000000   Number         0  stm32f4xx_syscfg.o ABSOLUTE
    ..\FWLIB\src\stm32f4xx_tim.c             0x00000000   Number         0  stm32f4xx_tim.o ABSOLUTE
    ..\FWLIB\src\stm32f4xx_usart.c           0x00000000   Number         0  stm32f4xx_usart.o ABSOLUTE
    ..\HARDWARE\BEEP\beep.c                  0x00000000   Number         0  beep.o ABSOLUTE
    ..\HARDWARE\KEY\key.c                    0x00000000   Number         0  key.o ABSOLUTE
    ..\HARDWARE\LED\led.c                    0x00000000   Number         0  led.o ABSOLUTE
    ..\SYSTEM\delay\delay.c                  0x00000000   Number         0  delay.o ABSOLUTE
    ..\SYSTEM\sys\sys.c                      0x00000000   Number         0  sys.o ABSOLUTE
    ..\SYSTEM\usart\usart.c                  0x00000000   Number         0  usart.o ABSOLUTE
    ..\\FWLIB\\src\\misc.c                   0x00000000   Number         0  misc.o ABSOLUTE
    ..\\FWLIB\\src\\stm32f4xx_gpio.c         0x00000000   Number         0  stm32f4xx_gpio.o ABSOLUTE
    ..\\FWLIB\\src\\stm32f4xx_rcc.c          0x00000000   Number         0  stm32f4xx_rcc.o ABSOLUTE
    ..\\FWLIB\\src\\stm32f4xx_syscfg.c       0x00000000   Number         0  stm32f4xx_syscfg.o ABSOLUTE
    ..\\FWLIB\\src\\stm32f4xx_tim.c          0x00000000   Number         0  stm32f4xx_tim.o ABSOLUTE
    ..\\FWLIB\\src\\stm32f4xx_usart.c        0x00000000   Number         0  stm32f4xx_usart.o ABSOLUTE
    ..\\HARDWARE\\BEEP\\beep.c               0x00000000   Number         0  beep.o ABSOLUTE
    ..\\HARDWARE\\KEY\\key.c                 0x00000000   Number         0  key.o ABSOLUTE
    ..\\HARDWARE\\LED\\led.c                 0x00000000   Number         0  led.o ABSOLUTE
    ..\\SYSTEM\\delay\\delay.c               0x00000000   Number         0  delay.o ABSOLUTE
    ..\\SYSTEM\\sys\\sys.c                   0x00000000   Number         0  sys.o ABSOLUTE
    ..\\SYSTEM\\usart\\usart.c               0x00000000   Number         0  usart.o ABSOLUTE
    Drv_FC.c                                 0x00000000   Number         0  drv_fc.o ABSOLUTE
    Drv_FC.c                                 0x00000000   Number         0  drv_fc.o ABSOLUTE
    Drv_Screen.c                             0x00000000   Number         0  drv_screen.o ABSOLUTE
    Drv_Screen.c                             0x00000000   Number         0  drv_screen.o ABSOLUTE
    Drv_Uwb.c                                0x00000000   Number         0  drv_uwb.o ABSOLUTE
    Drv_Uwb.c                                0x00000000   Number         0  drv_uwb.o ABSOLUTE
    User_Task.c                              0x00000000   Number         0  user_task.o ABSOLUTE
    User_Task.c                              0x00000000   Number         0  user_task.o ABSOLUTE
    dc.s                                     0x00000000   Number         0  dc.o ABSOLUTE
    main.c                                   0x00000000   Number         0  main.o ABSOLUTE
    main.c                                   0x00000000   Number         0  main.o ABSOLUTE
    stm32f4xx_it.c                           0x00000000   Number         0  stm32f4xx_it.o ABSOLUTE
    stm32f4xx_it.c                           0x00000000   Number         0  stm32f4xx_it.o ABSOLUTE
    system_stm32f4xx.c                       0x00000000   Number         0  system_stm32f4xx.o ABSOLUTE
    system_stm32f4xx.c                       0x00000000   Number         0  system_stm32f4xx.o ABSOLUTE
    timer.c                                  0x00000000   Number         0  timer.o ABSOLUTE
    timer.c                                  0x00000000   Number         0  timer.o ABSOLUTE
    RESET                                    0x08000000   Section      392  startup_stm32f40_41xxx.o(RESET)
    !!!main                                  0x08000188   Section        8  __main.o(!!!main)
    !!!scatter                               0x08000190   Section       52  __scatter.o(!!!scatter)
    !!handler_copy                           0x080001c4   Section       26  __scatter_copy.o(!!handler_copy)
    !!handler_zi                             0x080001e0   Section       28  __scatter_zi.o(!!handler_zi)
    .ARM.Collect$$libinit$$00000000          0x080001fc   Section        2  libinit.o(.ARM.Collect$$libinit$$00000000)
    .ARM.Collect$$libinit$$00000001          0x080001fe   Section        4  libinit2.o(.ARM.Collect$$libinit$$00000001)
    .ARM.Collect$$libinit$$00000004          0x08000202   Section        0  libinit2.o(.ARM.Collect$$libinit$$00000004)
    .ARM.Collect$$libinit$$0000000A          0x08000202   Section        0  libinit2.o(.ARM.Collect$$libinit$$0000000A)
    .ARM.Collect$$libinit$$0000000C          0x08000202   Section        0  libinit2.o(.ARM.Collect$$libinit$$0000000C)
    .ARM.Collect$$libinit$$0000000E          0x08000202   Section        0  libinit2.o(.ARM.Collect$$libinit$$0000000E)
    .ARM.Collect$$libinit$$00000011          0x08000202   Section        0  libinit2.o(.ARM.Collect$$libinit$$00000011)
    .ARM.Collect$$libinit$$00000013          0x08000202   Section        0  libinit2.o(.ARM.Collect$$libinit$$00000013)
    .ARM.Collect$$libinit$$00000015          0x08000202   Section        0  libinit2.o(.ARM.Collect$$libinit$$00000015)
    .ARM.Collect$$libinit$$00000017          0x08000202   Section        0  libinit2.o(.ARM.Collect$$libinit$$00000017)
    .ARM.Collect$$libinit$$00000019          0x08000202   Section        0  libinit2.o(.ARM.Collect$$libinit$$00000019)
    .ARM.Collect$$libinit$$0000001B          0x08000202   Section        0  libinit2.o(.ARM.Collect$$libinit$$0000001B)
    .ARM.Collect$$libinit$$0000001D          0x08000202   Section        0  libinit2.o(.ARM.Collect$$libinit$$0000001D)
    .ARM.Collect$$libinit$$0000001F          0x08000202   Section        0  libinit2.o(.ARM.Collect$$libinit$$0000001F)
    .ARM.Collect$$libinit$$00000021          0x08000202   Section        0  libinit2.o(.ARM.Collect$$libinit$$00000021)
    .ARM.Collect$$libinit$$00000023          0x08000202   Section        0  libinit2.o(.ARM.Collect$$libinit$$00000023)
    .ARM.Collect$$libinit$$00000025          0x08000202   Section        0  libinit2.o(.ARM.Collect$$libinit$$00000025)
    .ARM.Collect$$libinit$$0000002C          0x08000202   Section        0  libinit2.o(.ARM.Collect$$libinit$$0000002C)
    .ARM.Collect$$libinit$$0000002E          0x08000202   Section        0  libinit2.o(.ARM.Collect$$libinit$$0000002E)
    .ARM.Collect$$libinit$$00000030          0x08000202   Section        0  libinit2.o(.ARM.Collect$$libinit$$00000030)
    .ARM.Collect$$libinit$$00000032          0x08000202   Section        0  libinit2.o(.ARM.Collect$$libinit$$00000032)
    .ARM.Collect$$libinit$$00000033          0x08000202   Section        2  libinit2.o(.ARM.Collect$$libinit$$00000033)
    .ARM.Collect$$libshutdown$$00000000      0x08000204   Section        2  libshutdown.o(.ARM.Collect$$libshutdown$$00000000)
    .ARM.Collect$$libshutdown$$00000002      0x08000206   Section        0  libshutdown2.o(.ARM.Collect$$libshutdown$$00000002)
    .ARM.Collect$$libshutdown$$00000004      0x08000206   Section        0  libshutdown2.o(.ARM.Collect$$libshutdown$$00000004)
    .ARM.Collect$$libshutdown$$00000007      0x08000206   Section        0  libshutdown2.o(.ARM.Collect$$libshutdown$$00000007)
    .ARM.Collect$$libshutdown$$0000000A      0x08000206   Section        0  libshutdown2.o(.ARM.Collect$$libshutdown$$0000000A)
    .ARM.Collect$$libshutdown$$0000000C      0x08000206   Section        0  libshutdown2.o(.ARM.Collect$$libshutdown$$0000000C)
    .ARM.Collect$$libshutdown$$0000000F      0x08000206   Section        0  libshutdown2.o(.ARM.Collect$$libshutdown$$0000000F)
    .ARM.Collect$$libshutdown$$00000010      0x08000206   Section        2  libshutdown2.o(.ARM.Collect$$libshutdown$$00000010)
    .ARM.Collect$$rtentry$$00000000          0x08000208   Section        0  __rtentry.o(.ARM.Collect$$rtentry$$00000000)
    .ARM.Collect$$rtentry$$00000002          0x08000208   Section        0  __rtentry2.o(.ARM.Collect$$rtentry$$00000002)
    .ARM.Collect$$rtentry$$00000004          0x08000208   Section        6  __rtentry4.o(.ARM.Collect$$rtentry$$00000004)
    .ARM.Collect$$rtentry$$00000009          0x0800020e   Section        0  __rtentry2.o(.ARM.Collect$$rtentry$$00000009)
    .ARM.Collect$$rtentry$$0000000A          0x0800020e   Section        4  __rtentry2.o(.ARM.Collect$$rtentry$$0000000A)
    .ARM.Collect$$rtentry$$0000000C          0x08000212   Section        0  __rtentry2.o(.ARM.Collect$$rtentry$$0000000C)
    .ARM.Collect$$rtentry$$0000000D          0x08000212   Section        8  __rtentry2.o(.ARM.Collect$$rtentry$$0000000D)
    .ARM.Collect$$rtexit$$00000000           0x0800021a   Section        2  rtexit.o(.ARM.Collect$$rtexit$$00000000)
    .ARM.Collect$$rtexit$$00000002           0x0800021c   Section        0  rtexit2.o(.ARM.Collect$$rtexit$$00000002)
    .ARM.Collect$$rtexit$$00000003           0x0800021c   Section        4  rtexit2.o(.ARM.Collect$$rtexit$$00000003)
    .ARM.Collect$$rtexit$$00000004           0x08000220   Section        6  rtexit2.o(.ARM.Collect$$rtexit$$00000004)
    .text                                    0x08000228   Section       64  startup_stm32f40_41xxx.o(.text)
    $v0                                      0x08000228   Number         0  startup_stm32f40_41xxx.o(.text)
    .text                                    0x08000268   Section        0  heapauxi.o(.text)
    .text                                    0x0800026e   Section       74  sys_stackheap_outer.o(.text)
    .text                                    0x080002b8   Section        0  exit.o(.text)
    .text                                    0x080002cc   Section        8  libspace.o(.text)
    .text                                    0x080002d4   Section        0  sys_exit.o(.text)
    .text                                    0x080002e0   Section        2  use_no_semi.o(.text)
    .text                                    0x080002e2   Section        0  indicate_semi.o(.text)
    i.Assignment                             0x080002e2   Section        0  drv_screen.o(i.Assignment)
    i.BEEP_Init                              0x080002f4   Section        0  beep.o(i.BEEP_Init)
    i.BusFault_Handler                       0x08000334   Section        0  stm32f4xx_it.o(i.BusFault_Handler)
    i.CheckObject                            0x08000338   Section        0  user_task.o(i.CheckObject)
    i.Compare                                0x080003f4   Section        0  drv_screen.o(i.Compare)
    i.DebugMon_Handler                       0x08000416   Section        0  stm32f4xx_it.o(i.DebugMon_Handler)
    i.DrvUart1Init                           0x08000418   Section        0  usart.o(i.DrvUart1Init)
    i.DrvUart1SendBuf                        0x08000518   Section        0  usart.o(i.DrvUart1SendBuf)
    i.DrvUart2Init                           0x08000560   Section        0  usart.o(i.DrvUart2Init)
    i.DrvUart3Init                           0x08000654   Section        0  usart.o(i.DrvUart3Init)
    i.DrvUartDataCheck                       0x0800074c   Section        0  usart.o(i.DrvUartDataCheck)
    i.FC_Data_Analysis                       0x08000768   Section        0  drv_fc.o(i.FC_Data_Analysis)
    FC_Data_Analysis                         0x08000769   Thumb Code    30  drv_fc.o(i.FC_Data_Analysis)
    i.FC_GetOneByte                          0x08000794   Section        0  drv_fc.o(i.FC_GetOneByte)
    i.GPIO_Init                              0x08000864   Section        0  stm32f4xx_gpio.o(i.GPIO_Init)
    i.GPIO_PinAFConfig                       0x080008f4   Section        0  stm32f4xx_gpio.o(i.GPIO_PinAFConfig)
    i.GPIO_ResetBits                         0x0800093a   Section        0  stm32f4xx_gpio.o(i.GPIO_ResetBits)
    i.GPIO_SetBits                           0x0800093e   Section        0  stm32f4xx_gpio.o(i.GPIO_SetBits)
    i.GPIO_ToggleBits                        0x08000942   Section        0  stm32f4xx_gpio.o(i.GPIO_ToggleBits)
    i.HardFault_Handler                      0x0800094a   Section        0  stm32f4xx_it.o(i.HardFault_Handler)
    i.KEY_Init                               0x08000950   Section        0  key.o(i.KEY_Init)
    i.LED_Init                               0x08000994   Section        0  led.o(i.LED_Init)
    i.MemManage_Handler                      0x080009d4   Section        0  stm32f4xx_it.o(i.MemManage_Handler)
    i.NMI_Handler                            0x080009d8   Section        0  stm32f4xx_it.o(i.NMI_Handler)
    i.NVIC_Init                              0x080009dc   Section        0  misc.o(i.NVIC_Init)
    i.NoUse                                  0x08000a54   Section        0  usart.o(i.NoUse)
    i.PendSV_Handler                         0x08000a56   Section        0  stm32f4xx_it.o(i.PendSV_Handler)
    i.RCC_AHB1PeriphClockCmd                 0x08000a58   Section        0  stm32f4xx_rcc.o(i.RCC_AHB1PeriphClockCmd)
    i.RCC_APB1PeriphClockCmd                 0x08000a78   Section        0  stm32f4xx_rcc.o(i.RCC_APB1PeriphClockCmd)
    i.RCC_APB1PeriphResetCmd                 0x08000a98   Section        0  stm32f4xx_rcc.o(i.RCC_APB1PeriphResetCmd)
    i.RCC_APB2PeriphClockCmd                 0x08000ab8   Section        0  stm32f4xx_rcc.o(i.RCC_APB2PeriphClockCmd)
    i.RCC_APB2PeriphResetCmd                 0x08000ad8   Section        0  stm32f4xx_rcc.o(i.RCC_APB2PeriphResetCmd)
    i.RCC_GetClocksFreq                      0x08000af8   Section        0  stm32f4xx_rcc.o(i.RCC_GetClocksFreq)
    i.Rcev_Timer_Init                        0x08000be0   Section        0  timer.o(i.Rcev_Timer_Init)
    Rcev_Timer_Init                          0x08000be1   Thumb Code    80  timer.o(i.Rcev_Timer_Init)
    i.SVC_Handler                            0x08000c34   Section        0  stm32f4xx_it.o(i.SVC_Handler)
    i.Screen_Data_Analysis                   0x08000c38   Section        0  drv_screen.o(i.Screen_Data_Analysis)
    i.Screen_GetOneByte                      0x08000c84   Section        0  drv_screen.o(i.Screen_GetOneByte)
    i.SendBufToFC                            0x08000e2c   Section        0  user_task.o(i.SendBufToFC)
    i.Send_Timer_Init                        0x08001010   Section        0  timer.o(i.Send_Timer_Init)
    Send_Timer_Init                          0x08001011   Thumb Code    80  timer.o(i.Send_Timer_Init)
    i.SetSysClock                            0x08001064   Section        0  system_stm32f4xx.o(i.SetSysClock)
    SetSysClock                              0x08001065   Thumb Code   220  system_stm32f4xx.o(i.SetSysClock)
    i.SysTick_CLKSourceConfig                0x08001150   Section        0  misc.o(i.SysTick_CLKSourceConfig)
    i.SysTick_Handler                        0x08001178   Section        0  stm32f4xx_it.o(i.SysTick_Handler)
    i.Sys_Timer_Init                         0x0800117a   Section        0  timer.o(i.Sys_Timer_Init)
    i.SystemInit                             0x080011a4   Section        0  system_stm32f4xx.o(i.SystemInit)
    i.System_Init                            0x0800120c   Section        0  user_task.o(i.System_Init)
    i.TIM4_IRQHandler                        0x08001260   Section        0  stm32f4xx_it.o(i.TIM4_IRQHandler)
    i.TIM7_IRQHandler                        0x08001298   Section        0  stm32f4xx_it.o(i.TIM7_IRQHandler)
    i.TIM_ClearFlag                          0x080012d0   Section        0  stm32f4xx_tim.o(i.TIM_ClearFlag)
    i.TIM_ClearITPendingBit                  0x080012d6   Section        0  stm32f4xx_tim.o(i.TIM_ClearITPendingBit)
    i.TIM_Cmd                                0x080012dc   Section        0  stm32f4xx_tim.o(i.TIM_Cmd)
    i.TIM_DeInit                             0x080012f4   Section        0  stm32f4xx_tim.o(i.TIM_DeInit)
    i.TIM_GetITStatus                        0x08001484   Section        0  stm32f4xx_tim.o(i.TIM_GetITStatus)
    i.TIM_ITConfig                           0x080014a6   Section        0  stm32f4xx_tim.o(i.TIM_ITConfig)
    i.TIM_NVIC                               0x080014b8   Section        0  timer.o(i.TIM_NVIC)
    TIM_NVIC                                 0x080014b9   Thumb Code    62  timer.o(i.TIM_NVIC)
    i.TIM_TimeBaseInit                       0x080014f8   Section        0  stm32f4xx_tim.o(i.TIM_TimeBaseInit)
    i.UART4_IRQHandler                       0x0800157c   Section        0  stm32f4xx_it.o(i.UART4_IRQHandler)
    i.UART5_IRQHandler                       0x08001584   Section        0  stm32f4xx_it.o(i.UART5_IRQHandler)
    i.USART1_IRQHandler                      0x0800158c   Section        0  stm32f4xx_it.o(i.USART1_IRQHandler)
    i.USART2_IRQHandler                      0x08001594   Section        0  stm32f4xx_it.o(i.USART2_IRQHandler)
    i.USART3_IRQHandler                      0x0800159c   Section        0  stm32f4xx_it.o(i.USART3_IRQHandler)
    i.USART6_IRQHandler                      0x080015a4   Section        0  stm32f4xx_it.o(i.USART6_IRQHandler)
    i.USART_ClearITPendingBit                0x080015ac   Section        0  stm32f4xx_usart.o(i.USART_ClearITPendingBit)
    i.USART_ClockInit                        0x080015ca   Section        0  stm32f4xx_usart.o(i.USART_ClockInit)
    i.USART_Cmd                              0x080015ea   Section        0  stm32f4xx_usart.o(i.USART_Cmd)
    i.USART_DeInit                           0x08001604   Section        0  stm32f4xx_usart.o(i.USART_DeInit)
    i.USART_GetITStatus                      0x080016f4   Section        0  stm32f4xx_usart.o(i.USART_GetITStatus)
    i.USART_ITConfig                         0x08001748   Section        0  stm32f4xx_usart.o(i.USART_ITConfig)
    i.USART_Init                             0x08001794   Section        0  stm32f4xx_usart.o(i.USART_Init)
    i.USART_StructInit                       0x08001868   Section        0  stm32f4xx_usart.o(i.USART_StructInit)
    i.UWB_Data_Analysis                      0x08001880   Section        0  drv_uwb.o(i.UWB_Data_Analysis)
    UWB_Data_Analysis                        0x08001881   Thumb Code    40  drv_uwb.o(i.UWB_Data_Analysis)
    i.UWB_GetOneByte                         0x080018b0   Section        0  drv_uwb.o(i.UWB_GetOneByte)
    i.Uart4_IRQ                              0x08001960   Section        0  usart.o(i.Uart4_IRQ)
    i.Uart5_IRQ                              0x080019e8   Section        0  usart.o(i.Uart5_IRQ)
    i.Uart6_IRQ                              0x08001a68   Section        0  usart.o(i.Uart6_IRQ)
    i.UsageFault_Handler                     0x08001af0   Section        0  stm32f4xx_it.o(i.UsageFault_Handler)
    i.Usart1_IRQ                             0x08001af4   Section        0  usart.o(i.Usart1_IRQ)
    i.Usart2_IRQ                             0x08001b74   Section        0  usart.o(i.Usart2_IRQ)
    i.Usart3_IRQ                             0x08001bfc   Section        0  usart.o(i.Usart3_IRQ)
    i.delay_init                             0x08001c84   Section        0  delay.o(i.delay_init)
    i.delay_ms                               0x08001cc0   Section        0  delay.o(i.delay_ms)
    i.delay_xms                              0x08001cf8   Section        0  delay.o(i.delay_xms)
    i.drvU1DataCheck                         0x08001d44   Section        0  usart.o(i.drvU1DataCheck)
    i.drvU1GetByte                           0x08001d84   Section        0  usart.o(i.drvU1GetByte)
    i.drvU2DataCheck                         0x08001dac   Section        0  usart.o(i.drvU2DataCheck)
    i.drvU2GetByte                           0x08001dec   Section        0  usart.o(i.drvU2GetByte)
    i.drvU3DataCheck                         0x08001e14   Section        0  usart.o(i.drvU3DataCheck)
    i.drvU3GetByte                           0x08001e54   Section        0  usart.o(i.drvU3GetByte)
    i.drvU4DataCheck                         0x08001e7c   Section        0  usart.o(i.drvU4DataCheck)
    i.drvU4GetByte                           0x08001ebc   Section        0  usart.o(i.drvU4GetByte)
    i.drvU5DataCheck                         0x08001ee4   Section        0  usart.o(i.drvU5DataCheck)
    i.drvU5GetByte                           0x08001f24   Section        0  usart.o(i.drvU5GetByte)
    i.drvU6DataCheck                         0x08001f4c   Section        0  usart.o(i.drvU6DataCheck)
    i.drvU6GetByte                           0x08001f8c   Section        0  usart.o(i.drvU6GetByte)
    i.main                                   0x08001fb4   Section        0  main.o(i.main)
    x$fpl$fpinit                             0x08001fd0   Section       10  fpinit.o(x$fpl$fpinit)
    $v0                                      0x08001fd0   Number         0  fpinit.o(x$fpl$fpinit)
    .data                                    0x20000000   Section        6  stm32f4xx_it.o(.data)
    counter                                  0x20000002   Data           2  stm32f4xx_it.o(.data)
    counter                                  0x20000004   Data           2  stm32f4xx_it.o(.data)
    .data                                    0x20000006   Section       28  user_task.o(.data)
    .data                                    0x20000022   Section        7  drv_screen.o(.data)
    rec_sta                                  0x20000027   Data           1  drv_screen.o(.data)
    objtype                                  0x20000028   Data           1  drv_screen.o(.data)
    .data                                    0x20000029   Section        6  drv_fc.o(.data)
    rec_sta                                  0x2000002d   Data           1  drv_fc.o(.data)
    objtype                                  0x2000002e   Data           1  drv_fc.o(.data)
    .data                                    0x2000002f   Section        7  drv_uwb.o(.data)
    rec_sta                                  0x20000034   Data           1  drv_uwb.o(.data)
    objtype                                  0x20000035   Data           1  drv_uwb.o(.data)
    .data                                    0x20000036   Section        4  delay.o(.data)
    fac_us                                   0x20000036   Data           1  delay.o(.data)
    fac_ms                                   0x20000038   Data           2  delay.o(.data)
    .data                                    0x2000003a   Section       24  usart.o(.data)
    .data                                    0x20000052   Section       16  stm32f4xx_rcc.o(.data)
    APBAHBPrescTable                         0x20000052   Data          16  stm32f4xx_rcc.o(.data)
    .bss                                     0x20000064   Section       40  drv_screen.o(.bss)
    .bss                                     0x2000008c   Section       40  drv_fc.o(.bss)
    .bss                                     0x200000b4   Section       20  drv_uwb.o(.bss)
    .bss                                     0x200000c8   Section     2136  usart.o(.bss)
    .bss                                     0x20000920   Section       96  libspace.o(.bss)
    HEAP                                     0x20000980   Section      512  startup_stm32f40_41xxx.o(HEAP)
    Heap_Mem                                 0x20000980   Data         512  startup_stm32f40_41xxx.o(HEAP)
    STACK                                    0x20000b80   Section     1024  startup_stm32f40_41xxx.o(STACK)
    Stack_Mem                                0x20000b80   Data        1024  startup_stm32f40_41xxx.o(STACK)
    __initial_sp                             0x20000f80   Data           0  startup_stm32f40_41xxx.o(STACK)

    Global Symbols

    Symbol Name                              Value     Ov Type        Size  Object(Section)

    BuildAttributes$$THM_ISAv4$E$P$D$K$B$S$7EM$VFPi3$EXTD16$VFPS$VFMA$PE$A:L22UL41UL21$X:L11$S22US41US21$IEEE1$IW$USESV6$~STKCKD$USESV7$~SHL$OSPACE$ROPI$EBA8$UX$STANDARDLIB$REQ8$PRES8$EABIv2 0x00000000   Number         0  anon$$obj.o ABSOLUTE
    __ARM_use_no_argv                        0x00000000   Number         0  main.o ABSOLUTE
    __ARM_exceptions_init                     - Undefined Weak Reference
    __alloca_initialize                       - Undefined Weak Reference
    __arm_preinit_                            - Undefined Weak Reference
    __cpp_initialize__aeabi_                  - Undefined Weak Reference
    __cxa_finalize                            - Undefined Weak Reference
    __rt_locale                               - Undefined Weak Reference
    __sigvec_lookup                           - Undefined Weak Reference
    _atexit_init                              - Undefined Weak Reference
    _call_atexit_fns                          - Undefined Weak Reference
    _clock_init                               - Undefined Weak Reference
    _fp_trap_init                             - Undefined Weak Reference
    _fp_trap_shutdown                         - Undefined Weak Reference
    _get_lc_collate                           - Undefined Weak Reference
    _get_lc_ctype                             - Undefined Weak Reference
    _get_lc_monetary                          - Undefined Weak Reference
    _get_lc_numeric                           - Undefined Weak Reference
    _get_lc_time                              - Undefined Weak Reference
    _getenv_init                              - Undefined Weak Reference
    _handle_redirection                       - Undefined Weak Reference
    _init_alloc                               - Undefined Weak Reference
    _init_user_alloc                          - Undefined Weak Reference
    _initio                                   - Undefined Weak Reference
    _rand_init                                - Undefined Weak Reference
    _signal_finish                            - Undefined Weak Reference
    _signal_init                              - Undefined Weak Reference
    _terminate_alloc                          - Undefined Weak Reference
    _terminate_user_alloc                     - Undefined Weak Reference
    _terminateio                              - Undefined Weak Reference
    __Vectors_Size                           0x00000188   Number         0  startup_stm32f40_41xxx.o ABSOLUTE
    __Vectors                                0x08000000   Data           4  startup_stm32f40_41xxx.o(RESET)
    __Vectors_End                            0x08000188   Data           0  startup_stm32f40_41xxx.o(RESET)
    __main                                   0x08000189   Thumb Code     8  __main.o(!!!main)
    __scatterload                            0x08000191   Thumb Code     0  __scatter.o(!!!scatter)
    __scatterload_rt2                        0x08000191   Thumb Code    44  __scatter.o(!!!scatter)
    __scatterload_rt2_thumb_only             0x08000191   Thumb Code     0  __scatter.o(!!!scatter)
    __scatterload_null                       0x0800019f   Thumb Code     0  __scatter.o(!!!scatter)
    __scatterload_copy                       0x080001c5   Thumb Code    26  __scatter_copy.o(!!handler_copy)
    __scatterload_zeroinit                   0x080001e1   Thumb Code    28  __scatter_zi.o(!!handler_zi)
    __rt_lib_init                            0x080001fd   Thumb Code     0  libinit.o(.ARM.Collect$$libinit$$00000000)
    __rt_lib_init_fp_1                       0x080001ff   Thumb Code     0  libinit2.o(.ARM.Collect$$libinit$$00000001)
    __rt_lib_init_alloca_1                   0x08000203   Thumb Code     0  libinit2.o(.ARM.Collect$$libinit$$0000002E)
    __rt_lib_init_argv_1                     0x08000203   Thumb Code     0  libinit2.o(.ARM.Collect$$libinit$$0000002C)
    __rt_lib_init_atexit_1                   0x08000203   Thumb Code     0  libinit2.o(.ARM.Collect$$libinit$$0000001B)
    __rt_lib_init_clock_1                    0x08000203   Thumb Code     0  libinit2.o(.ARM.Collect$$libinit$$00000021)
    __rt_lib_init_cpp_1                      0x08000203   Thumb Code     0  libinit2.o(.ARM.Collect$$libinit$$00000032)
    __rt_lib_init_exceptions_1               0x08000203   Thumb Code     0  libinit2.o(.ARM.Collect$$libinit$$00000030)
    __rt_lib_init_fp_trap_1                  0x08000203   Thumb Code     0  libinit2.o(.ARM.Collect$$libinit$$0000001F)
    __rt_lib_init_getenv_1                   0x08000203   Thumb Code     0  libinit2.o(.ARM.Collect$$libinit$$00000023)
    __rt_lib_init_heap_1                     0x08000203   Thumb Code     0  libinit2.o(.ARM.Collect$$libinit$$0000000A)
    __rt_lib_init_lc_collate_1               0x08000203   Thumb Code     0  libinit2.o(.ARM.Collect$$libinit$$00000011)
    __rt_lib_init_lc_ctype_1                 0x08000203   Thumb Code     0  libinit2.o(.ARM.Collect$$libinit$$00000013)
    __rt_lib_init_lc_monetary_1              0x08000203   Thumb Code     0  libinit2.o(.ARM.Collect$$libinit$$00000015)
    __rt_lib_init_lc_numeric_1               0x08000203   Thumb Code     0  libinit2.o(.ARM.Collect$$libinit$$00000017)
    __rt_lib_init_lc_time_1                  0x08000203   Thumb Code     0  libinit2.o(.ARM.Collect$$libinit$$00000019)
    __rt_lib_init_preinit_1                  0x08000203   Thumb Code     0  libinit2.o(.ARM.Collect$$libinit$$00000004)
    __rt_lib_init_rand_1                     0x08000203   Thumb Code     0  libinit2.o(.ARM.Collect$$libinit$$0000000E)
    __rt_lib_init_return                     0x08000203   Thumb Code     0  libinit2.o(.ARM.Collect$$libinit$$00000033)
    __rt_lib_init_signal_1                   0x08000203   Thumb Code     0  libinit2.o(.ARM.Collect$$libinit$$0000001D)
    __rt_lib_init_stdio_1                    0x08000203   Thumb Code     0  libinit2.o(.ARM.Collect$$libinit$$00000025)
    __rt_lib_init_user_alloc_1               0x08000203   Thumb Code     0  libinit2.o(.ARM.Collect$$libinit$$0000000C)
    __rt_lib_shutdown                        0x08000205   Thumb Code     0  libshutdown.o(.ARM.Collect$$libshutdown$$00000000)
    __rt_lib_shutdown_cpp_1                  0x08000207   Thumb Code     0  libshutdown2.o(.ARM.Collect$$libshutdown$$00000002)
    __rt_lib_shutdown_fp_trap_1              0x08000207   Thumb Code     0  libshutdown2.o(.ARM.Collect$$libshutdown$$00000007)
    __rt_lib_shutdown_heap_1                 0x08000207   Thumb Code     0  libshutdown2.o(.ARM.Collect$$libshutdown$$0000000F)
    __rt_lib_shutdown_return                 0x08000207   Thumb Code     0  libshutdown2.o(.ARM.Collect$$libshutdown$$00000010)
    __rt_lib_shutdown_signal_1               0x08000207   Thumb Code     0  libshutdown2.o(.ARM.Collect$$libshutdown$$0000000A)
    __rt_lib_shutdown_stdio_1                0x08000207   Thumb Code     0  libshutdown2.o(.ARM.Collect$$libshutdown$$00000004)
    __rt_lib_shutdown_user_alloc_1           0x08000207   Thumb Code     0  libshutdown2.o(.ARM.Collect$$libshutdown$$0000000C)
    __rt_entry                               0x08000209   Thumb Code     0  __rtentry.o(.ARM.Collect$$rtentry$$00000000)
    __rt_entry_presh_1                       0x08000209   Thumb Code     0  __rtentry2.o(.ARM.Collect$$rtentry$$00000002)
    __rt_entry_sh                            0x08000209   Thumb Code     0  __rtentry4.o(.ARM.Collect$$rtentry$$00000004)
    __rt_entry_li                            0x0800020f   Thumb Code     0  __rtentry2.o(.ARM.Collect$$rtentry$$0000000A)
    __rt_entry_postsh_1                      0x0800020f   Thumb Code     0  __rtentry2.o(.ARM.Collect$$rtentry$$00000009)
    __rt_entry_main                          0x08000213   Thumb Code     0  __rtentry2.o(.ARM.Collect$$rtentry$$0000000D)
    __rt_entry_postli_1                      0x08000213   Thumb Code     0  __rtentry2.o(.ARM.Collect$$rtentry$$0000000C)
    __rt_exit                                0x0800021b   Thumb Code     0  rtexit.o(.ARM.Collect$$rtexit$$00000000)
    __rt_exit_ls                             0x0800021d   Thumb Code     0  rtexit2.o(.ARM.Collect$$rtexit$$00000003)
    __rt_exit_prels_1                        0x0800021d   Thumb Code     0  rtexit2.o(.ARM.Collect$$rtexit$$00000002)
    __rt_exit_exit                           0x08000221   Thumb Code     0  rtexit2.o(.ARM.Collect$$rtexit$$00000004)
    Reset_Handler                            0x08000229   Thumb Code     8  startup_stm32f40_41xxx.o(.text)
    ADC_IRQHandler                           0x08000243   Thumb Code     0  startup_stm32f40_41xxx.o(.text)
    CAN1_RX0_IRQHandler                      0x08000243   Thumb Code     0  startup_stm32f40_41xxx.o(.text)
    CAN1_RX1_IRQHandler                      0x08000243   Thumb Code     0  startup_stm32f40_41xxx.o(.text)
    CAN1_SCE_IRQHandler                      0x08000243   Thumb Code     0  startup_stm32f40_41xxx.o(.text)
    CAN1_TX_IRQHandler                       0x08000243   Thumb Code     0  startup_stm32f40_41xxx.o(.text)
    CAN2_RX0_IRQHandler                      0x08000243   Thumb Code     0  startup_stm32f40_41xxx.o(.text)
    CAN2_RX1_IRQHandler                      0x08000243   Thumb Code     0  startup_stm32f40_41xxx.o(.text)
    CAN2_SCE_IRQHandler                      0x08000243   Thumb Code     0  startup_stm32f40_41xxx.o(.text)
    CAN2_TX_IRQHandler                       0x08000243   Thumb Code     0  startup_stm32f40_41xxx.o(.text)
    CRYP_IRQHandler                          0x08000243   Thumb Code     0  startup_stm32f40_41xxx.o(.text)
    DCMI_IRQHandler                          0x08000243   Thumb Code     0  startup_stm32f40_41xxx.o(.text)
    DMA1_Stream0_IRQHandler                  0x08000243   Thumb Code     0  startup_stm32f40_41xxx.o(.text)
    DMA1_Stream1_IRQHandler                  0x08000243   Thumb Code     0  startup_stm32f40_41xxx.o(.text)
    DMA1_Stream2_IRQHandler                  0x08000243   Thumb Code     0  startup_stm32f40_41xxx.o(.text)
    DMA1_Stream3_IRQHandler                  0x08000243   Thumb Code     0  startup_stm32f40_41xxx.o(.text)
    DMA1_Stream4_IRQHandler                  0x08000243   Thumb Code     0  startup_stm32f40_41xxx.o(.text)
    DMA1_Stream5_IRQHandler                  0x08000243   Thumb Code     0  startup_stm32f40_41xxx.o(.text)
    DMA1_Stream6_IRQHandler                  0x08000243   Thumb Code     0  startup_stm32f40_41xxx.o(.text)
    DMA1_Stream7_IRQHandler                  0x08000243   Thumb Code     0  startup_stm32f40_41xxx.o(.text)
    DMA2_Stream0_IRQHandler                  0x08000243   Thumb Code     0  startup_stm32f40_41xxx.o(.text)
    DMA2_Stream1_IRQHandler                  0x08000243   Thumb Code     0  startup_stm32f40_41xxx.o(.text)
    DMA2_Stream2_IRQHandler                  0x08000243   Thumb Code     0  startup_stm32f40_41xxx.o(.text)
    DMA2_Stream3_IRQHandler                  0x08000243   Thumb Code     0  startup_stm32f40_41xxx.o(.text)
    DMA2_Stream4_IRQHandler                  0x08000243   Thumb Code     0  startup_stm32f40_41xxx.o(.text)
    DMA2_Stream5_IRQHandler                  0x08000243   Thumb Code     0  startup_stm32f40_41xxx.o(.text)
    DMA2_Stream6_IRQHandler                  0x08000243   Thumb Code     0  startup_stm32f40_41xxx.o(.text)
    DMA2_Stream7_IRQHandler                  0x08000243   Thumb Code     0  startup_stm32f40_41xxx.o(.text)
    ETH_IRQHandler                           0x08000243   Thumb Code     0  startup_stm32f40_41xxx.o(.text)
    ETH_WKUP_IRQHandler                      0x08000243   Thumb Code     0  startup_stm32f40_41xxx.o(.text)
    EXTI0_IRQHandler                         0x08000243   Thumb Code     0  startup_stm32f40_41xxx.o(.text)
    EXTI15_10_IRQHandler                     0x08000243   Thumb Code     0  startup_stm32f40_41xxx.o(.text)
    EXTI1_IRQHandler                         0x08000243   Thumb Code     0  startup_stm32f40_41xxx.o(.text)
    EXTI2_IRQHandler                         0x08000243   Thumb Code     0  startup_stm32f40_41xxx.o(.text)
    EXTI3_IRQHandler                         0x08000243   Thumb Code     0  startup_stm32f40_41xxx.o(.text)
    EXTI4_IRQHandler                         0x08000243   Thumb Code     0  startup_stm32f40_41xxx.o(.text)
    EXTI9_5_IRQHandler                       0x08000243   Thumb Code     0  startup_stm32f40_41xxx.o(.text)
    FLASH_IRQHandler                         0x08000243   Thumb Code     0  startup_stm32f40_41xxx.o(.text)
    FPU_IRQHandler                           0x08000243   Thumb Code     0  startup_stm32f40_41xxx.o(.text)
    FSMC_IRQHandler                          0x08000243   Thumb Code     0  startup_stm32f40_41xxx.o(.text)
    HASH_RNG_IRQHandler                      0x08000243   Thumb Code     0  startup_stm32f40_41xxx.o(.text)
    I2C1_ER_IRQHandler                       0x08000243   Thumb Code     0  startup_stm32f40_41xxx.o(.text)
    I2C1_EV_IRQHandler                       0x08000243   Thumb Code     0  startup_stm32f40_41xxx.o(.text)
    I2C2_ER_IRQHandler                       0x08000243   Thumb Code     0  startup_stm32f40_41xxx.o(.text)
    I2C2_EV_IRQHandler                       0x08000243   Thumb Code     0  startup_stm32f40_41xxx.o(.text)
    I2C3_ER_IRQHandler                       0x08000243   Thumb Code     0  startup_stm32f40_41xxx.o(.text)
    I2C3_EV_IRQHandler                       0x08000243   Thumb Code     0  startup_stm32f40_41xxx.o(.text)
    OTG_FS_IRQHandler                        0x08000243   Thumb Code     0  startup_stm32f40_41xxx.o(.text)
    OTG_FS_WKUP_IRQHandler                   0x08000243   Thumb Code     0  startup_stm32f40_41xxx.o(.text)
    OTG_HS_EP1_IN_IRQHandler                 0x08000243   Thumb Code     0  startup_stm32f40_41xxx.o(.text)
    OTG_HS_EP1_OUT_IRQHandler                0x08000243   Thumb Code     0  startup_stm32f40_41xxx.o(.text)
    OTG_HS_IRQHandler                        0x08000243   Thumb Code     0  startup_stm32f40_41xxx.o(.text)
    OTG_HS_WKUP_IRQHandler                   0x08000243   Thumb Code     0  startup_stm32f40_41xxx.o(.text)
    PVD_IRQHandler                           0x08000243   Thumb Code     0  startup_stm32f40_41xxx.o(.text)
    RCC_IRQHandler                           0x08000243   Thumb Code     0  startup_stm32f40_41xxx.o(.text)
    RTC_Alarm_IRQHandler                     0x08000243   Thumb Code     0  startup_stm32f40_41xxx.o(.text)
    RTC_WKUP_IRQHandler                      0x08000243   Thumb Code     0  startup_stm32f40_41xxx.o(.text)
    SDIO_IRQHandler                          0x08000243   Thumb Code     0  startup_stm32f40_41xxx.o(.text)
    SPI1_IRQHandler                          0x08000243   Thumb Code     0  startup_stm32f40_41xxx.o(.text)
    SPI2_IRQHandler                          0x08000243   Thumb Code     0  startup_stm32f40_41xxx.o(.text)
    SPI3_IRQHandler                          0x08000243   Thumb Code     0  startup_stm32f40_41xxx.o(.text)
    TAMP_STAMP_IRQHandler                    0x08000243   Thumb Code     0  startup_stm32f40_41xxx.o(.text)
    TIM1_BRK_TIM9_IRQHandler                 0x08000243   Thumb Code     0  startup_stm32f40_41xxx.o(.text)
    TIM1_CC_IRQHandler                       0x08000243   Thumb Code     0  startup_stm32f40_41xxx.o(.text)
    TIM1_TRG_COM_TIM11_IRQHandler            0x08000243   Thumb Code     0  startup_stm32f40_41xxx.o(.text)
    TIM1_UP_TIM10_IRQHandler                 0x08000243   Thumb Code     0  startup_stm32f40_41xxx.o(.text)
    TIM2_IRQHandler                          0x08000243   Thumb Code     0  startup_stm32f40_41xxx.o(.text)
    TIM3_IRQHandler                          0x08000243   Thumb Code     0  startup_stm32f40_41xxx.o(.text)
    TIM5_IRQHandler                          0x08000243   Thumb Code     0  startup_stm32f40_41xxx.o(.text)
    TIM6_DAC_IRQHandler                      0x08000243   Thumb Code     0  startup_stm32f40_41xxx.o(.text)
    TIM8_BRK_TIM12_IRQHandler                0x08000243   Thumb Code     0  startup_stm32f40_41xxx.o(.text)
    TIM8_CC_IRQHandler                       0x08000243   Thumb Code     0  startup_stm32f40_41xxx.o(.text)
    TIM8_TRG_COM_TIM14_IRQHandler            0x08000243   Thumb Code     0  startup_stm32f40_41xxx.o(.text)
    TIM8_UP_TIM13_IRQHandler                 0x08000243   Thumb Code     0  startup_stm32f40_41xxx.o(.text)
    WWDG_IRQHandler                          0x08000243   Thumb Code     0  startup_stm32f40_41xxx.o(.text)
    __user_initial_stackheap                 0x08000245   Thumb Code     0  startup_stm32f40_41xxx.o(.text)
    __use_two_region_memory                  0x08000269   Thumb Code     2  heapauxi.o(.text)
    __rt_heap_escrow$2region                 0x0800026b   Thumb Code     2  heapauxi.o(.text)
    __rt_heap_expand$2region                 0x0800026d   Thumb Code     2  heapauxi.o(.text)
    __user_setup_stackheap                   0x0800026f   Thumb Code    74  sys_stackheap_outer.o(.text)
    exit                                     0x080002b9   Thumb Code    18  exit.o(.text)
    __user_libspace                          0x080002cd   Thumb Code     8  libspace.o(.text)
    __user_perproc_libspace                  0x080002cd   Thumb Code     0  libspace.o(.text)
    __user_perthread_libspace                0x080002cd   Thumb Code     0  libspace.o(.text)
    _sys_exit                                0x080002d5   Thumb Code     8  sys_exit.o(.text)
    __I$use$semihosting                      0x080002e1   Thumb Code     0  use_no_semi.o(.text)
    __use_no_semihosting_swi                 0x080002e1   Thumb Code     2  use_no_semi.o(.text)
    Assignment                               0x080002e3   Thumb Code    18  drv_screen.o(i.Assignment)
    __semihosting_library_function           0x080002e3   Thumb Code     0  indicate_semi.o(.text)
    BEEP_Init                                0x080002f5   Thumb Code    60  beep.o(i.BEEP_Init)
    BusFault_Handler                         0x08000335   Thumb Code     4  stm32f4xx_it.o(i.BusFault_Handler)
    CheckObject                              0x08000339   Thumb Code   180  user_task.o(i.CheckObject)
    Compare                                  0x080003f5   Thumb Code    34  drv_screen.o(i.Compare)
    DebugMon_Handler                         0x08000417   Thumb Code     2  stm32f4xx_it.o(i.DebugMon_Handler)
    DrvUart1Init                             0x08000419   Thumb Code   246  usart.o(i.DrvUart1Init)
    DrvUart1SendBuf                          0x08000519   Thumb Code    60  usart.o(i.DrvUart1SendBuf)
    DrvUart2Init                             0x08000561   Thumb Code   234  usart.o(i.DrvUart2Init)
    DrvUart3Init                             0x08000655   Thumb Code   240  usart.o(i.DrvUart3Init)
    DrvUartDataCheck                         0x0800074d   Thumb Code    28  usart.o(i.DrvUartDataCheck)
    FC_GetOneByte                            0x08000795   Thumb Code   186  drv_fc.o(i.FC_GetOneByte)
    GPIO_Init                                0x08000865   Thumb Code   144  stm32f4xx_gpio.o(i.GPIO_Init)
    GPIO_PinAFConfig                         0x080008f5   Thumb Code    70  stm32f4xx_gpio.o(i.GPIO_PinAFConfig)
    GPIO_ResetBits                           0x0800093b   Thumb Code     4  stm32f4xx_gpio.o(i.GPIO_ResetBits)
    GPIO_SetBits                             0x0800093f   Thumb Code     4  stm32f4xx_gpio.o(i.GPIO_SetBits)
    GPIO_ToggleBits                          0x08000943   Thumb Code     8  stm32f4xx_gpio.o(i.GPIO_ToggleBits)
    HardFault_Handler                        0x0800094b   Thumb Code     4  stm32f4xx_it.o(i.HardFault_Handler)
    KEY_Init                                 0x08000951   Thumb Code    60  key.o(i.KEY_Init)
    LED_Init                                 0x08000995   Thumb Code    60  led.o(i.LED_Init)
    MemManage_Handler                        0x080009d5   Thumb Code     4  stm32f4xx_it.o(i.MemManage_Handler)
    NMI_Handler                              0x080009d9   Thumb Code     2  stm32f4xx_it.o(i.NMI_Handler)
    NVIC_Init                                0x080009dd   Thumb Code   106  misc.o(i.NVIC_Init)
    NoUse                                    0x08000a55   Thumb Code     2  usart.o(i.NoUse)
    PendSV_Handler                           0x08000a57   Thumb Code     2  stm32f4xx_it.o(i.PendSV_Handler)
    RCC_AHB1PeriphClockCmd                   0x08000a59   Thumb Code    26  stm32f4xx_rcc.o(i.RCC_AHB1PeriphClockCmd)
    RCC_APB1PeriphClockCmd                   0x08000a79   Thumb Code    26  stm32f4xx_rcc.o(i.RCC_APB1PeriphClockCmd)
    RCC_APB1PeriphResetCmd                   0x08000a99   Thumb Code    26  stm32f4xx_rcc.o(i.RCC_APB1PeriphResetCmd)
    RCC_APB2PeriphClockCmd                   0x08000ab9   Thumb Code    26  stm32f4xx_rcc.o(i.RCC_APB2PeriphClockCmd)
    RCC_APB2PeriphResetCmd                   0x08000ad9   Thumb Code    26  stm32f4xx_rcc.o(i.RCC_APB2PeriphResetCmd)
    RCC_GetClocksFreq                        0x08000af9   Thumb Code   214  stm32f4xx_rcc.o(i.RCC_GetClocksFreq)
    SVC_Handler                              0x08000c35   Thumb Code     2  stm32f4xx_it.o(i.SVC_Handler)
    Screen_Data_Analysis                     0x08000c39   Thumb Code    60  drv_screen.o(i.Screen_Data_Analysis)
    Screen_GetOneByte                        0x08000c85   Thumb Code   402  drv_screen.o(i.Screen_GetOneByte)
    SendBufToFC                              0x08000e2d   Thumb Code   422  user_task.o(i.SendBufToFC)
    SysTick_CLKSourceConfig                  0x08001151   Thumb Code    40  misc.o(i.SysTick_CLKSourceConfig)
    SysTick_Handler                          0x08001179   Thumb Code     2  stm32f4xx_it.o(i.SysTick_Handler)
    Sys_Timer_Init                           0x0800117b   Thumb Code    40  timer.o(i.Sys_Timer_Init)
    SystemInit                               0x080011a5   Thumb Code    88  system_stm32f4xx.o(i.SystemInit)
    System_Init                              0x0800120d   Thumb Code    76  user_task.o(i.System_Init)
    TIM4_IRQHandler                          0x08001261   Thumb Code    48  stm32f4xx_it.o(i.TIM4_IRQHandler)
    TIM7_IRQHandler                          0x08001299   Thumb Code    48  stm32f4xx_it.o(i.TIM7_IRQHandler)
    TIM_ClearFlag                            0x080012d1   Thumb Code     6  stm32f4xx_tim.o(i.TIM_ClearFlag)
    TIM_ClearITPendingBit                    0x080012d7   Thumb Code     6  stm32f4xx_tim.o(i.TIM_ClearITPendingBit)
    TIM_Cmd                                  0x080012dd   Thumb Code    24  stm32f4xx_tim.o(i.TIM_Cmd)
    TIM_DeInit                               0x080012f5   Thumb Code   346  stm32f4xx_tim.o(i.TIM_DeInit)
    TIM_GetITStatus                          0x08001485   Thumb Code    34  stm32f4xx_tim.o(i.TIM_GetITStatus)
    TIM_ITConfig                             0x080014a7   Thumb Code    18  stm32f4xx_tim.o(i.TIM_ITConfig)
    TIM_TimeBaseInit                         0x080014f9   Thumb Code   104  stm32f4xx_tim.o(i.TIM_TimeBaseInit)
    UART4_IRQHandler                         0x0800157d   Thumb Code     8  stm32f4xx_it.o(i.UART4_IRQHandler)
    UART5_IRQHandler                         0x08001585   Thumb Code     8  stm32f4xx_it.o(i.UART5_IRQHandler)
    USART1_IRQHandler                        0x0800158d   Thumb Code     8  stm32f4xx_it.o(i.USART1_IRQHandler)
    USART2_IRQHandler                        0x08001595   Thumb Code     8  stm32f4xx_it.o(i.USART2_IRQHandler)
    USART3_IRQHandler                        0x0800159d   Thumb Code     8  stm32f4xx_it.o(i.USART3_IRQHandler)
    USART6_IRQHandler                        0x080015a5   Thumb Code     8  stm32f4xx_it.o(i.USART6_IRQHandler)
    USART_ClearITPendingBit                  0x080015ad   Thumb Code    30  stm32f4xx_usart.o(i.USART_ClearITPendingBit)
    USART_ClockInit                          0x080015cb   Thumb Code    32  stm32f4xx_usart.o(i.USART_ClockInit)
    USART_Cmd                                0x080015eb   Thumb Code    24  stm32f4xx_usart.o(i.USART_Cmd)
    USART_DeInit                             0x08001605   Thumb Code   206  stm32f4xx_usart.o(i.USART_DeInit)
    USART_GetITStatus                        0x080016f5   Thumb Code    84  stm32f4xx_usart.o(i.USART_GetITStatus)
    USART_ITConfig                           0x08001749   Thumb Code    74  stm32f4xx_usart.o(i.USART_ITConfig)
    USART_Init                               0x08001795   Thumb Code   204  stm32f4xx_usart.o(i.USART_Init)
    USART_StructInit                         0x08001869   Thumb Code    24  stm32f4xx_usart.o(i.USART_StructInit)
    UWB_GetOneByte                           0x080018b1   Thumb Code   162  drv_uwb.o(i.UWB_GetOneByte)
    Uart4_IRQ                                0x08001961   Thumb Code   120  usart.o(i.Uart4_IRQ)
    Uart5_IRQ                                0x080019e9   Thumb Code   110  usart.o(i.Uart5_IRQ)
    Uart6_IRQ                                0x08001a69   Thumb Code   120  usart.o(i.Uart6_IRQ)
    UsageFault_Handler                       0x08001af1   Thumb Code     4  stm32f4xx_it.o(i.UsageFault_Handler)
    Usart1_IRQ                               0x08001af5   Thumb Code   110  usart.o(i.Usart1_IRQ)
    Usart2_IRQ                               0x08001b75   Thumb Code   120  usart.o(i.Usart2_IRQ)
    Usart3_IRQ                               0x08001bfd   Thumb Code   120  usart.o(i.Usart3_IRQ)
    delay_init                               0x08001c85   Thumb Code    52  delay.o(i.delay_init)
    delay_ms                                 0x08001cc1   Thumb Code    56  delay.o(i.delay_ms)
    delay_xms                                0x08001cf9   Thumb Code    72  delay.o(i.delay_xms)
    drvU1DataCheck                           0x08001d45   Thumb Code    52  usart.o(i.drvU1DataCheck)
    drvU1GetByte                             0x08001d85   Thumb Code    32  usart.o(i.drvU1GetByte)
    drvU2DataCheck                           0x08001dad   Thumb Code    52  usart.o(i.drvU2DataCheck)
    drvU2GetByte                             0x08001ded   Thumb Code    32  usart.o(i.drvU2GetByte)
    drvU3DataCheck                           0x08001e15   Thumb Code    52  usart.o(i.drvU3DataCheck)
    drvU3GetByte                             0x08001e55   Thumb Code    32  usart.o(i.drvU3GetByte)
    drvU4DataCheck                           0x08001e7d   Thumb Code    52  usart.o(i.drvU4DataCheck)
    drvU4GetByte                             0x08001ebd   Thumb Code    32  usart.o(i.drvU4GetByte)
    drvU5DataCheck                           0x08001ee5   Thumb Code    52  usart.o(i.drvU5DataCheck)
    drvU5GetByte                             0x08001f25   Thumb Code    32  usart.o(i.drvU5GetByte)
    drvU6DataCheck                           0x08001f4d   Thumb Code    52  usart.o(i.drvU6DataCheck)
    drvU6GetByte                             0x08001f8d   Thumb Code    32  usart.o(i.drvU6GetByte)
    main                                     0x08001fb5   Thumb Code    24  main.o(i.main)
    _fp_init                                 0x08001fd1   Thumb Code    10  fpinit.o(x$fpl$fpinit)
    __fplib_config_fpu_vfp                   0x08001fd9   Thumb Code     0  fpinit.o(x$fpl$fpinit)
    __fplib_config_pureend_doubles           0x08001fd9   Thumb Code     0  fpinit.o(x$fpl$fpinit)
    Region$$Table$$Base                      0x08001fdc   Number         0  anon$$obj.o(Region$$Table)
    Region$$Table$$Limit                     0x08001ffc   Number         0  anon$$obj.o(Region$$Table)
    Trig                                     0x20000000   Data           1  stm32f4xx_it.o(.data)
    Task1Send                                0x20000006   Data           6  user_task.o(.data)
    Task2Send                                0x2000000c   Data           4  user_task.o(.data)
    TaskNumSend                              0x20000010   Data           4  user_task.o(.data)
    LabelSend                                0x20000014   Data           8  user_task.o(.data)
    hexEND                                   0x2000001c   Data           3  user_task.o(.data)
    Mission_Start                            0x2000001f   Data           1  user_task.o(.data)
    First_Time_Flag                          0x20000020   Data           1  user_task.o(.data)
    Wait_Flag                                0x20000021   Data           1  user_task.o(.data)
    Change_Flag                              0x20000022   Data           1  drv_screen.o(.data)
    TaskNum                                  0x20000023   Data           1  drv_screen.o(.data)
    Task1                                    0x20000024   Data           2  drv_screen.o(.data)
    Task2                                    0x20000026   Data           1  drv_screen.o(.data)
    ObjectA                                  0x20000029   Data           2  drv_fc.o(.data)
    FlagA                                    0x2000002b   Data           1  drv_fc.o(.data)
    FC_Change_Flag                           0x2000002c   Data           1  drv_fc.o(.data)
    Label                                    0x2000002f   Data           5  drv_uwb.o(.data)
    Tx1Counter                               0x2000003a   Data           1  usart.o(.data)
    count1                                   0x2000003b   Data           1  usart.o(.data)
    U1RxInCnt                                0x2000003c   Data           1  usart.o(.data)
    U1RxoutCnt                               0x2000003d   Data           1  usart.o(.data)
    Tx2Counter                               0x2000003e   Data           1  usart.o(.data)
    count                                    0x2000003f   Data           1  usart.o(.data)
    U2RxInCnt                                0x20000040   Data           1  usart.o(.data)
    U2RxoutCnt                               0x20000041   Data           1  usart.o(.data)
    Tx3Counter                               0x20000042   Data           1  usart.o(.data)
    count3                                   0x20000043   Data           1  usart.o(.data)
    U3RxInCnt                                0x20000044   Data           1  usart.o(.data)
    U3RxoutCnt                               0x20000045   Data           1  usart.o(.data)
    Tx4Counter                               0x20000046   Data           1  usart.o(.data)
    count4                                   0x20000047   Data           1  usart.o(.data)
    U4RxInCnt                                0x20000048   Data           1  usart.o(.data)
    U4RxoutCnt                               0x20000049   Data           1  usart.o(.data)
    Tx5Counter                               0x2000004a   Data           1  usart.o(.data)
    count5                                   0x2000004b   Data           1  usart.o(.data)
    U5RxInCnt                                0x2000004c   Data           1  usart.o(.data)
    U5RxoutCnt                               0x2000004d   Data           1  usart.o(.data)
    Tx6Counter                               0x2000004e   Data           1  usart.o(.data)
    count6                                   0x2000004f   Data           1  usart.o(.data)
    U6RxInCnt                                0x20000050   Data           1  usart.o(.data)
    U6RxoutCnt                               0x20000051   Data           1  usart.o(.data)
    Screen_Buf                               0x20000064   Data          20  drv_screen.o(.bss)
    Last_Screen_Buf                          0x20000078   Data          20  drv_screen.o(.bss)
    FC_buf                                   0x2000008c   Data          20  drv_fc.o(.bss)
    Last_FC_buf                              0x200000a0   Data          20  drv_fc.o(.bss)
    UWB_buf                                  0x200000b4   Data          20  drv_uwb.o(.bss)
    Tx1Buffer                                0x200000c8   Data         256  usart.o(.bss)
    U1RxDataTmp                              0x200001c8   Data         100  usart.o(.bss)
    Tx2Buffer                                0x2000022c   Data         256  usart.o(.bss)
    U2RxDataTmp                              0x2000032c   Data         100  usart.o(.bss)
    Tx3Buffer                                0x20000390   Data         256  usart.o(.bss)
    U3RxDataTmp                              0x20000490   Data         100  usart.o(.bss)
    Tx4Buffer                                0x200004f4   Data         256  usart.o(.bss)
    U4RxDataTmp                              0x200005f4   Data         100  usart.o(.bss)
    Tx5Buffer                                0x20000658   Data         256  usart.o(.bss)
    U5RxDataTmp                              0x20000758   Data         100  usart.o(.bss)
    Tx6Buffer                                0x200007bc   Data         256  usart.o(.bss)
    U6RxDataTmp                              0x200008bc   Data         100  usart.o(.bss)
    __libspace_start                         0x20000920   Data          96  libspace.o(.bss)
    __temporary_stack_top$libspace           0x20000980   Data           0  libspace.o(.bss)



==============================================================================

Memory Map of the image

  Image Entry point : 0x08000189

  Load Region LR_IROM1 (Base: 0x08000000, Size: 0x00002060, Max: 0x00100000, ABSOLUTE)

    Execution Region ER_IROM1 (Exec base: 0x08000000, Load base: 0x08000000, Size: 0x00001ffc, Max: 0x00100000, ABSOLUTE)

    Exec Addr    Load Addr    Size         Type   Attr      Idx    E Section Name        Object

    0x08000000   0x08000000   0x00000188   Data   RO          894    RESET               startup_stm32f40_41xxx.o
    0x08000188   0x08000188   0x00000008   Code   RO         2185  * !!!main             c_w.l(__main.o)
    0x08000190   0x08000190   0x00000034   Code   RO         2342    !!!scatter          c_w.l(__scatter.o)
    0x080001c4   0x080001c4   0x0000001a   Code   RO         2344    !!handler_copy      c_w.l(__scatter_copy.o)
    0x080001de   0x080001de   0x00000002   PAD
    0x080001e0   0x080001e0   0x0000001c   Code   RO         2346    !!handler_zi        c_w.l(__scatter_zi.o)
    0x080001fc   0x080001fc   0x00000002   Code   RO         2212    .ARM.Collect$$libinit$$00000000  c_w.l(libinit.o)
    0x080001fe   0x080001fe   0x00000004   Code   RO         2218    .ARM.Collect$$libinit$$00000001  c_w.l(libinit2.o)
    0x08000202   0x08000202   0x00000000   Code   RO         2221    .ARM.Collect$$libinit$$00000004  c_w.l(libinit2.o)
    0x08000202   0x08000202   0x00000000   Code   RO         2224    .ARM.Collect$$libinit$$0000000A  c_w.l(libinit2.o)
    0x08000202   0x08000202   0x00000000   Code   RO         2226    .ARM.Collect$$libinit$$0000000C  c_w.l(libinit2.o)
    0x08000202   0x08000202   0x00000000   Code   RO         2228    .ARM.Collect$$libinit$$0000000E  c_w.l(libinit2.o)
    0x08000202   0x08000202   0x00000000   Code   RO         2231    .ARM.Collect$$libinit$$00000011  c_w.l(libinit2.o)
    0x08000202   0x08000202   0x00000000   Code   RO         2233    .ARM.Collect$$libinit$$00000013  c_w.l(libinit2.o)
    0x08000202   0x08000202   0x00000000   Code   RO         2235    .ARM.Collect$$libinit$$00000015  c_w.l(libinit2.o)
    0x08000202   0x08000202   0x00000000   Code   RO         2237    .ARM.Collect$$libinit$$00000017  c_w.l(libinit2.o)
    0x08000202   0x08000202   0x00000000   Code   RO         2239    .ARM.Collect$$libinit$$00000019  c_w.l(libinit2.o)
    0x08000202   0x08000202   0x00000000   Code   RO         2241    .ARM.Collect$$libinit$$0000001B  c_w.l(libinit2.o)
    0x08000202   0x08000202   0x00000000   Code   RO         2243    .ARM.Collect$$libinit$$0000001D  c_w.l(libinit2.o)
    0x08000202   0x08000202   0x00000000   Code   RO         2245    .ARM.Collect$$libinit$$0000001F  c_w.l(libinit2.o)
    0x08000202   0x08000202   0x00000000   Code   RO         2247    .ARM.Collect$$libinit$$00000021  c_w.l(libinit2.o)
    0x08000202   0x08000202   0x00000000   Code   RO         2249    .ARM.Collect$$libinit$$00000023  c_w.l(libinit2.o)
    0x08000202   0x08000202   0x00000000   Code   RO         2251    .ARM.Collect$$libinit$$00000025  c_w.l(libinit2.o)
    0x08000202   0x08000202   0x00000000   Code   RO         2255    .ARM.Collect$$libinit$$0000002C  c_w.l(libinit2.o)
    0x08000202   0x08000202   0x00000000   Code   RO         2257    .ARM.Collect$$libinit$$0000002E  c_w.l(libinit2.o)
    0x08000202   0x08000202   0x00000000   Code   RO         2259    .ARM.Collect$$libinit$$00000030  c_w.l(libinit2.o)
    0x08000202   0x08000202   0x00000000   Code   RO         2261    .ARM.Collect$$libinit$$00000032  c_w.l(libinit2.o)
    0x08000202   0x08000202   0x00000002   Code   RO         2262    .ARM.Collect$$libinit$$00000033  c_w.l(libinit2.o)
    0x08000204   0x08000204   0x00000002   Code   RO         2282    .ARM.Collect$$libshutdown$$00000000  c_w.l(libshutdown.o)
    0x08000206   0x08000206   0x00000000   Code   RO         2295    .ARM.Collect$$libshutdown$$00000002  c_w.l(libshutdown2.o)
    0x08000206   0x08000206   0x00000000   Code   RO         2297    .ARM.Collect$$libshutdown$$00000004  c_w.l(libshutdown2.o)
    0x08000206   0x08000206   0x00000000   Code   RO         2300    .ARM.Collect$$libshutdown$$00000007  c_w.l(libshutdown2.o)
    0x08000206   0x08000206   0x00000000   Code   RO         2303    .ARM.Collect$$libshutdown$$0000000A  c_w.l(libshutdown2.o)
    0x08000206   0x08000206   0x00000000   Code   RO         2305    .ARM.Collect$$libshutdown$$0000000C  c_w.l(libshutdown2.o)
    0x08000206   0x08000206   0x00000000   Code   RO         2308    .ARM.Collect$$libshutdown$$0000000F  c_w.l(libshutdown2.o)
    0x08000206   0x08000206   0x00000002   Code   RO         2309    .ARM.Collect$$libshutdown$$00000010  c_w.l(libshutdown2.o)
    0x08000208   0x08000208   0x00000000   Code   RO         2187    .ARM.Collect$$rtentry$$00000000  c_w.l(__rtentry.o)
    0x08000208   0x08000208   0x00000000   Code   RO         2189    .ARM.Collect$$rtentry$$00000002  c_w.l(__rtentry2.o)
    0x08000208   0x08000208   0x00000006   Code   RO         2201    .ARM.Collect$$rtentry$$00000004  c_w.l(__rtentry4.o)
    0x0800020e   0x0800020e   0x00000000   Code   RO         2191    .ARM.Collect$$rtentry$$00000009  c_w.l(__rtentry2.o)
    0x0800020e   0x0800020e   0x00000004   Code   RO         2192    .ARM.Collect$$rtentry$$0000000A  c_w.l(__rtentry2.o)
    0x08000212   0x08000212   0x00000000   Code   RO         2194    .ARM.Collect$$rtentry$$0000000C  c_w.l(__rtentry2.o)
    0x08000212   0x08000212   0x00000008   Code   RO         2195    .ARM.Collect$$rtentry$$0000000D  c_w.l(__rtentry2.o)
    0x0800021a   0x0800021a   0x00000002   Code   RO         2216    .ARM.Collect$$rtexit$$00000000  c_w.l(rtexit.o)
    0x0800021c   0x0800021c   0x00000000   Code   RO         2264    .ARM.Collect$$rtexit$$00000002  c_w.l(rtexit2.o)
    0x0800021c   0x0800021c   0x00000004   Code   RO         2265    .ARM.Collect$$rtexit$$00000003  c_w.l(rtexit2.o)
    0x08000220   0x08000220   0x00000006   Code   RO         2266    .ARM.Collect$$rtexit$$00000004  c_w.l(rtexit2.o)
    0x08000226   0x08000226   0x00000002   PAD
    0x08000228   0x08000228   0x00000040   Code   RO          895    .text               startup_stm32f40_41xxx.o
    0x08000268   0x08000268   0x00000006   Code   RO         2183    .text               c_w.l(heapauxi.o)
    0x0800026e   0x0800026e   0x0000004a   Code   RO         2203    .text               c_w.l(sys_stackheap_outer.o)
    0x080002b8   0x080002b8   0x00000012   Code   RO         2205    .text               c_w.l(exit.o)
    0x080002ca   0x080002ca   0x00000002   PAD
    0x080002cc   0x080002cc   0x00000008   Code   RO         2213    .text               c_w.l(libspace.o)
    0x080002d4   0x080002d4   0x0000000c   Code   RO         2274    .text               c_w.l(sys_exit.o)
    0x080002e0   0x080002e0   0x00000002   Code   RO         2285    .text               c_w.l(use_no_semi.o)
    0x080002e2   0x080002e2   0x00000000   Code   RO         2287    .text               c_w.l(indicate_semi.o)
    0x080002e2   0x080002e2   0x00000012   Code   RO          500    i.Assignment        drv_screen.o
    0x080002f4   0x080002f4   0x00000040   Code   RO          453    i.BEEP_Init         beep.o
    0x08000334   0x08000334   0x00000004   Code   RO          156    i.BusFault_Handler  stm32f4xx_it.o
    0x08000338   0x08000338   0x000000bc   Code   RO          341    i.CheckObject       user_task.o
    0x080003f4   0x080003f4   0x00000022   Code   RO          501    i.Compare           drv_screen.o
    0x08000416   0x08000416   0x00000002   Code   RO          157    i.DebugMon_Handler  stm32f4xx_it.o
    0x08000418   0x08000418   0x00000100   Code   RO          668    i.DrvUart1Init      usart.o
    0x08000518   0x08000518   0x00000048   Code   RO          669    i.DrvUart1SendBuf   usart.o
    0x08000560   0x08000560   0x000000f4   Code   RO          670    i.DrvUart2Init      usart.o
    0x08000654   0x08000654   0x000000f8   Code   RO          672    i.DrvUart3Init      usart.o
    0x0800074c   0x0800074c   0x0000001c   Code   RO          680    i.DrvUartDataCheck  usart.o
    0x08000768   0x08000768   0x0000002c   Code   RO          545    i.FC_Data_Analysis  drv_fc.o
    0x08000794   0x08000794   0x000000d0   Code   RO          546    i.FC_GetOneByte     drv_fc.o
    0x08000864   0x08000864   0x00000090   Code   RO          946    i.GPIO_Init         stm32f4xx_gpio.o
    0x080008f4   0x080008f4   0x00000046   Code   RO          947    i.GPIO_PinAFConfig  stm32f4xx_gpio.o
    0x0800093a   0x0800093a   0x00000004   Code   RO          953    i.GPIO_ResetBits    stm32f4xx_gpio.o
    0x0800093e   0x0800093e   0x00000004   Code   RO          954    i.GPIO_SetBits      stm32f4xx_gpio.o
    0x08000942   0x08000942   0x00000008   Code   RO          956    i.GPIO_ToggleBits   stm32f4xx_gpio.o
    0x0800094a   0x0800094a   0x00000004   Code   RO          158    i.HardFault_Handler  stm32f4xx_it.o
    0x0800094e   0x0800094e   0x00000002   PAD
    0x08000950   0x08000950   0x00000044   Code   RO          473    i.KEY_Init          key.o
    0x08000994   0x08000994   0x00000040   Code   RO          433    i.LED_Init          led.o
    0x080009d4   0x080009d4   0x00000004   Code   RO          159    i.MemManage_Handler  stm32f4xx_it.o
    0x080009d8   0x080009d8   0x00000002   Code   RO          160    i.NMI_Handler       stm32f4xx_it.o
    0x080009da   0x080009da   0x00000002   PAD
    0x080009dc   0x080009dc   0x00000078   Code   RO          901    i.NVIC_Init         misc.o
    0x08000a54   0x08000a54   0x00000002   Code   RO          681    i.NoUse             usart.o
    0x08000a56   0x08000a56   0x00000002   Code   RO          161    i.PendSV_Handler    stm32f4xx_it.o
    0x08000a58   0x08000a58   0x00000020   Code   RO         1043    i.RCC_AHB1PeriphClockCmd  stm32f4xx_rcc.o
    0x08000a78   0x08000a78   0x00000020   Code   RO         1052    i.RCC_APB1PeriphClockCmd  stm32f4xx_rcc.o
    0x08000a98   0x08000a98   0x00000020   Code   RO         1054    i.RCC_APB1PeriphResetCmd  stm32f4xx_rcc.o
    0x08000ab8   0x08000ab8   0x00000020   Code   RO         1055    i.RCC_APB2PeriphClockCmd  stm32f4xx_rcc.o
    0x08000ad8   0x08000ad8   0x00000020   Code   RO         1057    i.RCC_APB2PeriphResetCmd  stm32f4xx_rcc.o
    0x08000af8   0x08000af8   0x000000e8   Code   RO         1064    i.RCC_GetClocksFreq  stm32f4xx_rcc.o
    0x08000be0   0x08000be0   0x00000054   Code   RO          398    i.Rcev_Timer_Init   timer.o
    0x08000c34   0x08000c34   0x00000002   Code   RO          162    i.SVC_Handler       stm32f4xx_it.o
    0x08000c36   0x08000c36   0x00000002   PAD
    0x08000c38   0x08000c38   0x0000004c   Code   RO          502    i.Screen_Data_Analysis  drv_screen.o
    0x08000c84   0x08000c84   0x000001a8   Code   RO          503    i.Screen_GetOneByte  drv_screen.o
    0x08000e2c   0x08000e2c   0x000001e4   Code   RO          342    i.SendBufToFC       user_task.o
    0x08001010   0x08001010   0x00000054   Code   RO          399    i.Send_Timer_Init   timer.o
    0x08001064   0x08001064   0x000000ec   Code   RO          304    i.SetSysClock       system_stm32f4xx.o
    0x08001150   0x08001150   0x00000028   Code   RO          905    i.SysTick_CLKSourceConfig  misc.o
    0x08001178   0x08001178   0x00000002   Code   RO          163    i.SysTick_Handler   stm32f4xx_it.o
    0x0800117a   0x0800117a   0x00000028   Code   RO          400    i.Sys_Timer_Init    timer.o
    0x080011a2   0x080011a2   0x00000002   PAD
    0x080011a4   0x080011a4   0x00000068   Code   RO          306    i.SystemInit        system_stm32f4xx.o
    0x0800120c   0x0800120c   0x00000054   Code   RO          343    i.System_Init       user_task.o
    0x08001260   0x08001260   0x00000038   Code   RO          164    i.TIM4_IRQHandler   stm32f4xx_it.o
    0x08001298   0x08001298   0x00000038   Code   RO          165    i.TIM7_IRQHandler   stm32f4xx_it.o
    0x080012d0   0x080012d0   0x00000006   Code   RO         1631    i.TIM_ClearFlag     stm32f4xx_tim.o
    0x080012d6   0x080012d6   0x00000006   Code   RO         1632    i.TIM_ClearITPendingBit  stm32f4xx_tim.o
    0x080012dc   0x080012dc   0x00000018   Code   RO         1637    i.TIM_Cmd           stm32f4xx_tim.o
    0x080012f4   0x080012f4   0x00000190   Code   RO         1642    i.TIM_DeInit        stm32f4xx_tim.o
    0x08001484   0x08001484   0x00000022   Code   RO         1658    i.TIM_GetITStatus   stm32f4xx_tim.o
    0x080014a6   0x080014a6   0x00000012   Code   RO         1662    i.TIM_ITConfig      stm32f4xx_tim.o
    0x080014b8   0x080014b8   0x0000003e   Code   RO          401    i.TIM_NVIC          timer.o
    0x080014f6   0x080014f6   0x00000002   PAD
    0x080014f8   0x080014f8   0x00000084   Code   RO         1709    i.TIM_TimeBaseInit  stm32f4xx_tim.o
    0x0800157c   0x0800157c   0x00000008   Code   RO          166    i.UART4_IRQHandler  stm32f4xx_it.o
    0x08001584   0x08001584   0x00000008   Code   RO          167    i.UART5_IRQHandler  stm32f4xx_it.o
    0x0800158c   0x0800158c   0x00000008   Code   RO          168    i.USART1_IRQHandler  stm32f4xx_it.o
    0x08001594   0x08001594   0x00000008   Code   RO          169    i.USART2_IRQHandler  stm32f4xx_it.o
    0x0800159c   0x0800159c   0x00000008   Code   RO          170    i.USART3_IRQHandler  stm32f4xx_it.o
    0x080015a4   0x080015a4   0x00000008   Code   RO          171    i.USART6_IRQHandler  stm32f4xx_it.o
    0x080015ac   0x080015ac   0x0000001e   Code   RO         1434    i.USART_ClearITPendingBit  stm32f4xx_usart.o
    0x080015ca   0x080015ca   0x00000020   Code   RO         1435    i.USART_ClockInit   stm32f4xx_usart.o
    0x080015ea   0x080015ea   0x00000018   Code   RO         1437    i.USART_Cmd         stm32f4xx_usart.o
    0x08001602   0x08001602   0x00000002   PAD
    0x08001604   0x08001604   0x000000f0   Code   RO         1439    i.USART_DeInit      stm32f4xx_usart.o
    0x080016f4   0x080016f4   0x00000054   Code   RO         1441    i.USART_GetITStatus  stm32f4xx_usart.o
    0x08001748   0x08001748   0x0000004a   Code   RO         1443    i.USART_ITConfig    stm32f4xx_usart.o
    0x08001792   0x08001792   0x00000002   PAD
    0x08001794   0x08001794   0x000000d4   Code   RO         1444    i.USART_Init        stm32f4xx_usart.o
    0x08001868   0x08001868   0x00000018   Code   RO         1460    i.USART_StructInit  stm32f4xx_usart.o
    0x08001880   0x08001880   0x00000030   Code   RO          577    i.UWB_Data_Analysis  drv_uwb.o
    0x080018b0   0x080018b0   0x000000b0   Code   RO          578    i.UWB_GetOneByte    drv_uwb.o
    0x08001960   0x08001960   0x00000088   Code   RO          682    i.Uart4_IRQ         usart.o
    0x080019e8   0x080019e8   0x00000080   Code   RO          683    i.Uart5_IRQ         usart.o
    0x08001a68   0x08001a68   0x00000088   Code   RO          684    i.Uart6_IRQ         usart.o
    0x08001af0   0x08001af0   0x00000004   Code   RO          172    i.UsageFault_Handler  stm32f4xx_it.o
    0x08001af4   0x08001af4   0x00000080   Code   RO          685    i.Usart1_IRQ        usart.o
    0x08001b74   0x08001b74   0x00000088   Code   RO          686    i.Usart2_IRQ        usart.o
    0x08001bfc   0x08001bfc   0x00000088   Code   RO          687    i.Usart3_IRQ        usart.o
    0x08001c84   0x08001c84   0x0000003c   Code   RO          610    i.delay_init        delay.o
    0x08001cc0   0x08001cc0   0x00000038   Code   RO          611    i.delay_ms          delay.o
    0x08001cf8   0x08001cf8   0x0000004c   Code   RO          613    i.delay_xms         delay.o
    0x08001d44   0x08001d44   0x00000040   Code   RO          688    i.drvU1DataCheck    usart.o
    0x08001d84   0x08001d84   0x00000028   Code   RO          689    i.drvU1GetByte      usart.o
    0x08001dac   0x08001dac   0x00000040   Code   RO          690    i.drvU2DataCheck    usart.o
    0x08001dec   0x08001dec   0x00000028   Code   RO          691    i.drvU2GetByte      usart.o
    0x08001e14   0x08001e14   0x00000040   Code   RO          692    i.drvU3DataCheck    usart.o
    0x08001e54   0x08001e54   0x00000028   Code   RO          693    i.drvU3GetByte      usart.o
    0x08001e7c   0x08001e7c   0x00000040   Code   RO          694    i.drvU4DataCheck    usart.o
    0x08001ebc   0x08001ebc   0x00000028   Code   RO          695    i.drvU4GetByte      usart.o
    0x08001ee4   0x08001ee4   0x00000040   Code   RO          696    i.drvU5DataCheck    usart.o
    0x08001f24   0x08001f24   0x00000028   Code   RO          697    i.drvU5GetByte      usart.o
    0x08001f4c   0x08001f4c   0x00000040   Code   RO          698    i.drvU6DataCheck    usart.o
    0x08001f8c   0x08001f8c   0x00000028   Code   RO          699    i.drvU6GetByte      usart.o
    0x08001fb4   0x08001fb4   0x0000001c   Code   RO            3    i.main              main.o
    0x08001fd0   0x08001fd0   0x0000000a   Code   RO         2272    x$fpl$fpinit        fz_wm.l(fpinit.o)
    0x08001fda   0x08001fda   0x00000002   PAD
    0x08001fdc   0x08001fdc   0x00000020   Data   RO         2340    Region$$Table       anon$$obj.o


    Execution Region RW_IRAM1 (Exec base: 0x20000000, Load base: 0x08001ffc, Size: 0x00000f80, Max: 0x00020000, ABSOLUTE)

    Exec Addr    Load Addr    Size         Type   Attr      Idx    E Section Name        Object

    0x20000000   0x08001ffc   0x00000006   Data   RW          173    .data               stm32f4xx_it.o
    0x20000006   0x08002002   0x0000001c   Data   RW          345    .data               user_task.o
    0x20000022   0x0800201e   0x00000007   Data   RW          505    .data               drv_screen.o
    0x20000029   0x08002025   0x00000006   Data   RW          548    .data               drv_fc.o
    0x2000002f   0x0800202b   0x00000007   Data   RW          580    .data               drv_uwb.o
    0x20000036   0x08002032   0x00000004   Data   RW          614    .data               delay.o
    0x2000003a   0x08002036   0x00000018   Data   RW          701    .data               usart.o
    0x20000052   0x0800204e   0x00000010   Data   RW         1096    .data               stm32f4xx_rcc.o
    0x20000062   0x0800205e   0x00000002   PAD
    0x20000064        -       0x00000028   Zero   RW          504    .bss                drv_screen.o
    0x2000008c        -       0x00000028   Zero   RW          547    .bss                drv_fc.o
    0x200000b4        -       0x00000014   Zero   RW          579    .bss                drv_uwb.o
    0x200000c8        -       0x00000858   Zero   RW          700    .bss                usart.o
    0x20000920        -       0x00000060   Zero   RW         2214    .bss                c_w.l(libspace.o)
    0x20000980        -       0x00000200   Zero   RW          893    HEAP                startup_stm32f40_41xxx.o
    0x20000b80        -       0x00000400   Zero   RW          892    STACK               startup_stm32f40_41xxx.o


==============================================================================

Image component sizes


      Code (inc. data)   RO Data    RW Data    ZI Data      Debug   Object Name

        64          4          0          0          0        528   beep.o
       192         12          0          4          0       1900   delay.o
       252         36          0          6         40       2026   drv_fc.o
       552         38          0          7         40       3635   drv_screen.o
       224         22          0          7         20       1919   drv_uwb.o
        68          8          0          0          0        523   key.o
        64          4          0          0          0        519   led.o
        28          4          0          0          0     281955   main.o
       160         14          0          0          0       1498   misc.o
        64         26        392          0       1536        828   startup_stm32f40_41xxx.o
       230          0          0          0          0       3341   stm32f4xx_gpio.o
       186         16          0          6          0     237319   stm32f4xx_it.o
       392         48          0         16          0       5681   stm32f4xx_rcc.o
       620         82          0          0          0       4859   stm32f4xx_tim.o
       720         42          0          0          0       6084   stm32f4xx_usart.o
       340         32          0          0          0       1425   system_stm32f4xx.o
       270          8          0          0          0       1965   timer.o
      2274        260          0         24       2136      15604   usart.o
       756         78          0         28          0      29494   user_task.o

    ----------------------------------------------------------------------
      7470        734        424        100       3772     601103   Object Totals
         0          0         32          0          0          0   (incl. Generated)
        14          0          0          2          0          0   (incl. Padding)

    ----------------------------------------------------------------------

      Code (inc. data)   RO Data    RW Data    ZI Data      Debug   Library Member Name

         8          0          0          0          0         68   __main.o
         0          0          0          0          0          0   __rtentry.o
        12          0          0          0          0          0   __rtentry2.o
         6          0          0          0          0          0   __rtentry4.o
        52          8          0          0          0          0   __scatter.o
        26          0          0          0          0          0   __scatter_copy.o
        28          0          0          0          0          0   __scatter_zi.o
        18          0          0          0          0         80   exit.o
         6          0          0          0          0        152   heapauxi.o
         0          0          0          0          0          0   indicate_semi.o
         2          0          0          0          0          0   libinit.o
         6          0          0          0          0          0   libinit2.o
         2          0          0          0          0          0   libshutdown.o
         2          0          0          0          0          0   libshutdown2.o
         8          4          0          0         96         68   libspace.o
         2          0          0          0          0          0   rtexit.o
        10          0          0          0          0          0   rtexit2.o
        12          4          0          0          0         68   sys_exit.o
        74          0          0          0          0         80   sys_stackheap_outer.o
         2          0          0          0          0         68   use_no_semi.o
        10          0          0          0          0        116   fpinit.o

    ----------------------------------------------------------------------
       294         16          0          0         96        700   Library Totals
         8          0          0          0          0          0   (incl. Padding)

    ----------------------------------------------------------------------

      Code (inc. data)   RO Data    RW Data    ZI Data      Debug   Library Name

       276         16          0          0         96        584   c_w.l
        10          0          0          0          0        116   fz_wm.l

    ----------------------------------------------------------------------
       294         16          0          0         96        700   Library Totals

    ----------------------------------------------------------------------

==============================================================================


      Code (inc. data)   RO Data    RW Data    ZI Data      Debug   

      7764        750        424        100       3868     592947   Grand Totals
      7764        750        424        100       3868     592947   ELF Image Totals
      7764        750        424        100          0          0   ROM Totals

==============================================================================

    Total RO  Size (Code + RO Data)                 8188 (   8.00kB)
    Total RW  Size (RW Data + ZI Data)              3968 (   3.88kB)
    Total ROM Size (Code + RO Data + RW Data)       8288 (   8.09kB)

==============================================================================

