<html>
<body>
<pre>
<h1>µVision Build Log</h1>
<h2>Tool Versions:</h2>
IDE-Version: ¦ÌVision V5.27.1.0
Copyright (C) 2019 ARM Ltd and ARM Germany GmbH. All rights reserved.
License Information: Stone 1761123568@qq.com, SEU, LIC=9WSKC-7YABR-Z9NG9-4YDKP-EUBXA-754D1
 
Tool Versions:
Toolchain:       MDK-ARM Plus  Version: 5.27.1.0
Toolchain Path:  E:\Program Files\Keil\ARM\ARMCC\Bin
C Compiler:      Armcc.exe V5.06 update 6 (build 750)
Assembler:       Armasm.exe V5.06 update 6 (build 750)
Linker/Locator:  ArmLink.exe V5.06 update 6 (build 750)
Library Manager: ArmAr.exe V5.06 update 6 (build 750)
Hex Converter:   FromElf.exe V5.06 update 6 (build 750)
CPU DLL:         SARMCM3.DLL V5.27.1.0
Dialog DLL:      DCM.DLL V1.17.2.0
Target DLL:      Segger\JL2CM3.dll V2.99.35.0
Dialog DLL:      TCM.DLL V1.36.1.0
 
<h2>Project:</h2>
C:\Users\17611\Desktop\282047\ÎÞÈË»ú7.25_2331\ProjectSTM32F407\ANO_LX_STM32F407.uvprojx
Project File Date:  07/28/2022

<h2>Output:</h2>
*** Using Compiler 'V5.06 update 6 (build 750)', folder: 'E:\Program Files\Keil\ARM\ARMCC\Bin'
Rebuild target 'Ano_LX'
compiling Ano_Kalman.c...
compiling main.c...
compiling Ano_Math.c...
compiling LX_FC_Fun.c...
compiling Drv_AnoOf.c...
compiling LX_FC_EXT_Sensor.c...
compiling Ano_Scheduler.c...
compiling Drv_BSP.c...
compiling Ano_Pid.c...
compiling LX_FC_State.c...
compiling ANO_LX.c...
..\FcSrc\ANO_LX.c(58): warning:  #550-D: variable "fail_safe_change_mod"  was set but never used
      static u8  fail_safe_change_mod, fail_safe_return_home;
..\FcSrc\ANO_LX.c(58): warning:  #550-D: variable "fail_safe_return_home"  was set but never used
      static u8  fail_safe_change_mod, fail_safe_return_home;
..\FcSrc\ANO_LX.c: 2 warnings, 0 errors
compiling ANO_DT_LX.c...
compiling User_Task.c...
compiling Drv_UbloxGPS.c...
assembling startup_stm32f4xx.s...
compiling Drv_OpenMV.c...
compiling stm32f4xx_it.c...
compiling Drv_Ctrl.c...
compiling Drv_Sys.c...
compiling Drv_led.c...
compiling Drv_adc.c...
compiling Drv_PwmOut.c...
compiling Drv_Timer.c...
compiling Drv_RcIn.c...
compiling Motor.c...
..\DriversMcu\Motor.c(22): warning:  #188-D: enumerated type mixed with another type
      GPIO_WriteBit(GPIO_MOTOR, Pin_MOTOR4,(data & 0x08) >> 3 ); 
..\DriversMcu\Motor.c(23): warning:  #188-D: enumerated type mixed with another type
      GPIO_WriteBit(GPIO_MOTOR, Pin_MOTOR3,(data & 0x04) >> 2 ); 
..\DriversMcu\Motor.c(24): warning:  #188-D: enumerated type mixed with another type
      GPIO_WriteBit(GPIO_MOTOR, Pin_MOTOR2,(data & 0x02) >> 1 ); 
..\DriversMcu\Motor.c(25): warning:  #188-D: enumerated type mixed with another type
      GPIO_WriteBit(GPIO_MOTOR, Pin_MOTOR1,(data & 0x01) ); 
..\DriversMcu\Motor.c: 4 warnings, 0 errors
compiling Drv_Beep.c...
compiling system_stm32f4xx.c...
compiling Drv_Uart.c...
compiling misc.c...
compiling stm32f4xx_exti.c...
compiling stm32f4xx_adc.c...
compiling stm32f4xx_dma.c...
compiling stm32f4xx_flash.c...
compiling stm32f4xx_gpio.c...
compiling stm32f4xx_spi.c...
compiling stm32f4xx_usart.c...
compiling stm32f4xx_rcc.c...
compiling stm32f4xx_tim.c...
linking...
Program Size: Code=55404 RO-data=2112 RW-data=628 ZI-data=6364  
FromELF: creating hex file...
After Build - User command #1: fromelf.exe --bin -o ./ANO-LX.bin ./build/Ano_LX.axf
".\build\ANO_LX.axf" - 0 Error(s), 6 Warning(s).

<h2>Software Packages used:</h2>

Package Vendor: Keil
                http://www.keil.com/pack/Keil.STM32F4xx_DFP.2.13.0.pack
                Keil.STM32F4xx_DFP.2.13.0
                STMicroelectronics STM32F4 Series Device Support, Drivers and Examples

<h2>Collection of Component include folders:</h2>
  .\RTE\_Ano_LX
  C:\Users\17611\AppData\Local\Arm\Packs\Keil\STM32F4xx_DFP\2.13.0\Drivers\CMSIS\Device\ST\STM32F4xx\Include

<h2>Collection of Component Files used:</h2>
Build Time Elapsed:  00:00:03
</pre>
</body>
</html>
