Component: ARM Compiler 5.06 update 6 (build 750) Tool: armlink [4d35ed]

==============================================================================

Section Cross References

    main.o(.text) refers to drv_bsp.o(.text) for All_Init
    main.o(.text) refers to drv_sys.o(.text) for MyDelayMs
    main.o(.text) refers to lx_fc_fun.o(.text) for LX_Change_Mode
    main.o(.text) refers to ano_scheduler.o(.text) for Scheduler_Setup
    main.o(.text) refers to ano_scheduler.o(.data) for Working_Mode
    ano_scheduler.o(.text) refers to motor.o(.text) for WriteData
    ano_scheduler.o(.text) refers to ano_pid.o(.text) for PID_Height_Set
    ano_scheduler.o(.text) refers to lx_fc_fun.o(.text) for Set_vel_Z
    ano_scheduler.o(.text) refers to user_task.o(.text) for User_Task0
    ano_scheduler.o(.text) refers to drv_sys.o(.text) for GetSysRunTimeMs
    ano_scheduler.o(.text) refers to motor.o(.data) for Motor_control
    ano_scheduler.o(.text) refers to user_task.o(.data) for _Height_PID_Flag_
    ano_scheduler.o(.text) refers to drv_anoof.o(.bss) for ano_of
    ano_scheduler.o(.text) refers to ano_scheduler.o(.data) for Z_velo
    ano_scheduler.o(.text) refers to drv_openmv.o(.data) for circle_feature
    ano_scheduler.o(.text) refers to drv_ctrl.o(.data) for Position_Feature
    ano_scheduler.o(.data) refers to ano_scheduler.o(.text) for Loop_10000Hz
    user_task.o(.text) refers to drv_uart.o(.text) for DrvUart3SendBuf
    user_task.o(.text) refers to lx_fc_fun.o(.text) for FC_Unlock
    user_task.o(.text) refers to drv_sys.o(.text) for GetSysRunTimeMs
    user_task.o(.text) refers to ano_math.o(.text) for my_abs
    user_task.o(.text) refers to user_task.o(.data) for Red_Triangle_cmd
    user_task.o(.text) refers to drv_ctrl.o(.data) for Ctrl_TargetOne
    user_task.o(.text) refers to drv_openmv.o(.data) for circle_feature
    user_task.o(.text) refers to motor.o(.data) for Motor_control
    user_task.o(.text) refers to ano_scheduler.o(.data) for Working_Mode
    ano_dt_lx.o(.text) refers to drv_uart.o(.text) for DrvUart5SendBuf
    ano_dt_lx.o(.text) refers to ano_dt_lx.o(.bss) for dt
    ano_dt_lx.o(.text) refers to ano_lx.o(.bss) for pwm_to_esc
    ano_dt_lx.o(.text) refers to drv_led.o(.data) for led
    ano_dt_lx.o(.text) refers to lx_fc_state.o(.bss) for fc_sta
    ano_dt_lx.o(.text) refers to ano_dt_lx.o(.data) for rxstate
    ano_dt_lx.o(.text) refers to ano_lx.o(.data) for fc_bat
    ano_dt_lx.o(.text) refers to lx_fc_ext_sensor.o(.bss) for ext_sens
    ano_dt_lx.o(.text) refers to drv_bsp.o(.bss) for rc_in
    ano_dt_lx.o(.text) refers to drv_anoof.o(.bss) for ano_of
    ano_dt_lx.o(.text) refers to ano_scheduler.o(.data) for X_velo
    ano_dt_lx.o(.text) refers to drv_openmv.o(.data) for circle_feature
    ano_lx.o(.text) refers to lx_fc_fun.o(.text) for LX_Change_Mode
    ano_lx.o(.text) refers to ano_math.o(.text) for my_deadzone
    ano_lx.o(.text) refers to drv_pwmout.o(.text) for DrvMotorPWMSet
    ano_lx.o(.text) refers to drv_adc.o(.text) for Drv_AdcGetBatVot
    ano_lx.o(.text) refers to drv_bsp.o(.text) for DrvRcInputTask
    ano_lx.o(.text) refers to lx_fc_state.o(.text) for LX_FC_State_Task
    ano_lx.o(.text) refers to drv_anoof.o(.text) for AnoOF_Check_State
    ano_lx.o(.text) refers to drv_bsp.o(.bss) for rc_in
    ano_lx.o(.text) refers to ano_lx.o(.data) for mod_f
    ano_lx.o(.text) refers to lx_fc_state.o(.data) for sti_fun
    ano_lx.o(.text) refers to ano_lx.o(.bss) for rt_tar
    ano_lx.o(.text) refers to ano_dt_lx.o(.bss) for dt
    ano_lx.o(.text) refers to drv_uart.o(.text) for DrvUartDataCheck
    ano_lx.o(.text) refers to lx_fc_ext_sensor.o(.text) for LX_FC_EXT_Sensor_Task
    ano_lx.o(.text) refers to ano_dt_lx.o(.text) for ANO_LX_Data_Exchange_Task
    ano_lx.o(.text) refers to drv_led.o(.text) for LED_1ms_DRV
    lx_fc_ext_sensor.o(.text) refers to drv_anoof.o(.bss) for ano_of
    lx_fc_ext_sensor.o(.text) refers to lx_fc_ext_sensor.o(.data) for of_alt_update_cnt
    lx_fc_ext_sensor.o(.text) refers to lx_fc_ext_sensor.o(.bss) for ext_sens
    lx_fc_ext_sensor.o(.text) refers to ano_dt_lx.o(.bss) for dt
    lx_fc_fun.o(.text) refers to ano_dt_lx.o(.text) for CMD_Send
    lx_fc_fun.o(.text) refers to lx_fc_fun.o(.data) for buff
    lx_fc_fun.o(.text) refers to ano_lx.o(.bss) for rt_tar
    lx_fc_fun.o(.text) refers to lx_fc_state.o(.bss) for fc_sta
    lx_fc_fun.o(.text) refers to ano_dt_lx.o(.bss) for dt
    lx_fc_state.o(.text) refers to lx_fc_fun.o(.text) for FC_Unlock
    lx_fc_state.o(.text) refers to drv_bsp.o(.bss) for rc_in
    lx_fc_state.o(.text) refers to lx_fc_state.o(.data) for sti_fun
    lx_fc_state.o(.text) refers to lx_fc_state.o(.bss) for fc_sta
    ano_pid.o(.text) refers to ano_pid.o(.bss) for Height_PID_val
    ano_pid.o(.text) refers to ano_pid.o(.data) for Height_PID_arg
    ano_math.o(.text) refers to cdcmple.o(.text) for __aeabi_cdcmple
    ano_math.o(.text) refers to dmul.o(.text) for __aeabi_dmul
[...]
    Add_Send_Data                            0x08001687   Thumb Code   598  ano_dt_lx.o(.text)
    Frame_Send                               0x080018dd   Thumb Code   190  ano_dt_lx.o(.text)
    Check_To_Send                            0x0800199b   Thumb Code   138  ano_dt_lx.o(.text)
    CK_Back_Check                            0x08001a8b   Thumb Code    90  ano_dt_lx.o(.text)
    .text                                    0x08001b18   Section        0  ano_lx.o(.text)
    RC_Data_Task                             0x08001b19   Thumb Code   562  ano_lx.o(.text)
    ESC_Output                               0x08001d4b   Thumb Code   364  ano_lx.o(.text)
    Bat_Voltage_Data_Handle                  0x08001eb7   Thumb Code    28  ano_lx.o(.text)
    .text                                    0x08001fcc   Section        0  lx_fc_ext_sensor.o(.text)
    General_Velocity_Data_Handle             0x0800201b   Thumb Code   120  lx_fc_ext_sensor.o(.text)
    .text                                    0x080020b0   Section        0  lx_fc_fun.o(.text)
    .text                                    0x08002530   Section        0  lx_fc_state.o(.text)
    LX_Unlock_Lock_Check                     0x08002531   Thumb Code   438  lx_fc_state.o(.text)
    .text                                    0x080027b4   Section        0  ano_pid.o(.text)
    .text                                    0x080029d8   Section        0  ano_math.o(.text)
    .text                                    0x08003254   Section        0  drv_bsp.o(.text)
    rcSignalCheck                            0x0800355b   Thumb Code   168  drv_bsp.o(.text)
    .text                                    0x08003720   Section        0  drv_anoof.o(.text)
    AnoOF_DataAnl                            0x080037d5   Thumb Code   364  drv_anoof.o(.text)
    .text                                    0x08003a60   Section        0  drv_openmv.o(.text)
    OpenMVNo1_Data_Analysis                  0x08003a61   Thumb Code   174  drv_openmv.o(.text)
    OpenMVNo2_Data_Analysis                  0x08003b0f   Thumb Code    54  drv_openmv.o(.text)
    .text                                    0x08003d58   Section        0  drv_ctrl.o(.text)
    Ctrl_Data_Analysis                       0x08003d59   Thumb Code   122  drv_ctrl.o(.text)
    .text                                    0x08003f94   Section        0  stm32f4xx_it.o(.text)
    .text                                    0x08004010   Section        0  drv_sys.o(.text)
    .text                                    0x08004118   Section        0  drv_adc.o(.text)
    initAdcDMA                               0x08004119   Thumb Code   108  drv_adc.o(.text)
    .text                                    0x080042ac   Section        0  drv_led.o(.text)
    .text                                    0x080043c8   Section        0  drv_pwmout.o(.text)
    .text                                    0x08004744   Section        0  drv_rcin.o(.text)
    .text                                    0x08004928   Section        0  drv_timer.o(.text)
    .text                                    0x080049b4   Section        0  drv_uart.o(.text)
    .text                                    0x08005404   Section        0  drv_beep.o(.text)
    .text                                    0x08005480   Section        0  motor.o(.text)
    .text                                    0x08005504   Section       36  startup_stm32f4xx.o(.text)
    $v0                                      0x08005504   Number         0  startup_stm32f4xx.o(.text)
    .text                                    0x08005528   Section        0  system_stm32f4xx.o(.text)
    SetSysClock                              0x08005529   Thumb Code   220  system_stm32f4xx.o(.text)
    .text                                    0x08005738   Section        0  misc.o(.text)
    .text                                    0x080058f8   Section        0  stm32f4xx_adc.o(.text)
    .text                                    0x080068d4   Section        0  stm32f4xx_dma.o(.text)
    .text                                    0x08007c3c   Section        0  stm32f4xx_exti.o(.text)
    .text                                    0x08007f10   Section        0  stm32f4xx_gpio.o(.text)
    .text                                    0x080087d8   Section        0  stm32f4xx_rcc.o(.text)
    .text                                    0x080094d4   Section        0  stm32f4xx_tim.o(.text)
    TI4_Config                               0x0800b14d   Thumb Code    80  stm32f4xx_tim.o(.text)
    TI3_Config                               0x0800b231   Thumb Code    72  stm32f4xx_tim.o(.text)
    TI2_Config                               0x0800b2ef   Thumb Code    80  stm32f4xx_tim.o(.text)
    TI1_Config                               0x0800b3c5   Thumb Code    58  stm32f4xx_tim.o(.text)
    .text                                    0x0800c6c0   Section        0  stm32f4xx_usart.o(.text)
    .text                                    0x0800d4e4   Section        0  dadd.o(.text)
    .text                                    0x0800d632   Section        0  dmul.o(.text)
    .text                                    0x0800d716   Section        0  dflti.o(.text)
    .text                                    0x0800d738   Section       48  cdcmple.o(.text)
    .text                                    0x0800d768   Section       48  cdrcmple.o(.text)
    .text                                    0x0800d798   Section        0  d2f.o(.text)
    .text                                    0x0800d7d0   Section        0  llshl.o(.text)
    .text                                    0x0800d7ee   Section        0  llsshr.o(.text)
    .text                                    0x0800d812   Section        0  fepilogue.o(.text)
    .text                                    0x0800d812   Section        0  iusefp.o(.text)
    .text                                    0x0800d880   Section        0  depilogue.o(.text)
    .text                                    0x0800d93c   Section       36  init.o(.text)
    .text                                    0x0800d960   Section        0  llushr.o(.text)
    .text                                    0x0800d980   Section        0  __dczerorl2.o(.text)
    i.__scatterload_copy                     0x0800d9d6   Section       14  handlers.o(i.__scatterload_copy)
    i.__scatterload_null                     0x0800d9e4   Section        2  handlers.o(i.__scatterload_null)
    i.__scatterload_zeroinit                 0x0800d9e6   Section       14  handlers.o(i.__scatterload_zeroinit)
    .constdata                               0x0800d9f4   Section     1028  ano_math.o(.constdata)
    .conststring                             0x0800ddf8   Section       72  misc.o(.conststring)
    .conststring                             0x0800de40   Section       81  stm32f4xx_adc.o(.conststring)
    .conststring                             0x0800de94   Section       81  stm32f4xx_dma.o(.conststring)
    .conststring                             0x0800dee8   Section       82  stm32f4xx_exti.o(.conststring)
    .conststring                             0x0800df3c   Section       82  stm32f4xx_gpio.o(.conststring)
    .conststring                             0x0800df90   Section       81  stm32f4xx_rcc.o(.conststring)
    .conststring                             0x0800dfe4   Section       81  stm32f4xx_tim.o(.conststring)
    .conststring                             0x0800e038   Section       83  stm32f4xx_usart.o(.conststring)
    .data                                    0x20000000   Section       84  ano_scheduler.o(.data)
    sched_tasks                              0x2000000c   Data          72  ano_scheduler.o(.data)
    .data                                    0x20000054   Section      244  user_task.o(.data)
    Task_State                               0x200000a4   Data           1  user_task.o(.data)
    .data                                    0x20000148   Section        6  ano_dt_lx.o(.data)
    DT_data_cnt                              0x20000148   Data           1  ano_dt_lx.o(.data)
    repeat_cnt                               0x20000149   Data           1  ano_dt_lx.o(.data)
    _data_len                                0x2000014a   Data           1  ano_dt_lx.o(.data)
    _data_cnt                                0x2000014b   Data           1  ano_dt_lx.o(.data)
    rxstate                                  0x2000014c   Data           1  ano_dt_lx.o(.data)
    time_dly                                 0x2000014d   Data           1  ano_dt_lx.o(.data)
    .data                                    0x2000014e   Section       18  ano_lx.o(.data)
    fail_safe_change_mod                     0x20000152   Data           1  ano_lx.o(.data)
    fail_safe_return_home                    0x20000153   Data           1  ano_lx.o(.data)
    mod_f                                    0x20000154   Data           3  ano_lx.o(.data)
    mod_f_time_cnt                           0x20000158   Data           2  ano_lx.o(.data)
    esc_calibrated                           0x2000015a   Data           1  ano_lx.o(.data)
    tmp_cnt                                  0x2000015c   Data           4  ano_lx.o(.data)
    .data                                    0x20000160   Section        4  lx_fc_ext_sensor.o(.data)
    of_update_cnt                            0x20000160   Data           1  lx_fc_ext_sensor.o(.data)
    of_alt_update_cnt                        0x20000161   Data           1  lx_fc_ext_sensor.o(.data)
    dT_ms                                    0x20000162   Data           1  lx_fc_ext_sensor.o(.data)
    of_alt_update_cnt                        0x20000163   Data           1  lx_fc_ext_sensor.o(.data)
    .data                                    0x20000164   Section        2  lx_fc_fun.o(.data)
    buff                                     0x20000164   Data           1  lx_fc_fun.o(.data)
    old_mode                                 0x20000165   Data           1  lx_fc_fun.o(.data)
    .data                                    0x20000166   Section        6  lx_fc_state.o(.data)
    time_dly_cnt_ms                          0x20000168   Data           2  lx_fc_state.o(.data)
    unlock_lock_flag                         0x2000016a   Data           1  lx_fc_state.o(.data)
    cali_f                                   0x2000016b   Data           1  lx_fc_state.o(.data)
    .data                                    0x2000016c   Section      100  ano_pid.o(.data)
    Height_PID_arg                           0x20000170   Data          24  ano_pid.o(.data)
    X_PID_arg                                0x20000188   Data          24  ano_pid.o(.data)
    Y_PID_arg                                0x200001a0   Data          24  ano_pid.o(.data)
    Angle_PID_arg                            0x200001b8   Data          24  ano_pid.o(.data)
    .data                                    0x200001d0   Section       18  drv_bsp.o(.data)
    ch_sta                                   0x200001d0   Data           1  drv_bsp.o(.data)
    sbus_time                                0x200001d4   Data           8  drv_bsp.o(.data)
    cnt                                      0x200001dc   Data           1  drv_bsp.o(.data)
    frame_cnt                                0x200001dd   Data           1  drv_bsp.o(.data)
    cnt_tmp                                  0x200001de   Data           1  drv_bsp.o(.data)
    time_dly                                 0x200001e0   Data           2  drv_bsp.o(.data)
    .data                                    0x200001e2   Section        3  drv_anoof.o(.data)
    _data_len                                0x200001e2   Data           1  drv_anoof.o(.data)
    _data_cnt                                0x200001e3   Data           1  drv_anoof.o(.data)
    rxstate                                  0x200001e4   Data           1  drv_anoof.o(.data)
    .data                                    0x200001e6   Section       31  drv_openmv.o(.data)
    rec_sta                                  0x20000201   Data           1  drv_openmv.o(.data)
    objtype                                  0x20000202   Data           1  drv_openmv.o(.data)
    rec_sta                                  0x20000203   Data           1  drv_openmv.o(.data)
    objtype                                  0x20000204   Data           1  drv_openmv.o(.data)
    .data                                    0x20000206   Section       17  drv_ctrl.o(.data)
    rec_sta                                  0x20000215   Data           1  drv_ctrl.o(.data)
    objtype                                  0x20000216   Data           1  drv_ctrl.o(.data)
    .data                                    0x20000218   Section        8  drv_sys.o(.data)
    SysRunTimeMs                             0x20000218   Data           8  drv_sys.o(.data)
    .data                                    0x20000220   Section       12  drv_led.o(.data)
    led_cnt                                  0x20000224   Data           8  drv_led.o(.data)
    .data                                    0x2000022c   Section        4  drv_rcin.o(.data)
    temp_cnt                                 0x2000022c   Data           4  drv_rcin.o(.data)
    .data                                    0x20000230   Section       20  drv_uart.o(.data)
    .data                                    0x20000244   Section       10  motor.o(.data)
    .data                                    0x20000250   Section       20  system_stm32f4xx.o(.data)
    .data                                    0x20000264   Section       16  stm32f4xx_rcc.o(.data)
    APBAHBPrescTable                         0x20000264   Data          16  stm32f4xx_rcc.o(.data)
    .bss                                     0x20000274   Section     1872  ano_dt_lx.o(.bss)
    DT_RxBuffer                              0x200008c4   Data         256  ano_dt_lx.o(.bss)
    .bss                                     0x200009c4   Section       46  ano_lx.o(.bss)
    pwm                                      0x200009e2   Data          16  ano_lx.o(.bss)
    .bss                                     0x200009f2   Section       48  lx_fc_ext_sensor.o(.bss)
    .bss                                     0x20000a22   Section       11  lx_fc_state.o(.bss)
    .bss                                     0x20000a30   Section      160  ano_pid.o(.bss)
    Height_PID_val                           0x20000a30   Data          40  ano_pid.o(.bss)
    X_PID_val                                0x20000a58   Data          40  ano_pid.o(.bss)
    Y_PID_val                                0x20000a80   Data          40  ano_pid.o(.bss)
    Angle_PID_val                            0x20000aa8   Data          40  ano_pid.o(.bss)
    .bss                                     0x20000ad0   Section      107  drv_bsp.o(.bss)
    datatmp                                  0x20000b22   Data          25  drv_bsp.o(.bss)
    .bss                                     0x20000b3c   Section      124  drv_anoof.o(.bss)
    _datatemp                                0x20000b78   Data          50  drv_anoof.o(.bss)
    check_time_ms                            0x20000bac   Data          12  drv_anoof.o(.bss)
    .bss                                     0x20000bb8   Section       40  drv_openmv.o(.bss)
    .bss                                     0x20000be0   Section       20  drv_ctrl.o(.bss)
    .bss                                     0x20000bf4   Section      100  drv_adc.o(.bss)
    .bss                                     0x20000c58   Section     1780  drv_uart.o(.bss)
    STACK                                    0x20001350   Section     2048  startup_stm32f4xx.o(STACK)

    Global Symbols

    Symbol Name                              Value     Ov Type        Size  Object(Section)

    BuildAttributes$$THM_ISAv4$E$P$D$K$B$S$7EM$VFPi3$EXTD16$VFPS$VFMA$PE$A:L22UL41UL21$X:L11$S22US41US21$IEEE1$IW$USESV6$~STKCKD$USESV7$~SHL$OTIME$ROPI$EBA8$MICROLIB$REQ8$PRES8$EABIv2 0x00000000   Number         0  anon$$obj.o ABSOLUTE
    __ARM_use_no_argv                        0x00000000   Number         0  main.o ABSOLUTE
    __cpp_initialize__aeabi_                  - Undefined Weak Reference
    __cxa_finalize                            - Undefined Weak Reference
    _clock_init                               - Undefined Weak Reference
    _microlib_exit                            - Undefined Weak Reference
    __Vectors_Size                           0x00000188   Number         0  startup_stm32f4xx.o ABSOLUTE
    __Vectors                                0x08000000   Data           4  startup_stm32f4xx.o(RESET)
    __Vectors_End                            0x08000188   Data           0  startup_stm32f4xx.o(RESET)
    __main                                   0x08000189   Thumb Code     0  entry.o(.ARM.Collect$$$$00000000)
    _main_stk                                0x08000189   Thumb Code     0  entry2.o(.ARM.Collect$$$$00000001)
    _main_scatterload                        0x0800018d   Thumb Code     0  entry5.o(.ARM.Collect$$$$00000004)
    __main_after_scatterload                 0x08000191   Thumb Code     0  entry5.o(.ARM.Collect$$$$00000004)
    _main_clock                              0x08000191   Thumb Code     0  entry7b.o(.ARM.Collect$$$$00000008)
    _main_cpp_init                           0x08000191   Thumb Code     0  entry8b.o(.ARM.Collect$$$$0000000A)
    _main_init                               0x08000191   Thumb Code     0  entry9a.o(.ARM.Collect$$$$0000000B)
    __rt_final_cpp                           0x08000199   Thumb Code     0  entry10a.o(.ARM.Collect$$$$0000000D)
    __rt_final_exit                          0x08000199   Thumb Code     0  entry11a.o(.ARM.Collect$$$$0000000F)
    assert_failed                            0x0800019d   Thumb Code     4  main.o(.text)
    main                                     0x080001a1   Thumb Code    44  main.o(.text)
    Scheduler_Setup                          0x08000509   Thumb Code    76  ano_scheduler.o(.text)
    Scheduler_Run                            0x08000555   Thumb Code    76  ano_scheduler.o(.text)
    Find_object_in_task1                     0x08000605   Thumb Code   138  user_task.o(.text)
    User_Task0                               0x0800068f   Thumb Code     8  user_task.o(.text)
    User_Task1                               0x08000697   Thumb Code  1482  user_task.o(.text)
    User_Task2                               0x08000c61   Thumb Code  1672  user_task.o(.text)
    User_Task3                               0x080012e9   Thumb Code     8  user_task.o(.text)
    ANO_DT_Init                              0x080012f5   Thumb Code   212  ano_dt_lx.o(.text)
    CK_Back                                  0x080013d9   Thumb Code    12  ano_dt_lx.o(.text)
    PAR_Back                                 0x080013e5   Thumb Code    14  ano_dt_lx.o(.text)
    ANO_DT_LX_Data_Receive_Prepare           0x08001585   Thumb Code   258  ano_dt_lx.o(.text)
    CMD_Send                                 0x08001a25   Thumb Code    22  ano_dt_lx.o(.text)
    ANO_LX_Data_Exchange_Task                0x08001a3b   Thumb Code    80  ano_dt_lx.o(.text)
    ANO_LX_Task                              0x08001ed3   Thumb Code   240  ano_lx.o(.text)
    LX_FC_EXT_Sensor_Task                    0x08001fcd   Thumb Code    78  lx_fc_ext_sensor.o(.text)
    Judge_Appear                             0x080020b1   Thumb Code    76  lx_fc_fun.o(.text)
    Set_vel_X                                0x080020fd   Thumb Code    34  lx_fc_fun.o(.text)
    Set_vel_Y                                0x0800211f   Thumb Code    34  lx_fc_fun.o(.text)
    Set_vel_Z                                0x08002141   Thumb Code    34  lx_fc_fun.o(.text)
    Set_Dps_Yaw                              0x08002163   Thumb Code     6  lx_fc_fun.o(.text)
    Stop_Motion                              0x08002169   Thumb Code    14  lx_fc_fun.o(.text)
    Stop_Horizontal_Move                     0x08002177   Thumb Code    12  lx_fc_fun.o(.text)
    FC_Unlock                                0x08002183   Thumb Code    56  lx_fc_fun.o(.text)
    FC_Lock                                  0x080021bb   Thumb Code    56  lx_fc_fun.o(.text)
    LX_Change_Mode                           0x080021f3   Thumb Code    80  lx_fc_fun.o(.text)
    FC_Turn_Left                             0x08002243   Thumb Code    82  lx_fc_fun.o(.text)
    FC_Turn_Right                            0x08002295   Thumb Code    82  lx_fc_fun.o(.text)
    FC_UP_DOWN                               0x080022e7   Thumb Code    98  lx_fc_fun.o(.text)
    OneKey_Return_Home                       0x08002349   Thumb Code    50  lx_fc_fun.o(.text)
    OneKey_Takeoff                           0x0800237b   Thumb Code    66  lx_fc_fun.o(.text)
    OneKey_Land                              0x080023bd   Thumb Code    50  lx_fc_fun.o(.text)
    Horizontal_Move                          0x080023ef   Thumb Code    98  lx_fc_fun.o(.text)
    Horizontal_Calibrate                     0x08002451   Thumb Code    50  lx_fc_fun.o(.text)
    Mag_Calibrate                            0x08002483   Thumb Code    70  lx_fc_fun.o(.text)
    ACC_Calibrate                            0x080024c9   Thumb Code    50  lx_fc_fun.o(.text)
    GYR_Calibrate                            0x080024fb   Thumb Code    50  lx_fc_fun.o(.text)
    LX_Cali_Trig_Check                       0x080026e7   Thumb Code   150  lx_fc_state.o(.text)
    LX_FC_State_Task                         0x0800277d   Thumb Code    26  lx_fc_state.o(.text)
    PID_calculate                            0x080027b5   Thumb Code   284  ano_pid.o(.text)
    PID_Height_Set                           0x080028d1   Thumb Code    48  ano_pid.o(.text)
    PID_XTracking                            0x08002901   Thumb Code    48  ano_pid.o(.text)
    PID_YTracking                            0x08002931   Thumb Code    48  ano_pid.o(.text)
    PID_AngleAdjusting                       0x08002961   Thumb Code    70  ano_pid.o(.text)
    my_abs                                   0x080029d9   Thumb Code    26  ano_math.o(.text)
    fast_atan2                               0x080029f3   Thumb Code   350  ano_math.o(.text)
    my_atan                                  0x08002b51   Thumb Code    24  ano_math.o(.text)
    my_sqrt_reciprocal                       0x08002b69   Thumb Code    76  ano_math.o(.text)
    my_sqrt                                  0x08002bb5   Thumb Code    20  ano_math.o(.text)
    mx_sin                                   0x08002bc9   Thumb Code   292  ano_math.o(.text)
    my_sin                                   0x08002ced   Thumb Code   108  ano_math.o(.text)
    my_cos                                   0x08002d59   Thumb Code   136  ano_math.o(.text)
    my_deadzone                              0x08002de1   Thumb Code   152  ano_math.o(.text)
    my_deadzone_2                            0x08002e79   Thumb Code    48  ano_math.o(.text)
    my_HPF                                   0x08002ea9   Thumb Code   346  ano_math.o(.text)
    To_180_degrees_db                        0x08003003   Thumb Code   108  ano_math.o(.text)
    length_limit                             0x0800306f   Thumb Code   140  ano_math.o(.text)
    fifo                                     0x080030fb   Thumb Code    42  ano_math.o(.text)
    rot_vec_2                                0x08003125   Thumb Code    84  ano_math.o(.text)
    vec_2_cross_product                      0x08003179   Thumb Code    26  ano_math.o(.text)
    vec_2_dot_product                        0x08003193   Thumb Code    26  ano_math.o(.text)
    vec_3_cross_product_err_sinx             0x080031ad   Thumb Code    86  ano_math.o(.text)
    vec_3_dot_product                        0x08003203   Thumb Code    38  ano_math.o(.text)
    DrvRcInputInit                           0x08003255   Thumb Code    16  drv_bsp.o(.text)
    All_Init                                 0x08003265   Thumb Code   106  drv_bsp.o(.text)
    DrvPpmGetOneCh                           0x080032cf   Thumb Code    92  drv_bsp.o(.text)
    DrvSbusGetOneByte                        0x0800332b   Thumb Code   560  drv_bsp.o(.text)
    DrvRcInputTask                           0x08003603   Thumb Code   272  drv_bsp.o(.text)
    AnoOF_Check_State                        0x08003721   Thumb Code   180  drv_anoof.o(.text)
    AnoOF_GetOneByte                         0x08003941   Thumb Code   252  drv_anoof.o(.text)
    OpenMVNo1_GetOneByte                     0x08003b45   Thumb Code   342  drv_openmv.o(.text)
    OpenMVNo2_GetOneByte                     0x08003c9b   Thumb Code   150  drv_openmv.o(.text)
    Ctrl_GetOneByte                          0x08003dd3   Thumb Code   420  drv_ctrl.o(.text)
    NMI_Handler                              0x08003f95   Thumb Code     2  stm32f4xx_it.o(.text)
    MemManage_Handler                        0x08003f97   Thumb Code     4  stm32f4xx_it.o(.text)
    BusFault_Handler                         0x08003f9b   Thumb Code     4  stm32f4xx_it.o(.text)
    UsageFault_Handler                       0x08003f9f   Thumb Code     4  stm32f4xx_it.o(.text)
    SVC_Handler                              0x08003fa3   Thumb Code     2  stm32f4xx_it.o(.text)
    DebugMon_Handler                         0x08003fa5   Thumb Code     2  stm32f4xx_it.o(.text)
    EXTI9_5_IRQHandler                       0x08003fa7   Thumb Code    18  stm32f4xx_it.o(.text)
    TIM3_IRQHandler                          0x08003fb9   Thumb Code     8  stm32f4xx_it.o(.text)
    TIM4_IRQHandler                          0x08003fc1   Thumb Code     2  stm32f4xx_it.o(.text)
    TIM7_IRQHandler                          0x08003fc3   Thumb Code    26  stm32f4xx_it.o(.text)
    USART1_IRQHandler                        0x08003fdd   Thumb Code     8  stm32f4xx_it.o(.text)
    USART2_IRQHandler                        0x08003fe5   Thumb Code     8  stm32f4xx_it.o(.text)
    USART3_IRQHandler                        0x08003fed   Thumb Code     8  stm32f4xx_it.o(.text)
    UART4_IRQHandler                         0x08003ff5   Thumb Code     8  stm32f4xx_it.o(.text)
    UART5_IRQHandler                         0x08003ffd   Thumb Code     8  stm32f4xx_it.o(.text)
    USART6_IRQHandler                        0x08004005   Thumb Code     8  stm32f4xx_it.o(.text)
    SysTick_Init                             0x08004011   Thumb Code   100  drv_sys.o(.text)
    SysTick_Handler                          0x08004075   Thumb Code    20  drv_sys.o(.text)
    GetSysRunTimeMs                          0x08004089   Thumb Code     6  drv_sys.o(.text)
    GetSysRunTimeUs                          0x0800408f   Thumb Code    62  drv_sys.o(.text)
    MyDelayUs                                0x080040cd   Thumb Code    24  drv_sys.o(.text)
    MyDelayMs                                0x080040e5   Thumb Code    24  drv_sys.o(.text)
    DrvSysInit                               0x080040fd   Thumb Code    16  drv_sys.o(.text)
    DrvAdcInit                               0x08004185   Thumb Code   168  drv_adc.o(.text)
    Drv_AdcGetBatVot                         0x0800422d   Thumb Code    92  drv_adc.o(.text)
    DvrLedInit                               0x080042ad   Thumb Code   112  drv_led.o(.text)
    LED_On_Off                               0x0800431d   Thumb Code    82  drv_led.o(.text)
    LED_1ms_DRV                              0x0800436f   Thumb Code    78  drv_led.o(.text)
    DrvPwmOutInit                            0x080043c9   Thumb Code   742  drv_pwmout.o(.text)
    DrvMotorPWMSet                           0x080046af   Thumb Code   112  drv_pwmout.o(.text)
    DrvRcPpmInit                             0x08004745   Thumb Code   176  drv_rcin.o(.text)
    PPM_IRQH                                 0x080047f5   Thumb Code    82  drv_rcin.o(.text)
    DrvRcSbusInit                            0x08004847   Thumb Code   166  drv_rcin.o(.text)
    Sbus_IRQH                                0x080048ed   Thumb Code    40  drv_rcin.o(.text)
    TIM_CONF                                 0x08004929   Thumb Code    80  drv_timer.o(.text)
    TIM_NVIC                                 0x08004979   Thumb Code    32  drv_timer.o(.text)
    DrvTimerFcInit                           0x08004999   Thumb Code    24  drv_timer.o(.text)
    NoUse                                    0x080049b5   Thumb Code     2  drv_uart.o(.text)
    DrvUart1Init                             0x080049b7   Thumb Code   246  drv_uart.o(.text)
    DrvUart1SendBuf                          0x08004aad   Thumb Code    60  drv_uart.o(.text)
    drvU1GetByte                             0x08004ae9   Thumb Code    32  drv_uart.o(.text)
    drvU1DataCheck                           0x08004b09   Thumb Code    52  drv_uart.o(.text)
    Usart1_IRQ                               0x08004b3d   Thumb Code   110  drv_uart.o(.text)
    DrvUart2Init                             0x08004bab   Thumb Code   234  drv_uart.o(.text)
    DrvUart2SendBuf                          0x08004c95   Thumb Code    62  drv_uart.o(.text)
    drvU2GetByte                             0x08004cd3   Thumb Code    32  drv_uart.o(.text)
    drvU2DataCheck                           0x08004cf3   Thumb Code    52  drv_uart.o(.text)
    Usart2_IRQ                               0x08004d27   Thumb Code   120  drv_uart.o(.text)
    DrvUart3Init                             0x08004d9f   Thumb Code   312  drv_uart.o(.text)
    DrvUart3SendBuf                          0x08004ed7   Thumb Code    62  drv_uart.o(.text)
    drvU3GetByte                             0x08004f15   Thumb Code    32  drv_uart.o(.text)
    drvU3DataCheck                           0x08004f35   Thumb Code    52  drv_uart.o(.text)
    Usart3_IRQ                               0x08004f69   Thumb Code   120  drv_uart.o(.text)
    DrvUart4Init                             0x08004fe1   Thumb Code   200  drv_uart.o(.text)
    DrvUart4SendBuf                          0x080050a9   Thumb Code    62  drv_uart.o(.text)
    drvU4GetByte                             0x080050e7   Thumb Code    32  drv_uart.o(.text)
    drvU4DataCheck                           0x08005107   Thumb Code    52  drv_uart.o(.text)
    Uart4_IRQ                                0x0800513b   Thumb Code   120  drv_uart.o(.text)
    DrvUart5Init                             0x080051b3   Thumb Code   288  drv_uart.o(.text)
    DrvUart5SendBuf                          0x080052d3   Thumb Code    60  drv_uart.o(.text)
    drvU5GetByte                             0x0800530f   Thumb Code    32  drv_uart.o(.text)
    drvU5DataCheck                           0x0800532f   Thumb Code    52  drv_uart.o(.text)
    Uart5_IRQ                                0x08005363   Thumb Code   110  drv_uart.o(.text)
    DrvUartDataCheck                         0x080053d1   Thumb Code    24  drv_uart.o(.text)
    Beep_Init                                0x08005405   Thumb Code    60  drv_beep.o(.text)
    Audio_Init                               0x08005441   Thumb Code    60  drv_beep.o(.text)
    Motor_Init                               0x08005481   Thumb Code    64  motor.o(.text)
    WriteData                                0x080054c1   Thumb Code    62  motor.o(.text)
    Reset_Handler                            0x08005505   Thumb Code     8  startup_stm32f4xx.o(.text)
    HardFault_Handler                        0x0800550f   Thumb Code     2  startup_stm32f4xx.o(.text)
    PendSV_Handler                           0x0800551b   Thumb Code     2  startup_stm32f4xx.o(.text)
    ADC_IRQHandler                           0x0800551f   Thumb Code     0  startup_stm32f4xx.o(.text)
    CAN1_RX0_IRQHandler                      0x0800551f   Thumb Code     0  startup_stm32f4xx.o(.text)
    CAN1_RX1_IRQHandler                      0x0800551f   Thumb Code     0  startup_stm32f4xx.o(.text)
    CAN1_SCE_IRQHandler                      0x0800551f   Thumb Code     0  startup_stm32f4xx.o(.text)
    CAN1_TX_IRQHandler                       0x0800551f   Thumb Code     0  startup_stm32f4xx.o(.text)
    CAN2_RX0_IRQHandler                      0x0800551f   Thumb Code     0  startup_stm32f4xx.o(.text)
    CAN2_RX1_IRQHandler                      0x0800551f   Thumb Code     0  startup_stm32f4xx.o(.text)
    CAN2_SCE_IRQHandler                      0x0800551f   Thumb Code     0  startup_stm32f4xx.o(.text)
    CAN2_TX_IRQHandler                       0x0800551f   Thumb Code     0  startup_stm32f4xx.o(.text)
    CRYP_IRQHandler                          0x0800551f   Thumb Code     0  startup_stm32f4xx.o(.text)
    DCMI_IRQHandler                          0x0800551f   Thumb Code     0  startup_stm32f4xx.o(.text)
    DMA1_Stream0_IRQHandler                  0x0800551f   Thumb Code     0  startup_stm32f4xx.o(.text)
    DMA1_Stream1_IRQHandler                  0x0800551f   Thumb Code     0  startup_stm32f4xx.o(.text)
    DMA1_Stream2_IRQHandler                  0x0800551f   Thumb Code     0  startup_stm32f4xx.o(.text)
    DMA1_Stream3_IRQHandler                  0x0800551f   Thumb Code     0  startup_stm32f4xx.o(.text)
    DMA1_Stream4_IRQHandler                  0x0800551f   Thumb Code     0  startup_stm32f4xx.o(.text)
    DMA1_Stream5_IRQHandler                  0x0800551f   Thumb Code     0  startup_stm32f4xx.o(.text)
    DMA1_Stream6_IRQHandler                  0x0800551f   Thumb Code     0  startup_stm32f4xx.o(.text)
    DMA1_Stream7_IRQHandler                  0x0800551f   Thumb Code     0  startup_stm32f4xx.o(.text)
    DMA2_Stream0_IRQHandler                  0x0800551f   Thumb Code     0  startup_stm32f4xx.o(.text)
    DMA2_Stream1_IRQHandler                  0x0800551f   Thumb Code     0  startup_stm32f4xx.o(.text)
    DMA2_Stream2_IRQHandler                  0x0800551f   Thumb Code     0  startup_stm32f4xx.o(.text)
    DMA2_Stream3_IRQHandler                  0x0800551f   Thumb Code     0  startup_stm32f4xx.o(.text)
    DMA2_Stream4_IRQHandler                  0x0800551f   Thumb Code     0  startup_stm32f4xx.o(.text)
    DMA2_Stream5_IRQHandler                  0x0800551f   Thumb Code     0  startup_stm32f4xx.o(.text)
    DMA2_Stream6_IRQHandler                  0x0800551f   Thumb Code     0  startup_stm32f4xx.o(.text)
    DMA2_Stream7_IRQHandler                  0x0800551f   Thumb Code     0  startup_stm32f4xx.o(.text)
    ETH_IRQHandler                           0x0800551f   Thumb Code     0  startup_stm32f4xx.o(.text)
    ETH_WKUP_IRQHandler                      0x0800551f   Thumb Code     0  startup_stm32f4xx.o(.text)
    EXTI0_IRQHandler                         0x0800551f   Thumb Code     0  startup_stm32f4xx.o(.text)
    EXTI15_10_IRQHandler                     0x0800551f   Thumb Code     0  startup_stm32f4xx.o(.text)
    EXTI1_IRQHandler                         0x0800551f   Thumb Code     0  startup_stm32f4xx.o(.text)
    EXTI2_IRQHandler                         0x0800551f   Thumb Code     0  startup_stm32f4xx.o(.text)
    EXTI3_IRQHandler                         0x0800551f   Thumb Code     0  startup_stm32f4xx.o(.text)
    EXTI4_IRQHandler                         0x0800551f   Thumb Code     0  startup_stm32f4xx.o(.text)
    FLASH_IRQHandler                         0x0800551f   Thumb Code     0  startup_stm32f4xx.o(.text)
    FPU_IRQHandler                           0x0800551f   Thumb Code     0  startup_stm32f4xx.o(.text)
    FSMC_IRQHandler                          0x0800551f   Thumb Code     0  startup_stm32f4xx.o(.text)
    HASH_RNG_IRQHandler                      0x0800551f   Thumb Code     0  startup_stm32f4xx.o(.text)
    I2C1_ER_IRQHandler                       0x0800551f   Thumb Code     0  startup_stm32f4xx.o(.text)
    I2C1_EV_IRQHandler                       0x0800551f   Thumb Code     0  startup_stm32f4xx.o(.text)
    I2C2_ER_IRQHandler                       0x0800551f   Thumb Code     0  startup_stm32f4xx.o(.text)
    I2C2_EV_IRQHandler                       0x0800551f   Thumb Code     0  startup_stm32f4xx.o(.text)
    I2C3_ER_IRQHandler                       0x0800551f   Thumb Code     0  startup_stm32f4xx.o(.text)
    I2C3_EV_IRQHandler                       0x0800551f   Thumb Code     0  startup_stm32f4xx.o(.text)
    OTG_FS_IRQHandler                        0x0800551f   Thumb Code     0  startup_stm32f4xx.o(.text)
    OTG_FS_WKUP_IRQHandler                   0x0800551f   Thumb Code     0  startup_stm32f4xx.o(.text)
    OTG_HS_EP1_IN_IRQHandler                 0x0800551f   Thumb Code     0  startup_stm32f4xx.o(.text)
    OTG_HS_EP1_OUT_IRQHandler                0x0800551f   Thumb Code     0  startup_stm32f4xx.o(.text)
    OTG_HS_IRQHandler                        0x0800551f   Thumb Code     0  startup_stm32f4xx.o(.text)
    OTG_HS_WKUP_IRQHandler                   0x0800551f   Thumb Code     0  startup_stm32f4xx.o(.text)
    PVD_IRQHandler                           0x0800551f   Thumb Code     0  startup_stm32f4xx.o(.text)
    RCC_IRQHandler                           0x0800551f   Thumb Code     0  startup_stm32f4xx.o(.text)
    RTC_Alarm_IRQHandler                     0x0800551f   Thumb Code     0  startup_stm32f4xx.o(.text)
    RTC_WKUP_IRQHandler                      0x0800551f   Thumb Code     0  startup_stm32f4xx.o(.text)
    SDIO_IRQHandler                          0x0800551f   Thumb Code     0  startup_stm32f4xx.o(.text)
    SPI1_IRQHandler                          0x0800551f   Thumb Code     0  startup_stm32f4xx.o(.text)
    SPI2_IRQHandler                          0x0800551f   Thumb Code     0  startup_stm32f4xx.o(.text)
    SPI3_IRQHandler                          0x0800551f   Thumb Code     0  startup_stm32f4xx.o(.text)
    TAMP_STAMP_IRQHandler                    0x0800551f   Thumb Code     0  startup_stm32f4xx.o(.text)
    TIM1_BRK_TIM9_IRQHandler                 0x0800551f   Thumb Code     0  startup_stm32f4xx.o(.text)
    TIM1_CC_IRQHandler                       0x0800551f   Thumb Code     0  startup_stm32f4xx.o(.text)
    TIM1_TRG_COM_TIM11_IRQHandler            0x0800551f   Thumb Code     0  startup_stm32f4xx.o(.text)
    TIM1_UP_TIM10_IRQHandler                 0x0800551f   Thumb Code     0  startup_stm32f4xx.o(.text)
    TIM2_IRQHandler                          0x0800551f   Thumb Code     0  startup_stm32f4xx.o(.text)
    TIM5_IRQHandler                          0x0800551f   Thumb Code     0  startup_stm32f4xx.o(.text)
    TIM6_DAC_IRQHandler                      0x0800551f   Thumb Code     0  startup_stm32f4xx.o(.text)
    TIM8_BRK_TIM12_IRQHandler                0x0800551f   Thumb Code     0  startup_stm32f4xx.o(.text)
    TIM8_CC_IRQHandler                       0x0800551f   Thumb Code     0  startup_stm32f4xx.o(.text)
    TIM8_TRG_COM_TIM14_IRQHandler            0x0800551f   Thumb Code     0  startup_stm32f4xx.o(.text)
    TIM8_UP_TIM13_IRQHandler                 0x0800551f   Thumb Code     0  startup_stm32f4xx.o(.text)
    WWDG_IRQHandler                          0x0800551f   Thumb Code     0  startup_stm32f4xx.o(.text)
    SystemInit                               0x08005605   Thumb Code    88  system_stm32f4xx.o(.text)
    SystemCoreClockUpdate                    0x0800565d   Thumb Code   174  system_stm32f4xx.o(.text)
    NVIC_PriorityGroupConfig                 0x08005739   Thumb Code    54  misc.o(.text)
    NVIC_Init                                0x0800576f   Thumb Code   164  misc.o(.text)
    NVIC_SetVectorTable                      0x08005813   Thumb Code    60  misc.o(.text)
    NVIC_SystemLPConfig                      0x0800584f   Thumb Code    78  misc.o(.text)
    SysTick_CLKSourceConfig                  0x0800589d   Thumb Code    62  misc.o(.text)
    ADC_DeInit                               0x080058f9   Thumb Code    22  stm32f4xx_adc.o(.text)
    ADC_Init                                 0x0800590f   Thumb Code   402  stm32f4xx_adc.o(.text)
    ADC_StructInit                           0x08005aa1   Thumb Code    20  stm32f4xx_adc.o(.text)
    ADC_CommonInit                           0x08005ab5   Thumb Code   342  stm32f4xx_adc.o(.text)
    ADC_CommonStructInit                     0x08005c0b   Thumb Code    12  stm32f4xx_adc.o(.text)
    ADC_Cmd                                  0x08005c17   Thumb Code    76  stm32f4xx_adc.o(.text)
    ADC_AnalogWatchdogCmd                    0x08005c63   Thumb Code   102  stm32f4xx_adc.o(.text)
    ADC_AnalogWatchdogThresholdsConfig       0x08005cc9   Thumb Code   126  stm32f4xx_adc.o(.text)
    ADC_AnalogWatchdogSingleChannelConfig    0x08005d47   Thumb Code   136  stm32f4xx_adc.o(.text)
    ADC_TempSensorVrefintCmd                 0x08005dcf   Thumb Code    56  stm32f4xx_adc.o(.text)
    ADC_VBATCmd                              0x08005e07   Thumb Code    56  stm32f4xx_adc.o(.text)
    ADC_RegularChannelConfig                 0x08005e3f   Thumb Code   408  stm32f4xx_adc.o(.text)
    ADC_SoftwareStartConv                    0x08005fd7   Thumb Code    44  stm32f4xx_adc.o(.text)
    ADC_GetSoftwareStartConvStatus           0x08006003   Thumb Code    54  stm32f4xx_adc.o(.text)
    ADC_EOCOnEachRegularChannelCmd           0x08006039   Thumb Code    76  stm32f4xx_adc.o(.text)
    ADC_ContinuousModeCmd                    0x08006085   Thumb Code    76  stm32f4xx_adc.o(.text)
    ADC_DiscModeChannelCountConfig           0x080060d1   Thumb Code   100  stm32f4xx_adc.o(.text)
    ADC_DiscModeCmd                          0x08006135   Thumb Code    76  stm32f4xx_adc.o(.text)
    ADC_GetConversionValue                   0x08006181   Thumb Code    40  stm32f4xx_adc.o(.text)
    ADC_GetMultiModeConversionValue          0x080061a9   Thumb Code     6  stm32f4xx_adc.o(.text)
    ADC_DMACmd                               0x080061af   Thumb Code    76  stm32f4xx_adc.o(.text)
    ADC_DMARequestAfterLastTransferCmd       0x080061fb   Thumb Code    76  stm32f4xx_adc.o(.text)
    ADC_MultiModeDMARequestAfterLastTransferCmd 0x08006247   Thumb Code    60  stm32f4xx_adc.o(.text)
    ADC_InjectedChannelConfig                0x08006283   Thumb Code   332  stm32f4xx_adc.o(.text)
    ADC_InjectedSequencerLengthConfig        0x080063cf   Thumb Code    80  stm32f4xx_adc.o(.text)
    ADC_SetInjectedOffset                    0x0800641f   Thumb Code   102  stm32f4xx_adc.o(.text)
    ADC_ExternalTrigInjectedConvConfig       0x08006485   Thumb Code   176  stm32f4xx_adc.o(.text)
    ADC_ExternalTrigInjectedConvEdgeConfig   0x08006535   Thumb Code    82  stm32f4xx_adc.o(.text)
    ADC_SoftwareStartInjectedConv            0x08006587   Thumb Code    44  stm32f4xx_adc.o(.text)
    ADC_GetSoftwareStartInjectedConvCmdStatus 0x080065b3   Thumb Code    54  stm32f4xx_adc.o(.text)
    ADC_AutoInjectedConvCmd                  0x080065e9   Thumb Code    76  stm32f4xx_adc.o(.text)
    ADC_InjectedDiscModeCmd                  0x08006635   Thumb Code    76  stm32f4xx_adc.o(.text)
    ADC_GetInjectedConversionValue           0x08006681   Thumb Code    88  stm32f4xx_adc.o(.text)
    ADC_ITConfig                             0x080066d9   Thumb Code   130  stm32f4xx_adc.o(.text)
    ADC_GetFlagStatus                        0x0800675b   Thumb Code    90  stm32f4xx_adc.o(.text)
    ADC_ClearFlag                            0x080067b5   Thumb Code    62  stm32f4xx_adc.o(.text)
    ADC_GetITStatus                          0x080067f3   Thumb Code   122  stm32f4xx_adc.o(.text)
    ADC_ClearITPendingBit                    0x0800686d   Thumb Code    88  stm32f4xx_adc.o(.text)
    DMA_DeInit                               0x080068d5   Thumb Code   462  stm32f4xx_dma.o(.text)
    DMA_Init                                 0x08006aa3   Thumb Code   684  stm32f4xx_dma.o(.text)
    DMA_StructInit                           0x08006d4f   Thumb Code    34  stm32f4xx_dma.o(.text)
    DMA_Cmd                                  0x08006d71   Thumb Code   182  stm32f4xx_dma.o(.text)
    DMA_PeriphIncOffsetSizeConfig            0x08006e27   Thumb Code   184  stm32f4xx_dma.o(.text)
    DMA_FlowControllerConfig                 0x08006edf   Thumb Code   182  stm32f4xx_dma.o(.text)
    DMA_SetCurrDataCounter                   0x08006f95   Thumb Code   146  stm32f4xx_dma.o(.text)
    DMA_GetCurrDataCounter                   0x08007027   Thumb Code   146  stm32f4xx_dma.o(.text)
    DMA_DoubleBufferModeConfig               0x080070b9   Thumb Code   204  stm32f4xx_dma.o(.text)
    DMA_DoubleBufferModeCmd                  0x08007185   Thumb Code   182  stm32f4xx_dma.o(.text)
    DMA_MemoryTargetConfig                   0x0800723b   Thumb Code   174  stm32f4xx_dma.o(.text)
    DMA_GetCurrentMemoryTarget               0x080072e9   Thumb Code   160  stm32f4xx_dma.o(.text)
    DMA_GetCmdStatus                         0x08007389   Thumb Code   160  stm32f4xx_dma.o(.text)
    DMA_GetFIFOStatus                        0x08007429   Thumb Code   152  stm32f4xx_dma.o(.text)
    DMA_GetFlagStatus                        0x080074c1   Thumb Code   486  stm32f4xx_dma.o(.text)
    DMA_ClearFlag                            0x080076a7   Thumb Code   216  stm32f4xx_dma.o(.text)
    DMA_ITConfig                             0x0800777f   Thumb Code   238  stm32f4xx_dma.o(.text)
    DMA_GetITStatus                          0x0800786d   Thumb Code   590  stm32f4xx_dma.o(.text)
    DMA_ClearITPendingBit                    0x08007abb   Thumb Code   216  stm32f4xx_dma.o(.text)
    EXTI_DeInit                              0x08007c3d   Thumb Code    28  stm32f4xx_exti.o(.text)
    EXTI_Init                                0x08007c59   Thumb Code   236  stm32f4xx_exti.o(.text)
    EXTI_StructInit                          0x08007d45   Thumb Code    16  stm32f4xx_exti.o(.text)
    EXTI_GenerateSWInterrupt                 0x08007d55   Thumb Code    38  stm32f4xx_exti.o(.text)
    EXTI_GetFlagStatus                       0x08007d7b   Thumb Code   158  stm32f4xx_exti.o(.text)
    EXTI_ClearFlag                           0x08007e19   Thumb Code    30  stm32f4xx_exti.o(.text)
    EXTI_GetITStatus                         0x08007e37   Thumb Code   172  stm32f4xx_exti.o(.text)
    EXTI_ClearITPendingBit                   0x08007ee3   Thumb Code    32  stm32f4xx_exti.o(.text)
    GPIO_DeInit                              0x08007f11   Thumb Code   284  stm32f4xx_gpio.o(.text)
    GPIO_Init                                0x0800802d   Thumb Code   342  stm32f4xx_gpio.o(.text)
    GPIO_StructInit                          0x08008183   Thumb Code    18  stm32f4xx_gpio.o(.text)
    GPIO_PinLockConfig                       0x08008195   Thumb Code   122  stm32f4xx_gpio.o(.text)
    GPIO_ReadInputDataBit                    0x0800820f   Thumb Code   182  stm32f4xx_gpio.o(.text)
    GPIO_ReadInputData                       0x080082c5   Thumb Code   116  stm32f4xx_gpio.o(.text)
    GPIO_ReadOutputDataBit                   0x08008339   Thumb Code   182  stm32f4xx_gpio.o(.text)
    GPIO_ReadOutputData                      0x080083ef   Thumb Code    76  stm32f4xx_gpio.o(.text)
    GPIO_SetBits                             0x0800843b   Thumb Code    94  stm32f4xx_gpio.o(.text)
    GPIO_ResetBits                           0x08008499   Thumb Code    94  stm32f4xx_gpio.o(.text)
    GPIO_WriteBit                            0x080084f7   Thumb Code   194  stm32f4xx_gpio.o(.text)
    GPIO_Write                               0x080085b9   Thumb Code    76  stm32f4xx_gpio.o(.text)
    GPIO_ToggleBits                          0x08008605   Thumb Code    80  stm32f4xx_gpio.o(.text)
    GPIO_PinAFConfig                         0x08008655   Thumb Code   382  stm32f4xx_gpio.o(.text)
    RCC_DeInit                               0x080087d9   Thumb Code    60  stm32f4xx_rcc.o(.text)
    RCC_HSEConfig                            0x08008815   Thumb Code    38  stm32f4xx_rcc.o(.text)
    RCC_GetFlagStatus                        0x0800883b   Thumb Code   130  stm32f4xx_rcc.o(.text)
    RCC_WaitForHSEStartUp                    0x080088bd   Thumb Code    56  stm32f4xx_rcc.o(.text)
    RCC_AdjustHSICalibrationValue            0x080088f5   Thumb Code    38  stm32f4xx_rcc.o(.text)
    RCC_HSICmd                               0x0800891b   Thumb Code    28  stm32f4xx_rcc.o(.text)
    RCC_LSEConfig                            0x08008937   Thumb Code    72  stm32f4xx_rcc.o(.text)
    RCC_LSICmd                               0x0800897f   Thumb Code    28  stm32f4xx_rcc.o(.text)
    RCC_PLLConfig                            0x0800899b   Thumb Code   156  stm32f4xx_rcc.o(.text)
    RCC_PLLCmd                               0x08008a37   Thumb Code    28  stm32f4xx_rcc.o(.text)
    RCC_PLLI2SConfig                         0x08008a53   Thumb Code    62  stm32f4xx_rcc.o(.text)
    RCC_PLLI2SCmd                            0x08008a91   Thumb Code    28  stm32f4xx_rcc.o(.text)
    RCC_ClockSecuritySystemCmd               0x08008aad   Thumb Code    28  stm32f4xx_rcc.o(.text)
    RCC_MCO1Config                           0x08008ac9   Thumb Code   102  stm32f4xx_rcc.o(.text)
    RCC_MCO2Config                           0x08008b2f   Thumb Code   102  stm32f4xx_rcc.o(.text)
    RCC_SYSCLKConfig                         0x08008b95   Thumb Code    68  stm32f4xx_rcc.o(.text)
    RCC_GetSYSCLKSource                      0x08008bd9   Thumb Code    10  stm32f4xx_rcc.o(.text)
    RCC_HCLKConfig                           0x08008be3   Thumb Code    66  stm32f4xx_rcc.o(.text)
    RCC_PCLK1Config                          0x08008c25   Thumb Code    58  stm32f4xx_rcc.o(.text)
    RCC_PCLK2Config                          0x08008c5f   Thumb Code    60  stm32f4xx_rcc.o(.text)
    RCC_GetClocksFreq                        0x08008c9b   Thumb Code   214  stm32f4xx_rcc.o(.text)
    RCC_RTCCLKConfig                         0x08008d71   Thumb Code   260  stm32f4xx_rcc.o(.text)
    RCC_RTCCLKCmd                            0x08008e75   Thumb Code    28  stm32f4xx_rcc.o(.text)
    RCC_BackupResetCmd                       0x08008e91   Thumb Code    30  stm32f4xx_rcc.o(.text)
    RCC_I2SCLKConfig                         0x08008eaf   Thumb Code    28  stm32f4xx_rcc.o(.text)
    RCC_AHB1PeriphClockCmd                   0x08008ecb   Thumb Code    78  stm32f4xx_rcc.o(.text)
    RCC_AHB2PeriphClockCmd                   0x08008f19   Thumb Code    78  stm32f4xx_rcc.o(.text)
    RCC_AHB3PeriphClockCmd                   0x08008f67   Thumb Code   234  stm32f4xx_rcc.o(.text)
    RCC_APB1PeriphClockCmd                   0x08009051   Thumb Code    70  stm32f4xx_rcc.o(.text)
    RCC_APB2PeriphClockCmd                   0x08009097   Thumb Code    78  stm32f4xx_rcc.o(.text)
    RCC_AHB1PeriphResetCmd                   0x080090e5   Thumb Code    78  stm32f4xx_rcc.o(.text)
    RCC_AHB2PeriphResetCmd                   0x08009133   Thumb Code    78  stm32f4xx_rcc.o(.text)
    RCC_AHB3PeriphResetCmd                   0x08009181   Thumb Code    78  stm32f4xx_rcc.o(.text)
    RCC_APB1PeriphResetCmd                   0x080091cf   Thumb Code    78  stm32f4xx_rcc.o(.text)
    RCC_APB2PeriphResetCmd                   0x0800921d   Thumb Code    78  stm32f4xx_rcc.o(.text)
    RCC_AHB1PeriphClockLPModeCmd             0x0800926b   Thumb Code    78  stm32f4xx_rcc.o(.text)
    RCC_AHB2PeriphClockLPModeCmd             0x080092b9   Thumb Code    78  stm32f4xx_rcc.o(.text)
    RCC_AHB3PeriphClockLPModeCmd             0x08009307   Thumb Code    78  stm32f4xx_rcc.o(.text)
    RCC_APB1PeriphClockLPModeCmd             0x08009355   Thumb Code    78  stm32f4xx_rcc.o(.text)
    RCC_APB2PeriphClockLPModeCmd             0x080093a3   Thumb Code    78  stm32f4xx_rcc.o(.text)
    RCC_ITConfig                             0x080093f1   Thumb Code   108  stm32f4xx_rcc.o(.text)
    RCC_ClearFlag                            0x0800945d   Thumb Code    14  stm32f4xx_rcc.o(.text)
    RCC_GetITStatus                          0x0800946b   Thumb Code    66  stm32f4xx_rcc.o(.text)
    RCC_ClearITPendingBit                    0x080094ad   Thumb Code    32  stm32f4xx_rcc.o(.text)
    TIM_DeInit                               0x080094d5   Thumb Code   440  stm32f4xx_tim.o(.text)
    TIM_TimeBaseInit                         0x0800968d   Thumb Code   278  stm32f4xx_tim.o(.text)
    TIM_TimeBaseStructInit                   0x080097a3   Thumb Code    18  stm32f4xx_tim.o(.text)
    TIM_PrescalerConfig                      0x080097b5   Thumb Code   128  stm32f4xx_tim.o(.text)
    TIM_CounterModeConfig                    0x08009835   Thumb Code   100  stm32f4xx_tim.o(.text)
    TIM_SetCounter                           0x08009899   Thumb Code   164  stm32f4xx_tim.o(.text)
    TIM_SetAutoreload                        0x0800993d   Thumb Code   106  stm32f4xx_tim.o(.text)
    TIM_GetCounter                           0x080099a7   Thumb Code   104  stm32f4xx_tim.o(.text)
    TIM_GetPrescaler                         0x08009a0f   Thumb Code   104  stm32f4xx_tim.o(.text)
    TIM_UpdateDisableConfig                  0x08009a77   Thumb Code   144  stm32f4xx_tim.o(.text)
    TIM_UpdateRequestConfig                  0x08009b07   Thumb Code   144  stm32f4xx_tim.o(.text)
    TIM_ARRPreloadConfig                     0x08009b97   Thumb Code   144  stm32f4xx_tim.o(.text)
    TIM_SelectOnePulseMode                   0x08009c27   Thumb Code   138  stm32f4xx_tim.o(.text)
    TIM_SetClockDivision                     0x08009cb1   Thumb Code   190  stm32f4xx_tim.o(.text)
    TIM_Cmd                                  0x08009d6f   Thumb Code   144  stm32f4xx_tim.o(.text)
    TIM_OC1Init                              0x08009dff   Thumb Code   400  stm32f4xx_tim.o(.text)
    TIM_OC2Init                              0x08009f8f   Thumb Code   474  stm32f4xx_tim.o(.text)
    TIM_OC3Init                              0x0800a169   Thumb Code   400  stm32f4xx_tim.o(.text)
    TIM_OC4Init                              0x0800a2f9   Thumb Code   290  stm32f4xx_tim.o(.text)
    TIM_OCStructInit                         0x0800a41b   Thumb Code    20  stm32f4xx_tim.o(.text)
    TIM_SelectOCxM                           0x0800a42f   Thumb Code   250  stm32f4xx_tim.o(.text)
    TIM_SetCompare1                          0x0800a529   Thumb Code   144  stm32f4xx_tim.o(.text)
    TIM_SetCompare2                          0x0800a5b9   Thumb Code    70  stm32f4xx_tim.o(.text)
    TIM_SetCompare3                          0x0800a5ff   Thumb Code    58  stm32f4xx_tim.o(.text)
    TIM_SetCompare4                          0x0800a639   Thumb Code    58  stm32f4xx_tim.o(.text)
    TIM_ForcedOC1Config                      0x0800a673   Thumb Code   126  stm32f4xx_tim.o(.text)
    TIM_ForcedOC2Config                      0x0800a6f1   Thumb Code   110  stm32f4xx_tim.o(.text)
    TIM_ForcedOC3Config                      0x0800a75f   Thumb Code    90  stm32f4xx_tim.o(.text)
    TIM_ForcedOC4Config                      0x0800a7b9   Thumb Code    98  stm32f4xx_tim.o(.text)
    TIM_OC1PreloadConfig                     0x0800a81b   Thumb Code   124  stm32f4xx_tim.o(.text)
    TIM_OC2PreloadConfig                     0x0800a897   Thumb Code   108  stm32f4xx_tim.o(.text)
    TIM_OC3PreloadConfig                     0x0800a903   Thumb Code    88  stm32f4xx_tim.o(.text)
    TIM_OC4PreloadConfig                     0x0800a95b   Thumb Code   146  stm32f4xx_tim.o(.text)
    TIM_OC1FastConfig                        0x0800a9ed   Thumb Code   124  stm32f4xx_tim.o(.text)
    TIM_OC2FastConfig                        0x0800aa69   Thumb Code   108  stm32f4xx_tim.o(.text)
    TIM_OC3FastConfig                        0x0800aad5   Thumb Code    88  stm32f4xx_tim.o(.text)
    TIM_OC4FastConfig                        0x0800ab2d   Thumb Code    96  stm32f4xx_tim.o(.text)
    TIM_ClearOC1Ref                          0x0800ab8d   Thumb Code   124  stm32f4xx_tim.o(.text)
    TIM_ClearOC2Ref                          0x0800ac09   Thumb Code   106  stm32f4xx_tim.o(.text)
    TIM_ClearOC3Ref                          0x0800ac73   Thumb Code    88  stm32f4xx_tim.o(.text)
    TIM_ClearOC4Ref                          0x0800accb   Thumb Code    94  stm32f4xx_tim.o(.text)
    TIM_OC1PolarityConfig                    0x0800ad29   Thumb Code   124  stm32f4xx_tim.o(.text)
    TIM_OC1NPolarityConfig                   0x0800ada5   Thumb Code   114  stm32f4xx_tim.o(.text)
    TIM_OC2PolarityConfig                    0x0800ae17   Thumb Code   108  stm32f4xx_tim.o(.text)
    TIM_OC2NPolarityConfig                   0x0800ae83   Thumb Code    72  stm32f4xx_tim.o(.text)
    TIM_OC3PolarityConfig                    0x0800aecb   Thumb Code    96  stm32f4xx_tim.o(.text)
    TIM_OC3NPolarityConfig                   0x0800af2b   Thumb Code    72  stm32f4xx_tim.o(.text)
    TIM_OC4PolarityConfig                    0x0800af73   Thumb Code    96  stm32f4xx_tim.o(.text)
    TIM_CCxCmd                               0x0800afd3   Thumb Code   168  stm32f4xx_tim.o(.text)
    TIM_CCxNCmd                              0x0800b07b   Thumb Code   104  stm32f4xx_tim.o(.text)
    TIM_SetIC4Prescaler                      0x0800b0e3   Thumb Code   106  stm32f4xx_tim.o(.text)
    TIM_SetIC3Prescaler                      0x0800b19d   Thumb Code   148  stm32f4xx_tim.o(.text)
    TIM_SetIC2Prescaler                      0x0800b279   Thumb Code   118  stm32f4xx_tim.o(.text)
    TIM_SetIC1Prescaler                      0x0800b33f   Thumb Code   134  stm32f4xx_tim.o(.text)
    TIM_ICInit                               0x0800b3ff   Thumb Code   460  stm32f4xx_tim.o(.text)
    TIM_ICStructInit                         0x0800b5cb   Thumb Code    18  stm32f4xx_tim.o(.text)
    TIM_PWMIConfig                           0x0800b5dd   Thumb Code   234  stm32f4xx_tim.o(.text)
    TIM_GetCapture1                          0x0800b6c7   Thumb Code    92  stm32f4xx_tim.o(.text)
    TIM_GetCapture2                          0x0800b723   Thumb Code    68  stm32f4xx_tim.o(.text)
    TIM_GetCapture3                          0x0800b767   Thumb Code    56  stm32f4xx_tim.o(.text)
    TIM_GetCapture4                          0x0800b79f   Thumb Code    56  stm32f4xx_tim.o(.text)
    TIM_BDTRConfig                           0x0800b7d7   Thumb Code   222  stm32f4xx_tim.o(.text)
    TIM_BDTRStructInit                       0x0800b8b5   Thumb Code    18  stm32f4xx_tim.o(.text)
    TIM_CtrlPWMOutputs                       0x0800b8c7   Thumb Code    78  stm32f4xx_tim.o(.text)
    TIM_SelectCOM                            0x0800b915   Thumb Code    72  stm32f4xx_tim.o(.text)
    TIM_CCPreloadControl                     0x0800b95d   Thumb Code    72  stm32f4xx_tim.o(.text)
    TIM_ITConfig                             0x0800b9a5   Thumb Code   216  stm32f4xx_tim.o(.text)
    TIM_GenerateEvent                        0x0800ba7d   Thumb Code   126  stm32f4xx_tim.o(.text)
    TIM_GetFlagStatus                        0x0800bafb   Thumb Code   188  stm32f4xx_tim.o(.text)
    TIM_ClearFlag                            0x0800bbb7   Thumb Code   108  stm32f4xx_tim.o(.text)
    TIM_GetITStatus                          0x0800bc23   Thumb Code   186  stm32f4xx_tim.o(.text)
    TIM_ClearITPendingBit                    0x0800bcdd   Thumb Code   108  stm32f4xx_tim.o(.text)
    TIM_DMAConfig                            0x0800bd49   Thumb Code   328  stm32f4xx_tim.o(.text)
    TIM_DMACmd                               0x0800be91   Thumb Code   126  stm32f4xx_tim.o(.text)
    TIM_SelectCCDMA                          0x0800bf0f   Thumb Code    96  stm32f4xx_tim.o(.text)
    TIM_InternalClockConfig                  0x0800bf6f   Thumb Code    76  stm32f4xx_tim.o(.text)
    TIM_SelectInputTrigger                   0x0800bfbb   Thumb Code   148  stm32f4xx_tim.o(.text)
    TIM_ITRxExternalClockConfig              0x0800c04f   Thumb Code   110  stm32f4xx_tim.o(.text)
    TIM_TIxExternalClockConfig               0x0800c0bd   Thumb Code   184  stm32f4xx_tim.o(.text)
    TIM_ETRConfig                            0x0800c175   Thumb Code   164  stm32f4xx_tim.o(.text)
    TIM_ETRClockMode1Config                  0x0800c219   Thumb Code   228  stm32f4xx_tim.o(.text)
    TIM_ETRClockMode2Config                  0x0800c2fd   Thumb Code   152  stm32f4xx_tim.o(.text)
    TIM_SelectOutputTrigger                  0x0800c395   Thumb Code   126  stm32f4xx_tim.o(.text)
    TIM_SelectSlaveMode                      0x0800c413   Thumb Code   112  stm32f4xx_tim.o(.text)
    TIM_SelectMasterSlaveMode                0x0800c483   Thumb Code   102  stm32f4xx_tim.o(.text)
    TIM_EncoderInterfaceConfig               0x0800c4e9   Thumb Code   226  stm32f4xx_tim.o(.text)
    TIM_SelectHallSensor                     0x0800c5cb   Thumb Code   108  stm32f4xx_tim.o(.text)
    TIM_RemapConfig                          0x0800c637   Thumb Code   138  stm32f4xx_tim.o(.text)
    USART_DeInit                             0x0800c6c1   Thumb Code   202  stm32f4xx_usart.o(.text)
    USART_Init                               0x0800c78b   Thumb Code   456  stm32f4xx_usart.o(.text)
    USART_StructInit                         0x0800c953   Thumb Code    24  stm32f4xx_usart.o(.text)
    USART_ClockInit                          0x0800c96b   Thumb Code   166  stm32f4xx_usart.o(.text)
    USART_ClockStructInit                    0x0800ca11   Thumb Code    12  stm32f4xx_usart.o(.text)
    USART_Cmd                                0x0800ca1d   Thumb Code    96  stm32f4xx_usart.o(.text)
    USART_SetPrescaler                       0x0800ca7d   Thumb Code   102  stm32f4xx_usart.o(.text)
    USART_OverSampling8Cmd                   0x0800cae3   Thumb Code    94  stm32f4xx_usart.o(.text)
    USART_OneBitMethodCmd                    0x0800cb41   Thumb Code    96  stm32f4xx_usart.o(.text)
    USART_SendData                           0x0800cba1   Thumb Code    80  stm32f4xx_usart.o(.text)
    USART_ReceiveData                        0x0800cbf1   Thumb Code    60  stm32f4xx_usart.o(.text)
    USART_SetAddress                         0x0800cc2d   Thumb Code    88  stm32f4xx_usart.o(.text)
    USART_ReceiverWakeUpCmd                  0x0800cc85   Thumb Code    96  stm32f4xx_usart.o(.text)
    USART_WakeUpConfig                       0x0800cce5   Thumb Code    92  stm32f4xx_usart.o(.text)
    USART_LINBreakDetectLengthConfig         0x0800cd41   Thumb Code    90  stm32f4xx_usart.o(.text)
    USART_LINCmd                             0x0800cd9b   Thumb Code    96  stm32f4xx_usart.o(.text)
    USART_SendBreak                          0x0800cdfb   Thumb Code    62  stm32f4xx_usart.o(.text)
    USART_HalfDuplexCmd                      0x0800ce39   Thumb Code    96  stm32f4xx_usart.o(.text)
    USART_SetGuardTime                       0x0800ce99   Thumb Code    86  stm32f4xx_usart.o(.text)
    USART_SmartCardCmd                       0x0800ceef   Thumb Code    84  stm32f4xx_usart.o(.text)
    USART_SmartCardNACKCmd                   0x0800cf43   Thumb Code    84  stm32f4xx_usart.o(.text)
    USART_IrDAConfig                         0x0800cf97   Thumb Code    90  stm32f4xx_usart.o(.text)
    USART_IrDACmd                            0x0800cff1   Thumb Code    96  stm32f4xx_usart.o(.text)
    USART_DMACmd                             0x0800d051   Thumb Code   114  stm32f4xx_usart.o(.text)
    USART_ITConfig                           0x0800d0c3   Thumb Code   260  stm32f4xx_usart.o(.text)
    USART_GetFlagStatus                      0x0800d1c7   Thumb Code   170  stm32f4xx_usart.o(.text)
    USART_ClearFlag                          0x0800d271   Thumb Code   158  stm32f4xx_usart.o(.text)
    USART_GetITStatus                        0x0800d30f   Thumb Code   278  stm32f4xx_usart.o(.text)
    USART_ClearITPendingBit                  0x0800d425   Thumb Code   164  stm32f4xx_usart.o(.text)
    __aeabi_dadd                             0x0800d4e5   Thumb Code   322  dadd.o(.text)
    __aeabi_dsub                             0x0800d627   Thumb Code     6  dadd.o(.text)
    __aeabi_drsub                            0x0800d62d   Thumb Code     6  dadd.o(.text)
    __aeabi_dmul                             0x0800d633   Thumb Code   228  dmul.o(.text)
    __aeabi_i2d                              0x0800d717   Thumb Code    34  dflti.o(.text)
    __aeabi_cdcmpeq                          0x0800d739   Thumb Code     0  cdcmple.o(.text)
    __aeabi_cdcmple                          0x0800d739   Thumb Code    48  cdcmple.o(.text)
    __aeabi_cdrcmple                         0x0800d769   Thumb Code    48  cdrcmple.o(.text)
    __aeabi_d2f                              0x0800d799   Thumb Code    56  d2f.o(.text)
    __aeabi_llsl                             0x0800d7d1   Thumb Code    30  llshl.o(.text)
    _ll_shift_l                              0x0800d7d1   Thumb Code     0  llshl.o(.text)
    __aeabi_lasr                             0x0800d7ef   Thumb Code    36  llsshr.o(.text)
    _ll_sshift_r                             0x0800d7ef   Thumb Code     0  llsshr.o(.text)
    __I$use$fp                               0x0800d813   Thumb Code     0  iusefp.o(.text)
    _float_round                             0x0800d813   Thumb Code    18  fepilogue.o(.text)
    _float_epilogue                          0x0800d825   Thumb Code    92  fepilogue.o(.text)
    _double_round                            0x0800d881   Thumb Code    30  depilogue.o(.text)
    _double_epilogue                         0x0800d89f   Thumb Code   156  depilogue.o(.text)
    __scatterload                            0x0800d93d   Thumb Code    28  init.o(.text)
    __scatterload_rt2                        0x0800d93d   Thumb Code     0  init.o(.text)
    __aeabi_llsr                             0x0800d961   Thumb Code    32  llushr.o(.text)
    _ll_ushift_r                             0x0800d961   Thumb Code     0  llushr.o(.text)
    __decompress                             0x0800d981   Thumb Code     0  __dczerorl2.o(.text)
    __decompress1                            0x0800d981   Thumb Code    86  __dczerorl2.o(.text)
    __scatterload_copy                       0x0800d9d7   Thumb Code    14  handlers.o(i.__scatterload_copy)
    __scatterload_null                       0x0800d9e5   Thumb Code     2  handlers.o(i.__scatterload_null)
    __scatterload_zeroinit                   0x0800d9e7   Thumb Code    14  handlers.o(i.__scatterload_zeroinit)
    fast_atan_table                          0x0800d9f4   Data        1028  ano_math.o(.constdata)
    Region$$Table$$Base                      0x0800e08c   Number         0  anon$$obj.o(Region$$Table)
    Region$$Table$$Limit                     0x0800e0ac   Number         0  anon$$obj.o(Region$$Table)
    Working_Mode                             0x20000000   Data           1  ano_scheduler.o(.data)
    Y_velo                                   0x20000002   Data           2  ano_scheduler.o(.data)
    X_velo                                   0x20000004   Data           2  ano_scheduler.o(.data)
    Z_velo                                   0x20000006   Data           2  ano_scheduler.o(.data)
    Yaw_velo                                 0x20000008   Data           1  ano_scheduler.o(.data)
    Flag_Time                                0x20000054   Data           4  user_task.o(.data)
    Height                                   0x20000058   Data           1  user_task.o(.data)
    _Height_PID_Flag_                        0x20000059   Data           1  user_task.o(.data)
    _Circle_PID_Flag_                        0x2000005a   Data           1  user_task.o(.data)
    _CharacterA_PID_Flag_                    0x2000005b   Data           1  user_task.o(.data)
    _Position_PID_Flag_                      0x2000005c   Data           1  user_task.o(.data)
    _Color_PID_Flag_                         0x2000005d   Data           1  user_task.o(.data)
    _Hula_PID_Flag_                          0x2000005e   Data           1  user_task.o(.data)
    TargetX                                  0x20000060   Data           2  user_task.o(.data)
    TargetY                                  0x20000062   Data           2  user_task.o(.data)
    Beep_Flag                                0x20000064   Data           1  user_task.o(.data)
    Recording_on_cmd                         0x20000065   Data           2  user_task.o(.data)
    Recording_off_cmd                        0x20000067   Data           2  user_task.o(.data)
    Red_Square_Detected_cmd                  0x20000069   Data           5  user_task.o(.data)
    Red_Triangle_Detected_cmd                0x2000006e   Data           5  user_task.o(.data)
    Red_Circle_Detected_cmd                  0x20000073   Data           5  user_task.o(.data)
    Blue_Square_Detected_cmd                 0x20000078   Data           5  user_task.o(.data)
    Blue_Triangle_Detected_cmd               0x2000007d   Data           5  user_task.o(.data)
    Blue_Circle_Detected_cmd                 0x20000082   Data           5  user_task.o(.data)
    Circle_on_cmd                            0x20000087   Data           2  user_task.o(.data)
    Circle_off_cmd                           0x20000089   Data           2  user_task.o(.data)
    Detect_on_cmd                            0x2000008b   Data           2  user_task.o(.data)
    Detect_off_cmd                           0x2000008d   Data           2  user_task.o(.data)
    Red_Square_cmd                           0x2000008f   Data           2  user_task.o(.data)
    Red_Triangle_cmd                         0x20000091   Data           2  user_task.o(.data)
    Red_Circle_cmd                           0x20000093   Data           2  user_task.o(.data)
    Blue_Square_cmd                          0x20000095   Data           2  user_task.o(.data)
    Blue_Triangle_cmd                        0x20000097   Data           2  user_task.o(.data)
    Blue_Circle_cmd                          0x20000099   Data           2  user_task.o(.data)
    Look_forward_cmd                         0x2000009b   Data           2  user_task.o(.data)
    Look_left_cmd                            0x2000009d   Data           2  user_task.o(.data)
    Hula_on_cmd                              0x2000009f   Data           2  user_task.o(.data)
    Hula_off_cmd                             0x200000a1   Data           2  user_task.o(.data)
    Stoptime                                 0x200000a3   Data           1  user_task.o(.data)
    Position_Table1                          0x200000a6   Data          56  user_task.o(.data)
    subjects                                 0x200000de   Data         104  user_task.o(.data)
    target_shape                             0x20000146   Data           1  user_task.o(.data)
    target_colour                            0x20000147   Data           1  user_task.o(.data)
    fc_bat                                   0x2000014e   Data           4  ano_lx.o(.data)
    sti_fun                                  0x20000166   Data           2  lx_fc_state.o(.data)
    _Angle_PID_InteClear_Flag_               0x2000016c   Data           1  ano_pid.o(.data)
    CharacterA_feature                       0x200001e6   Data           6  drv_openmv.o(.data)
    circle_feature                           0x200001ec   Data           6  drv_openmv.o(.data)
    hula_feature                             0x200001f2   Data           6  drv_openmv.o(.data)
    color_feature                            0x200001f8   Data           8  drv_openmv.o(.data)
    Colour_Wanted                            0x20000200   Data           1  drv_openmv.o(.data)
    Ctrl_Signal                              0x20000206   Data           1  drv_ctrl.o(.data)
    Ctrl_TargetOne                           0x20000207   Data           3  drv_ctrl.o(.data)
    Ctrl_TargetTwo                           0x2000020a   Data           3  drv_ctrl.o(.data)
    Position_Feature                         0x2000020e   Data           6  drv_ctrl.o(.data)
    Fully_Recognized                         0x20000214   Data           1  drv_ctrl.o(.data)
    led                                      0x20000220   Data           4  drv_led.o(.data)
    Tx1Counter                               0x20000230   Data           1  drv_uart.o(.data)
    count1                                   0x20000231   Data           1  drv_uart.o(.data)
    U1RxInCnt                                0x20000232   Data           1  drv_uart.o(.data)
    U1RxoutCnt                               0x20000233   Data           1  drv_uart.o(.data)
    Tx2Counter                               0x20000234   Data           1  drv_uart.o(.data)
    count                                    0x20000235   Data           1  drv_uart.o(.data)
    U2RxInCnt                                0x20000236   Data           1  drv_uart.o(.data)
    U2RxoutCnt                               0x20000237   Data           1  drv_uart.o(.data)
    Tx3Counter                               0x20000238   Data           1  drv_uart.o(.data)
    count3                                   0x20000239   Data           1  drv_uart.o(.data)
    U3RxInCnt                                0x2000023a   Data           1  drv_uart.o(.data)
    U3RxoutCnt                               0x2000023b   Data           1  drv_uart.o(.data)
    Tx4Counter                               0x2000023c   Data           1  drv_uart.o(.data)
    count4                                   0x2000023d   Data           1  drv_uart.o(.data)
    U4RxInCnt                                0x2000023e   Data           1  drv_uart.o(.data)
    U4RxoutCnt                               0x2000023f   Data           1  drv_uart.o(.data)
    Tx5Counter                               0x20000240   Data           1  drv_uart.o(.data)
    count5                                   0x20000241   Data           1  drv_uart.o(.data)
    U5RxInCnt                                0x20000242   Data           1  drv_uart.o(.data)
    U5RxoutCnt                               0x20000243   Data           1  drv_uart.o(.data)
    states                                   0x20000244   Data           8  motor.o(.data)
    Motor_control                            0x2000024c   Data           1  motor.o(.data)
    Motor_state                              0x2000024d   Data           1  motor.o(.data)
    SystemCoreClock                          0x20000250   Data           4  system_stm32f4xx.o(.data)
    AHBPrescTable                            0x20000254   Data          16  system_stm32f4xx.o(.data)
    send_buffer                              0x20000274   Data          50  ano_dt_lx.o(.bss)
    dt                                       0x200002a8   Data        1564  ano_dt_lx.o(.bss)
    rt_tar                                   0x200009c4   Data          14  ano_lx.o(.bss)
    pwm_to_esc                               0x200009d2   Data          16  ano_lx.o(.bss)
    ext_sens                                 0x200009f2   Data          48  lx_fc_ext_sensor.o(.bss)
    fc_sta                                   0x20000a22   Data          11  lx_fc_state.o(.bss)
    rc_in                                    0x20000ad0   Data          82  drv_bsp.o(.bss)
    ano_of                                   0x20000b3c   Data          60  drv_anoof.o(.bss)
    openmv1_buf                              0x20000bb8   Data          20  drv_openmv.o(.bss)
    openmv2_buf                              0x20000bcc   Data          20  drv_openmv.o(.bss)
    Ctrl_Buf                                 0x20000be0   Data          20  drv_ctrl.o(.bss)
    AdcValue                                 0x20000bf4   Data         100  drv_adc.o(.bss)
    Tx1Buffer                                0x20000c58   Data         256  drv_uart.o(.bss)
    U1RxDataTmp                              0x20000d58   Data         100  drv_uart.o(.bss)
    Tx2Buffer                                0x20000dbc   Data         256  drv_uart.o(.bss)
    U2RxDataTmp                              0x20000ebc   Data         100  drv_uart.o(.bss)
    Tx3Buffer                                0x20000f20   Data         256  drv_uart.o(.bss)
    U3RxDataTmp                              0x20001020   Data         100  drv_uart.o(.bss)
    Tx4Buffer                                0x20001084   Data         256  drv_uart.o(.bss)
    U4RxDataTmp                              0x20001184   Data         100  drv_uart.o(.bss)
    Tx5Buffer                                0x200011e8   Data         256  drv_uart.o(.bss)
    U5RxDataTmp                              0x200012e8   Data         100  drv_uart.o(.bss)
    __initial_sp                             0x20001b50   Data           0  startup_stm32f4xx.o(STACK)



==============================================================================

Memory Map of the image

  Image Entry point : 0x08000189

  Load Region LR_IROM1 (Base: 0x08000000, Size: 0x0000e320, Max: 0x00100000, ABSOLUTE, COMPRESSED[0x0000e1b8])

    Execution Region ER_IROM1 (Exec base: 0x08000000, Load base: 0x08000000, Size: 0x0000e0ac, Max: 0x00100000, ABSOLUTE)

    Exec Addr    Load Addr    Size         Type   Attr      Idx    E Section Name        Object

    0x08000000   0x08000000   0x00000188   Data   RO          827    RESET               startup_stm32f4xx.o
    0x08000188   0x08000188   0x00000000   Code   RO         1026  * .ARM.Collect$$$$00000000  mc_w.l(entry.o)
    0x08000188   0x08000188   0x00000004   Code   RO         1041    .ARM.Collect$$$$00000001  mc_w.l(entry2.o)
    0x0800018c   0x0800018c   0x00000004   Code   RO         1044    .ARM.Collect$$$$00000004  mc_w.l(entry5.o)
    0x08000190   0x08000190   0x00000000   Code   RO         1046    .ARM.Collect$$$$00000008  mc_w.l(entry7b.o)
    0x08000190   0x08000190   0x00000000   Code   RO         1048    .ARM.Collect$$$$0000000A  mc_w.l(entry8b.o)
    0x08000190   0x08000190   0x00000008   Code   RO         1049    .ARM.Collect$$$$0000000B  mc_w.l(entry9a.o)
    0x08000198   0x08000198   0x00000000   Code   RO         1051    .ARM.Collect$$$$0000000D  mc_w.l(entry10a.o)
    0x08000198   0x08000198   0x00000000   Code   RO         1053    .ARM.Collect$$$$0000000F  mc_w.l(entry11a.o)
    0x08000198   0x08000198   0x00000004   Code   RO         1042    .ARM.Collect$$$$00002712  mc_w.l(entry2.o)
    0x0800019c   0x0800019c   0x00000034   Code   RO            2    .text               main.o
    0x080001d0   0x080001d0   0x00000434   Code   RO          130    .text               ano_scheduler.o
    0x08000604   0x08000604   0x00000cf0   Code   RO          236    .text               user_task.o
    0x080012f4   0x080012f4   0x00000824   Code   RO          267    .text               ano_dt_lx.o
    0x08001b18   0x08001b18   0x000004b4   Code   RO          313    .text               ano_lx.o
    0x08001fcc   0x08001fcc   0x000000e4   Code   RO          356    .text               lx_fc_ext_sensor.o
    0x080020b0   0x080020b0   0x00000480   Code   RO          379    .text               lx_fc_fun.o
    0x08002530   0x08002530   0x00000284   Code   RO          396    .text               lx_fc_state.o
    0x080027b4   0x080027b4   0x00000224   Code   RO          419    .text               ano_pid.o
    0x080029d8   0x080029d8   0x0000087c   Code   RO          442    .text               ano_math.o
    0x08003254   0x08003254   0x000004cc   Code   RO          478    .text               drv_bsp.o
    0x08003720   0x08003720   0x00000340   Code   RO          530    .text               drv_anoof.o
    0x08003a60   0x08003a60   0x000002f8   Code   RO          573    .text               drv_openmv.o
    0x08003d58   0x08003d58   0x0000023c   Code   RO          600    .text               drv_ctrl.o
    0x08003f94   0x08003f94   0x0000007c   Code   RO          623    .text               stm32f4xx_it.o
    0x08004010   0x08004010   0x00000108   Code   RO          639    .text               drv_sys.o
    0x08004118   0x08004118   0x00000194   Code   RO          664    .text               drv_adc.o
    0x080042ac   0x080042ac   0x0000011c   Code   RO          686    .text               drv_led.o
    0x080043c8   0x080043c8   0x0000037c   Code   RO          708    .text               drv_pwmout.o
    0x08004744   0x08004744   0x000001e4   Code   RO          724    .text               drv_rcin.o
    0x08004928   0x08004928   0x0000008c   Code   RO          741    .text               drv_timer.o
    0x080049b4   0x080049b4   0x00000a50   Code   RO          764    .text               drv_uart.o
    0x08005404   0x08005404   0x0000007c   Code   RO          788    .text               drv_beep.o
    0x08005480   0x08005480   0x00000084   Code   RO          804    .text               motor.o
    0x08005504   0x08005504   0x00000024   Code   RO          828    .text               startup_stm32f4xx.o
    0x08005528   0x08005528   0x00000210   Code   RO          833    .text               system_stm32f4xx.o
    0x08005738   0x08005738   0x000001c0   Code   RO          855    .text               misc.o
    0x080058f8   0x080058f8   0x00000fdc   Code   RO          872    .text               stm32f4xx_adc.o
    0x080068d4   0x080068d4   0x00001368   Code   RO          889    .text               stm32f4xx_dma.o
    0x08007c3c   0x08007c3c   0x000002d4   Code   RO          906    .text               stm32f4xx_exti.o
    0x08007f10   0x08007f10   0x000008c8   Code   RO          940    .text               stm32f4xx_gpio.o
    0x080087d8   0x080087d8   0x00000cfc   Code   RO          957    .text               stm32f4xx_rcc.o
    0x080094d4   0x080094d4   0x000031ec   Code   RO          993    .text               stm32f4xx_tim.o
    0x0800c6c0   0x0800c6c0   0x00000e24   Code   RO         1010    .text               stm32f4xx_usart.o
    0x0800d4e4   0x0800d4e4   0x0000014e   Code   RO         1029    .text               mf_w.l(dadd.o)
    0x0800d632   0x0800d632   0x000000e4   Code   RO         1031    .text               mf_w.l(dmul.o)
    0x0800d716   0x0800d716   0x00000022   Code   RO         1033    .text               mf_w.l(dflti.o)
    0x0800d738   0x0800d738   0x00000030   Code   RO         1035    .text               mf_w.l(cdcmple.o)
    0x0800d768   0x0800d768   0x00000030   Code   RO         1037    .text               mf_w.l(cdrcmple.o)
    0x0800d798   0x0800d798   0x00000038   Code   RO         1039    .text               mf_w.l(d2f.o)
    0x0800d7d0   0x0800d7d0   0x0000001e   Code   RO         1055    .text               mc_w.l(llshl.o)
    0x0800d7ee   0x0800d7ee   0x00000024   Code   RO         1057    .text               mc_w.l(llsshr.o)
    0x0800d812   0x0800d812   0x00000000   Code   RO         1059    .text               mc_w.l(iusefp.o)
    0x0800d812   0x0800d812   0x0000006e   Code   RO         1060    .text               mf_w.l(fepilogue.o)
    0x0800d880   0x0800d880   0x000000ba   Code   RO         1062    .text               mf_w.l(depilogue.o)
    0x0800d93a   0x0800d93a   0x00000002   PAD
    0x0800d93c   0x0800d93c   0x00000024   Code   RO         1064    .text               mc_w.l(init.o)
    0x0800d960   0x0800d960   0x00000020   Code   RO         1066    .text               mc_w.l(llushr.o)
    0x0800d980   0x0800d980   0x00000056   Code   RO         1076    .text               mc_w.l(__dczerorl2.o)
    0x0800d9d6   0x0800d9d6   0x0000000e   Code   RO         1070    i.__scatterload_copy  mc_w.l(handlers.o)
    0x0800d9e4   0x0800d9e4   0x00000002   Code   RO         1071    i.__scatterload_null  mc_w.l(handlers.o)
    0x0800d9e6   0x0800d9e6   0x0000000e   Code   RO         1072    i.__scatterload_zeroinit  mc_w.l(handlers.o)
    0x0800d9f4   0x0800d9f4   0x00000404   Data   RO          443    .constdata          ano_math.o
    0x0800ddf8   0x0800ddf8   0x00000048   Data   RO          856    .conststring        misc.o
    0x0800de40   0x0800de40   0x00000051   Data   RO          873    .conststring        stm32f4xx_adc.o
    0x0800de91   0x0800de91   0x00000003   PAD
    0x0800de94   0x0800de94   0x00000051   Data   RO          890    .conststring        stm32f4xx_dma.o
    0x0800dee5   0x0800dee5   0x00000003   PAD
    0x0800dee8   0x0800dee8   0x00000052   Data   RO          907    .conststring        stm32f4xx_exti.o
    0x0800df3a   0x0800df3a   0x00000002   PAD
    0x0800df3c   0x0800df3c   0x00000052   Data   RO          941    .conststring        stm32f4xx_gpio.o
    0x0800df8e   0x0800df8e   0x00000002   PAD
    0x0800df90   0x0800df90   0x00000051   Data   RO          958    .conststring        stm32f4xx_rcc.o
    0x0800dfe1   0x0800dfe1   0x00000003   PAD
    0x0800dfe4   0x0800dfe4   0x00000051   Data   RO          994    .conststring        stm32f4xx_tim.o
    0x0800e035   0x0800e035   0x00000003   PAD
    0x0800e038   0x0800e038   0x00000053   Data   RO         1011    .conststring        stm32f4xx_usart.o
    0x0800e08b   0x0800e08b   0x00000001   PAD
    0x0800e08c   0x0800e08c   0x00000020   Data   RO         1068    Region$$Table       anon$$obj.o


    Execution Region RW_IRAM1 (Exec base: 0x20000000, Load base: 0x0800e0ac, Size: 0x00001b50, Max: 0x00020000, ABSOLUTE, COMPRESSED[0x0000010c])

    Exec Addr    Load Addr    Size         Type   Attr      Idx    E Section Name        Object

    0x20000000   COMPRESSED   0x00000054   Data   RW          131    .data               ano_scheduler.o
    0x20000054   COMPRESSED   0x000000f4   Data   RW          237    .data               user_task.o
    0x20000148   COMPRESSED   0x00000006   Data   RW          269    .data               ano_dt_lx.o
    0x2000014e   COMPRESSED   0x00000012   Data   RW          315    .data               ano_lx.o
    0x20000160   COMPRESSED   0x00000004   Data   RW          358    .data               lx_fc_ext_sensor.o
    0x20000164   COMPRESSED   0x00000002   Data   RW          380    .data               lx_fc_fun.o
    0x20000166   COMPRESSED   0x00000006   Data   RW          398    .data               lx_fc_state.o
    0x2000016c   COMPRESSED   0x00000064   Data   RW          421    .data               ano_pid.o
    0x200001d0   COMPRESSED   0x00000012   Data   RW          480    .data               drv_bsp.o
    0x200001e2   COMPRESSED   0x00000003   Data   RW          532    .data               drv_anoof.o
    0x200001e5   COMPRESSED   0x00000001   PAD
    0x200001e6   COMPRESSED   0x0000001f   Data   RW          575    .data               drv_openmv.o
    0x20000205   COMPRESSED   0x00000001   PAD
    0x20000206   COMPRESSED   0x00000011   Data   RW          602    .data               drv_ctrl.o
    0x20000217   COMPRESSED   0x00000001   PAD
    0x20000218   COMPRESSED   0x00000008   Data   RW          640    .data               drv_sys.o
    0x20000220   COMPRESSED   0x0000000c   Data   RW          687    .data               drv_led.o
    0x2000022c   COMPRESSED   0x00000004   Data   RW          725    .data               drv_rcin.o
    0x20000230   COMPRESSED   0x00000014   Data   RW          766    .data               drv_uart.o
    0x20000244   COMPRESSED   0x0000000a   Data   RW          805    .data               motor.o
    0x2000024e   COMPRESSED   0x00000002   PAD
    0x20000250   COMPRESSED   0x00000014   Data   RW          834    .data               system_stm32f4xx.o
    0x20000264   COMPRESSED   0x00000010   Data   RW          959    .data               stm32f4xx_rcc.o
    0x20000274        -       0x00000750   Zero   RW          268    .bss                ano_dt_lx.o
    0x200009c4        -       0x0000002e   Zero   RW          314    .bss                ano_lx.o
    0x200009f2        -       0x00000030   Zero   RW          357    .bss                lx_fc_ext_sensor.o
    0x20000a22        -       0x0000000b   Zero   RW          397    .bss                lx_fc_state.o
    0x20000a2d   COMPRESSED   0x00000003   PAD
    0x20000a30        -       0x000000a0   Zero   RW          420    .bss                ano_pid.o
    0x20000ad0        -       0x0000006b   Zero   RW          479    .bss                drv_bsp.o
    0x20000b3b   COMPRESSED   0x00000001   PAD
    0x20000b3c        -       0x0000007c   Zero   RW          531    .bss                drv_anoof.o
    0x20000bb8        -       0x00000028   Zero   RW          574    .bss                drv_openmv.o
    0x20000be0        -       0x00000014   Zero   RW          601    .bss                drv_ctrl.o
    0x20000bf4        -       0x00000064   Zero   RW          665    .bss                drv_adc.o
    0x20000c58        -       0x000006f4   Zero   RW          765    .bss                drv_uart.o
    0x2000134c   COMPRESSED   0x00000004   PAD
    0x20001350        -       0x00000800   Zero   RW          825    STACK               startup_stm32f4xx.o


==============================================================================

Image component sizes


      Code (inc. data)   RO Data    RW Data    ZI Data      Debug   Object Name

      2084         90          0          6       1872       6254   ano_dt_lx.o
      1204        108          0         18         46       3045   ano_lx.o
      2172        142       1028          0          0       7870   ano_math.o
       548         50          0        100        160       3535   ano_pid.o
      1076        100          0         84          0     219864   ano_scheduler.o
       404         36          0          0        100       1893   drv_adc.o
       832         36          0          3        124       3158   drv_anoof.o
       124          4          0          0          0        739   drv_beep.o
      1228         58          0         18        107       3586   drv_bsp.o
       572         30          0         17         20       2445   drv_ctrl.o
       284         12          0         12          0       2550   drv_led.o
       760         40          0         31         40       3000   drv_openmv.o
       892         38          0          0          0       1843   drv_pwmout.o
       484         20          0          4          0       1460   drv_rcin.o
       264         12          0          8          0      20381   drv_sys.o
       140          4          0          0          0        927   drv_timer.o
      2640        170          0         20       1780       9085   drv_uart.o
       228         30          0          4         48       2667   lx_fc_ext_sensor.o
      1152         24          0          2          0       4806   lx_fc_fun.o
       644         30          0          6         11       2071   lx_fc_state.o
        52          4          0          0          0     297765   main.o
       448         30         72          0          0       2313   misc.o
       132          6          0         10          0       1318   motor.o
        36          8        392          0       2048        968   startup_stm32f4xx.o
      4060        104         81          0          0      13626   stm32f4xx_adc.o
      4968        316         81          0          0       9237   stm32f4xx_dma.o
       724         14         82          0          0       2991   stm32f4xx_exti.o
      2248         86         82          0          0       5693   stm32f4xx_gpio.o
       124          4          0          0          0       2354   stm32f4xx_it.o
      3324        218         81         16          0      13847   stm32f4xx_rcc.o
     12780        628         81          0          0      31480   stm32f4xx_tim.o
      3620        116         83          0          0      10360   stm32f4xx_usart.o
       528         46          0         20          0       2251   system_stm32f4xx.o
      3312        324          0        244          0       5593   user_task.o

    ----------------------------------------------------------------------
     54088       2938       2112        628       6364     700975   Object Totals
         0          0         32          0          0          0   (incl. Generated)
         0          0         17          5          8          0   (incl. Padding)

    ----------------------------------------------------------------------

      Code (inc. data)   RO Data    RW Data    ZI Data      Debug   Library Member Name

        86          0          0          0          0          0   __dczerorl2.o
         0          0          0          0          0          0   entry.o
         0          0          0          0          0          0   entry10a.o
         0          0          0          0          0          0   entry11a.o
         8          4          0          0          0          0   entry2.o
         4          0          0          0          0          0   entry5.o
         0          0          0          0          0          0   entry7b.o
         0          0          0          0          0          0   entry8b.o
         8          4          0          0          0          0   entry9a.o
        30          0          0          0          0          0   handlers.o
        36          8          0          0          0         68   init.o
         0          0          0          0          0          0   iusefp.o
        30          0          0          0          0         68   llshl.o
        36          0          0          0          0         68   llsshr.o
        32          0          0          0          0         68   llushr.o
        48          0          0          0          0         68   cdcmple.o
        48          0          0          0          0         68   cdrcmple.o
        56          0          0          0          0         88   d2f.o
       334          0          0          0          0        148   dadd.o
       186          0          0          0          0        176   depilogue.o
        34          0          0          0          0         76   dflti.o
       228          0          0          0          0         96   dmul.o
       110          0          0          0          0        168   fepilogue.o

    ----------------------------------------------------------------------
      1316         16          0          0          0       1160   Library Totals
         2          0          0          0          0          0   (incl. Padding)

    ----------------------------------------------------------------------

      Code (inc. data)   RO Data    RW Data    ZI Data      Debug   Library Name

       270         16          0          0          0        272   mc_w.l
      1044          0          0          0          0        888   mf_w.l

    ----------------------------------------------------------------------
      1316         16          0          0          0       1160   Library Totals

    ----------------------------------------------------------------------

==============================================================================


      Code (inc. data)   RO Data    RW Data    ZI Data      Debug   

     55404       2954       2112        628       6364     696399   Grand Totals
     55404       2954       2112        268       6364     696399   ELF Image Totals (compressed)
     55404       2954       2112        268          0          0   ROM Totals

==============================================================================

    Total RO  Size (Code + RO Data)                57516 (  56.17kB)
    Total RW  Size (RW Data + ZI Data)              6992 (   6.83kB)
    Total ROM Size (Code + RO Data + RW Data)      57784 (  56.43kB)

==============================================================================

